Archive member included to satisfy reference by file (symbol)

C:/devkitPro/libogc/lib/cube\libogc.a(video.o)
                              main.o (VIDEO_Init)
C:/devkitPro/libogc/lib/cube\libogc.a(pad.o)
                              main.o (PAD_Init)
C:/devkitPro/libogc/lib/cube\libogc.a(cache_asm.o)
                              main.o (DCFlushRange)
C:/devkitPro/libogc/lib/cube\libogc.a(system.o)
                              C:/devkitPro/libogc/lib/cube\libogc.a(video.o) (__SYS_LockSram)
C:/devkitPro/libogc/lib/cube\libogc.a(system_asm.o)
                              C:/devkitPro/libogc/lib/cube\libogc.a(system.o) (__reset)
C:/devkitPro/libogc/lib/cube\libogc.a(cond.o)
                              C:/devkitPro/libogc/lib/cube\libogc.a(system.o) (__lwp_cond_init)
C:/devkitPro/libogc/lib/cube\libogc.a(gx.o)
                              main.o (GX_Flush)
C:/devkitPro/libogc/lib/cube\libogc.a(gu.o)
                              main.o (guPerspective)
C:/devkitPro/libogc/lib/cube\libogc.a(gu_psasm.o)
                              main.o (ps_guMtxConcat)
C:/devkitPro/libogc/lib/cube\libogc.a(decrementer.o)
                              C:/devkitPro/libogc/lib/cube\libogc.a(system.o) (__decrementer_init)
C:/devkitPro/libogc/lib/cube\libogc.a(message.o)
                              C:/devkitPro/libogc/lib/cube\libogc.a(system.o) (__lwp_mqbox_init)
C:/devkitPro/libogc/lib/cube\libogc.a(si.o)
                              C:/devkitPro/libogc/lib/cube\libogc.a(pad.o) (SI_Busy)
C:/devkitPro/libogc/lib/cube\libogc.a(tpl.o)
                              main.o (TPL_OpenTPLFromMemory)
C:/devkitPro/libogc/lib/cube\libogc.a(ogc_crt0.o)
                              (_start)
C:/devkitPro/libogc/lib/cube\libogc.a(timesupp.o)
                              C:/devkitPro/libogc/lib/cube\libogc.a(system.o) (gettick)
C:/devkitPro/libogc/lib/cube\libogc.a(lock_supp.o)
                              C:/devkitPro/libogc/lib/cube\libogc.a(system.o) (__syscall_lock_init)
C:/devkitPro/libogc/lib/cube\libogc.a(sbrk.o)
                              C:/devkitPro/libogc/lib/cube\libogc.a(system.o) (_sbrk_r)
C:/devkitPro/libogc/lib/cube\libogc.a(malloc_lock.o)
                              C:/devkitPro/libogc/lib/cube\libogc.a(system.o) (__memlock_init)
C:/devkitPro/libogc/lib/cube\libogc.a(argv.o)
                              C:/devkitPro/libogc/lib/cube\libogc.a(ogc_crt0.o) (__CheckARGV)
C:/devkitPro/libogc/lib/cube\libogc.a(lwp_priority.o)
                              C:/devkitPro/libogc/lib/cube\libogc.a(system.o) (__lwp_priority_init)
C:/devkitPro/libogc/lib/cube\libogc.a(lwp_threadq.o)
                              C:/devkitPro/libogc/lib/cube\libogc.a(cond.o) (__lwp_threadqueue_init)
C:/devkitPro/libogc/lib/cube\libogc.a(lwp_threads.o)
                              C:/devkitPro/libogc/lib/cube\libogc.a(cond.o) (_thr_executing)
C:/devkitPro/libogc/lib/cube\libogc.a(lwp_messages.o)
                              C:/devkitPro/libogc/lib/cube\libogc.a(message.o) (__lwpmq_initialize)
C:/devkitPro/libogc/lib/cube\libogc.a(lwp.o)
                              C:/devkitPro/libogc/lib/cube\libogc.a(system.o) (__lwp_sysinit)
C:/devkitPro/libogc/lib/cube\libogc.a(lwp_handler.o)
                              C:/devkitPro/libogc/lib/cube\libogc.a(lwp_threads.o) (_cpu_context_save_fp)
C:/devkitPro/libogc/lib/cube\libogc.a(lwp_stack.o)
                              C:/devkitPro/libogc/lib/cube\libogc.a(lwp_threads.o) (__lwp_stack_allocate)
C:/devkitPro/libogc/lib/cube\libogc.a(lwp_mutex.o)
                              C:/devkitPro/libogc/lib/cube\libogc.a(malloc_lock.o) (__lwp_mutex_initialize)
C:/devkitPro/libogc/lib/cube\libogc.a(lwp_watchdog.o)
                              C:/devkitPro/libogc/lib/cube\libogc.a(system.o) (__lwp_watchdog_init)
C:/devkitPro/libogc/lib/cube\libogc.a(lwp_wkspace.o)
                              C:/devkitPro/libogc/lib/cube\libogc.a(lwp_messages.o) (__wkspace_heap)
C:/devkitPro/libogc/lib/cube\libogc.a(lwp_objmgr.o)
                              C:/devkitPro/libogc/lib/cube\libogc.a(system.o) (__lwp_objmgr_initinfo)
C:/devkitPro/libogc/lib/cube\libogc.a(lwp_heap.o)
                              C:/devkitPro/libogc/lib/cube\libogc.a(lwp_wkspace.o) (__lwp_heap_init)
C:/devkitPro/libogc/lib/cube\libogc.a(sys_state.o)
                              C:/devkitPro/libogc/lib/cube\libogc.a(system.o) (_sys_state_curr)
C:/devkitPro/libogc/lib/cube\libogc.a(exception.o)
                              C:/devkitPro/libogc/lib/cube\libogc.a(system.o) (__systemcall_init)
C:/devkitPro/libogc/lib/cube\libogc.a(irq.o)
                              C:/devkitPro/libogc/lib/cube\libogc.a(video.o) (__UnmaskIrq)
C:/devkitPro/libogc/lib/cube\libogc.a(irq_handler.o)
                              C:/devkitPro/libogc/lib/cube\libogc.a(exception.o) (irq_exceptionhandler)
C:/devkitPro/libogc/lib/cube\libogc.a(semaphore.o)
[...]
Memory Configuration

Name             Origin             Length             Attributes
*default*        0x00000000         0xffffffff

Linker script and memory map

                0x80003100                        . = 0x80003100

.init           0x80003100      0x194
 *crt0.o(*.init)
 .init          0x80003100      0x170 C:/devkitPro/libogc/lib/cube\libogc.a(ogc_crt0.o)
                0x80003100                _start
                0x80003240                _memset
 *(.init)
 .init          0x80003270        0xc C:/devkitPro/devkitPPC/bin/../lib/gcc/powerpc-eabi/13.2.0/ecrti.o
                0x80003270                __init
 .init          0x8000327c        0x4 C:/devkitPro/devkitPPC/bin/../lib/gcc/powerpc-eabi/13.2.0/crtbegin.o
 .init          0x80003280        0x4 C:/devkitPro/devkitPPC/bin/../lib/gcc/powerpc-eabi/13.2.0/crtend.o
 .init          0x80003284       0x10 C:/devkitPro/devkitPPC/bin/../lib/gcc/powerpc-eabi/13.2.0/ecrtn.o

.rela.dyn       0x80003294        0x0
 .rela.iplt     0x80003294        0x0 C:/devkitPro/devkitPPC/bin/../lib/gcc/powerpc-eabi/13.2.0/crtbegin.o

.plt
 *(.plt)

.interp
 *(.interp)

.hash
 *(.hash)

.dynsym
 *(.dynsym)

.dynstr
 *(.dynstr)

.gnu.version
 *(.gnu.version)

.gnu.version_d
 *(.gnu.version_d)

.gnu.version_r
 *(.gnu.version_r)

.rel.init
 *(.rel.init)

.rela.init
 *(.rela.init)

.rel.text
 *(.rel.text .rel.text.* .rel.gnu.linkonce.t.*)

.rela.text      0x80003294        0x0
 *(.rela.text .rela.text.* .rela.gnu.linkonce.t.*)
 .rela.text.__do_global_dtors_aux
                0x80003294        0x0 C:/devkitPro/devkitPPC/bin/../lib/gcc/powerpc-eabi/13.2.0/crtbegin.o
 .rela.text.frame_dummy
                0x80003294        0x0 C:/devkitPro/devkitPPC/bin/../lib/gcc/powerpc-eabi/13.2.0/crtbegin.o

.rel.fini
 *(.rel.fini)

.rela.fini
 *(.rela.fini)

.rel.rodata
 *(.rel.rodata .rel.rodata.* .rel.gnu.linkonce.r.*)

.rela.rodata
 *(.rela.rodata .rela.rodata.* .rela.gnu.linkonce.r.*)

.rel.data
 *(.rel.data .rel.data.* .rel.gnu.linkonce.d.*)

.rela.data
 *(.rela.data .rela.data.* .rela.gnu.linkonce.d.*)

.rel.tdata
 *(.rel.tdata .rel.tdata.* .rel.gnu.linkonce.td.*)

.rela.tdata
 *(.rela.tdata .rela.tdata.* .rela.gnu.linkonce.td.*)

.rel.tbss
 *(.rel.tbss .rel.tbss.* .rel.gnu.linkonce.tb.*)

.rela.tbss
 *(.rela.tbss .rela.tbss.* .rela.gnu.linkonce.tb.*)

.rel.ctors
 *(.rel.ctors)

.rela.ctors
 *(.rela.ctors)

.rel.dtors
 *(.rel.dtors)

.rela.dtors
 *(.rela.dtors)

.rel.got
 *(.rel.got)

.rela.got
 *(.rela.got)

.rela.got1
 *(.rela.got1)

.rela.got2
 *(.rela.got2)

.rel.sdata
 *(.rel.sdata .rel.sdata.* .rel.gnu.linkonce.s.*)

.rela.sdata
 *(.rela.sdata .rela.sdata.* .rela.gnu.linkonce.s.*)

.rel.sbss
 *(.rel.sbss .rel.sbss.* .rel.gnu.linkonce.sb.*)

.rela.sbss
 *(.rela.sbss .rela.sbss.* .rel.gnu.linkonce.sb.*)

.rel.sdata2
 *(.rel.sdata2 .rel.sdata2.* .rel.gnu.linkonce.s2.*)

.rela.sdata2
 *(.rela.sdata2 .rela.sdata2.* .rela.gnu.linkonce.s2.*)

.rel.sbss2
 *(.rel.sbss2 .rel.sbss2.* .rel.gnu.linkonce.sb2.*)

.rela.sbss2
 *(.rela.sbss2 .rela.sbss2.* .rela.gnu.linkonce.sb2.*)

.rel.bss
 *(.rel.bss .rel.bss.* .rel.gnu.linkonce.b.*)

.rela.bss
 *(.rela.bss .rela.bss.* .rela.gnu.linkonce.b.*)

.rel.plt
 *(.rel.plt)

.rela.plt
 *(.rela.plt)

.text           0x800032a0    0x1c920
 *(.text)
 .text          0x800032a0      0x4f4 C:/devkitPro/libogc/lib/cube\libogc.a(cache_asm.o)
                0x800032a0                DCFlashInvalidate
                0x800032b4                DCEnable
                0x800032c8                DCDisable
                0x800032dc                DCFreeze
                0x800032f0                DCUnfreeze
                0x80003304                DCTouchLoad
                0x8000330c                DCBlockZero
                0x80003314                DCBlockStore
                0x8000331c                DCBlockFlush
                0x80003324                DCBlockInvalidate
                0x8000332c                DCInvalidateRange
                0x8000335c                DCFlushRange
                0x80003390                DCStoreRange
                0x800033c4                DCFlushRangeNoSync
                0x800033f4                DCStoreRangeNoSync
                0x80003424                DCZeroRange
                0x80003454                DCTouchRange
                0x80003484                ICInvalidateRange
                0x800034bc                ICFlashInvalidate
                0x800034d0                ICEnable
                0x800034e4                ICDisable
                0x800034f8                ICFreeze
                0x8000350c                ICUnfreeze
                0x80003520                ICBlockInvalidate
                0x80003528                ICSync
                0x80003530                L2Init
                0x80003578                L2Enable
                0x80003594                L2Disable
                0x800035ac                L2GlobalInvalidate
                0x80003604                __LCEnable
                0x800036d0                LCDisable
                0x800036f8                LCAllocOneTag
                0x8000370c                LCAllocTags
                0x8000374c                LCLoadBlocks
                0x80003770                LCStoreBlocks
 .text          0x80003794      0x434 C:/devkitPro/libogc/lib/cube\libogc.a(system_asm.o)
                0x80003794                __realmode
                0x800037ac                __configBATS
                0x80003880                __InitFPRS
                0x800039ac                __InitPS
                0x80003a08                __InitCache
                0x80003a60                __InitSystem
                0x80003ad8                __flush_cache
                0x80003b0c                __reset
                0x80003b7c                __InitBATS
                0x80003b98                SYS_SwitchFiber
 .text          0x80003bc8      0x8dc C:/devkitPro/libogc/lib/cube\libogc.a(gu_psasm.o)
                0x80003bc8                ps_guMtxConcat
                0x80003c8c                ps_guMtxIdentity
                0x80003cb8                ps_guMtxCopy
                0x80003cec                ps_guMtxTranspose
                0x80003d3c                ps_guMtxInverse
                0x80003e34                ps_guMtxInvXpose
                0x80003efc                ps_guMtxScale
                0x80003f24                ps_guMtxScaleApply
                0x80003f7c                ps_guMtxApplyScale
                0x80003fe0                ps_guMtxTrans
                0x80004014                ps_guMtxTransApply
                0x80004060                ps_guMtxApplyTrans
                0x800040dc                ps_guMtxRotTrig
                0x8000418c                __ps_guMtxRotAxisRadInternal
                0x8000424c                ps_guMtxReflect
                0x800042bc                ps_guVecAdd
                0x800042e0                ps_guVecSub
                0x80004304                ps_guVecScale
                0x80004320                ps_guVecNormalize
                0x80004364                ps_guVecCross
                0x800043a0                ps_guVecDotProduct
                0x800043c0                ps_guVecMultiply
                0x80004414                ps_guVecMultiplySR
                0x80004484                ps_guQuatDotProduct
 *fill*         0x800044a4       0x1c 00000000
 .text          0x800044c0      0x44c C:/devkitPro/libogc/lib/cube\libogc.a(lwp_handler.o)
                0x800044c0                _cpu_context_save_fp
                0x80004600                _cpu_context_restore_fp
                0x80004740                _cpu_context_switch
                0x80004820                _cpu_context_save
                0x800048a0                _cpu_context_restore
 .text          0x8000490c      0x1ac C:/devkitPro/libogc/lib/cube\libogc.a(irq_handler.o)
                0x8000490c                irq_exceptionhandler
 .text          0x80004ab8      0x1ac C:/devkitPro/libogc/lib/cube\libogc.a(decrementer_handler.o)
                0x80004ab8                dec_exceptionhandler
 .text          0x80004c64      0x35c C:/devkitPro/libogc/lib/cube\libogc.a(exception_handler.o)
                0x80004c64                exceptionhandler_start
                0x80004ce0                exceptionhandler_patch
                0x80004d14                exceptionhandler_end
                0x80004d18                default_exceptionhandler
                0x80004e48                fpu_exceptionhandler
                0x80004f90                systemcallhandler_start
                0x80004fbc                systemcallhandler_end
 .text          0x80004fc0       0x48 C:/devkitPro/devkitPPC/bin/../lib/gcc/powerpc-eabi/13.2.0\libgcc.a(eabi.o)
                0x80004fc0                __eabi
 *(.text.*)
 .text.__do_global_dtors_aux
                0x80005008       0xcc C:/devkitPro/devkitPPC/bin/../lib/gcc/powerpc-eabi/13.2.0/crtbegin.o
 .text.frame_dummy
                0x800050d4       0x24 C:/devkitPro/devkitPPC/bin/../lib/gcc/powerpc-eabi/13.2.0/crtbegin.o
 .text.__crtmain
                0x800050f8       0x44 C:/devkitPro/devkitPPC/bin/../lib/gcc/powerpc-eabi/13.2.0/../../../../powerpc-eabi/lib/crtmain.o
                0x800050fc                __crtmain
 .text.nullfunc
                0x8000513c        0x4 main.o
                0x8000513c                nullfunc
 .text.changeDrawMode
                0x80005140       0x24 main.o
                0x80005140                changeDrawMode
 .text.buildVertex
                0x80005164       0x60 main.o
                0x80005164                buildVertex
 .text.buildTriangle
                0x800051c4       0xa8 main.o
                0x800051c4                buildTriangle
 .text.buildModel
                0x8000526c       0xe0 main.o
                0x8000526c                buildModel
 .text.drawTriangle
                0x8000534c       0xd4 main.o
                0x8000534c                drawTriangle
 .text.translateModel
                0x80005420       0x98 main.o
                0x80005420                translateModel
 .text.LoadModelView
                0x800054b8       0xb8 main.o
                0x800054b8                LoadModelView
 .text.moveCam  0x80005570      0x150 main.o
                0x80005570                moveCam
 .text.initHandler
                0x800056c0       0x44 main.o
                0x800056c0                initHandler
 .text.handleInput
                0x80005704      0x138 main.o
                0x80005704                handleInput
 .text.generateBoundingBox
                0x8000583c      0x160 main.o
                0x8000583c                generateBoundingBox
 .text.GetMax   0x8000599c       0x60 main.o
                0x8000599c                GetMax
 .text.GetMin   0x800059fc       0x60 main.o
                0x800059fc                GetMin
 .text.checkCollision
                0x80005a5c      0x138 main.o
                0x80005a5c                checkCollision
 .text.startup.main
                0x80005b94      0x600 main.o
                0x80005b94                main
 .text.__VIRetraceHandler
                0x80006194      0x1fc C:/devkitPro/libogc/lib/cube\libogc.a(video.o)
 .text.__setFbbRegs.constprop.0
                0x80006390      0x190 C:/devkitPro/libogc/lib/cube\libogc.a(video.o)
 .text.VIDEO_Init
                0x80006520      0x4c8 C:/devkitPro/libogc/lib/cube\libogc.a(video.o)
                0x80006520                VIDEO_Init
 .text.VIDEO_Configure
                0x800069e8      0x5ec C:/devkitPro/libogc/lib/cube\libogc.a(video.o)
                0x800069e8                VIDEO_Configure
 .text.VIDEO_WaitVSync
                0x80006fd4       0x74 C:/devkitPro/libogc/lib/cube\libogc.a(video.o)
                0x80006fd4                VIDEO_WaitVSync
 .text.VIDEO_SetFramebuffer
                0x80007048      0x108 C:/devkitPro/libogc/lib/cube\libogc.a(video.o)
                0x80007048                VIDEO_SetFramebuffer
 .text.VIDEO_SetNextFramebuffer
                0x80007150       0x70 C:/devkitPro/libogc/lib/cube\libogc.a(video.o)
                0x80007150                VIDEO_SetNextFramebuffer
 .text.VIDEO_Flush
                0x800071c0       0xf4 C:/devkitPro/libogc/lib/cube\libogc.a(video.o)
                0x800071c0                VIDEO_Flush
 .text.VIDEO_SetBlack
                0x800072b4      0x15c C:/devkitPro/libogc/lib/cube\libogc.a(video.o)
                0x800072b4                VIDEO_SetBlack
 .text.VIDEO_GetCurrentTvMode
                0x80007410       0x78 C:/devkitPro/libogc/lib/cube\libogc.a(video.o)
                0x80007410                VIDEO_GetCurrentTvMode
 .text.VIDEO_GetPreferredMode
                0x80007488       0xf8 C:/devkitPro/libogc/lib/cube\libogc.a(video.o)
                0x80007488                VIDEO_GetPreferredMode
 .text.VIDEO_GetCurrentLine
                0x80007580       0x9c C:/devkitPro/libogc/lib/cube\libogc.a(video.o)
                0x80007580                VIDEO_GetCurrentLine
 .text.VIDEO_GetFrameBufferSize
                0x8000761c       0x34 C:/devkitPro/libogc/lib/cube\libogc.a(video.o)
                0x8000761c                VIDEO_GetFrameBufferSize
 .text.SPEC1_MakeStatus
                0x80007650      0x104 C:/devkitPro/libogc/lib/cube\libogc.a(pad.o)
 .text.__pad_samplinghandler
                0x80007754        0x4 C:/devkitPro/libogc/lib/cube\libogc.a(pad.o)
 .text.__pad_doreset
                0x80007758       0x50 C:/devkitPro/libogc/lib/cube\libogc.a(pad.o)
 .text.__pad_updateorigin
                0x800077a8       0xa4 C:/devkitPro/libogc/lib/cube\libogc.a(pad.o)
 .text.__pad_disable
                0x8000784c       0xbc C:/devkitPro/libogc/lib/cube\libogc.a(pad.o)
 .text.__pad_receivecheckcallback
                0x80007908       0x84 C:/devkitPro/libogc/lib/cube\libogc.a(pad.o)
 .text.__pad_typeandstatuscallback
                0x8000798c      0x1ac C:/devkitPro/libogc/lib/cube\libogc.a(pad.o)
 .text.__pad_originupdatecallback
                0x80007b38       0x2c C:/devkitPro/libogc/lib/cube\libogc.a(pad.o)
 .text.__pad_onreset
                0x80007b64      0x108 C:/devkitPro/libogc/lib/cube\libogc.a(pad.o)
 .text.SPEC2_MakeStatus
                0x80007c6c      0x214 C:/devkitPro/libogc/lib/cube\libogc.a(pad.o)
 .text.__pad_origincallback
                0x80007e80       0x74 C:/devkitPro/libogc/lib/cube\libogc.a(pad.o)
 .text.__pad_probecallback
                0x80007ef4       0x88 C:/devkitPro/libogc/lib/cube\libogc.a(pad.o)
 .text.__PADDisableRecalibration
                0x80007f7c       0x64 C:/devkitPro/libogc/lib/cube\libogc.a(pad.o)
                0x80007f7c                __PADDisableRecalibration
 .text.PAD_Reset
                0x80007fe0       0xf0 C:/devkitPro/libogc/lib/cube\libogc.a(pad.o)
                0x80007fe0                PAD_Reset
 .text.PAD_Read
                0x800080d0      0x2d4 C:/devkitPro/libogc/lib/cube\libogc.a(pad.o)
                0x800080d0                PAD_Read
 .text.PAD_Init
                0x800083a4       0xf8 C:/devkitPro/libogc/lib/cube\libogc.a(pad.o)
                0x800083a4                PAD_Init
 .text.PAD_ScanPads
                0x8000849c      0x15c C:/devkitPro/libogc/lib/cube\libogc.a(pad.o)
                0x8000849c                PAD_ScanPads
 .text.PAD_ButtonsDown
                0x800085f8       0x40 C:/devkitPro/libogc/lib/cube\libogc.a(pad.o)
                0x800085f8                PAD_ButtonsDown
 .text.PAD_ButtonsHeld
                0x80008638       0x40 C:/devkitPro/libogc/lib/cube\libogc.a(pad.o)
                0x80008638                PAD_ButtonsHeld
 .text.PAD_SubStickX
                0x80008678       0x40 C:/devkitPro/libogc/lib/cube\libogc.a(pad.o)
                0x80008678                PAD_SubStickX
 .text.PAD_StickX
                0x800086b8       0x40 C:/devkitPro/libogc/lib/cube\libogc.a(pad.o)
                0x800086b8                PAD_StickX
 .text.PAD_StickY
                0x800086f8       0x40 C:/devkitPro/libogc/lib/cube\libogc.a(pad.o)
                0x800086f8                PAD_StickY
 .text.__call_resetfuncs
                0x80008738       0xbc C:/devkitPro/libogc/lib/cube\libogc.a(system.o)
 .text.__MEMInterruptHandler
                0x800087f4       0x14 C:/devkitPro/libogc/lib/cube\libogc.a(system.o)
 .text.__RSWDefaultHandler
                0x80008808        0x4 C:/devkitPro/libogc/lib/cube\libogc.a(system.o)
 .text.__getrtc
                0x8000880c      0x13c C:/devkitPro/libogc/lib/cube\libogc.a(system.o)
 .text.__sram_write
                0x80008948      0x130 C:/devkitPro/libogc/lib/cube\libogc.a(system.o)
 .text.__sram_writecallback
                0x80008a78       0x54 C:/devkitPro/libogc/lib/cube\libogc.a(system.o)
 .text.__RSWHandler
                0x80008acc       0xfc C:/devkitPro/libogc/lib/cube\libogc.a(system.o)
 .text.__mem_onreset
                0x80008bc8       0x48 C:/devkitPro/libogc/lib/cube\libogc.a(system.o)
 .text.__unlocksram
                0x80008c10      0x174 C:/devkitPro/libogc/lib/cube\libogc.a(system.o)
 .text.__sys_alarmhandler
                0x80008d84      0x154 C:/devkitPro/libogc/lib/cube\libogc.a(system.o)
 .text.__syscall_malloc_lock
                0x80008ed8        0x4 C:/devkitPro/libogc/lib/cube\libogc.a(system.o)
                0x80008ed8                __syscall_malloc_lock
 .text.__syscall_malloc_unlock
                0x80008edc        0x4 C:/devkitPro/libogc/lib/cube\libogc.a(system.o)
                0x80008edc                __syscall_malloc_unlock
 .text.__SYS_LockSram
                0x80008ee0       0x5c C:/devkitPro/libogc/lib/cube\libogc.a(system.o)
                0x80008ee0                __SYS_LockSram
 .text.__SYS_UnlockSram
                0x80008f3c        0x8 C:/devkitPro/libogc/lib/cube\libogc.a(system.o)
                0x80008f3c                __SYS_UnlockSram
 .text.__SYS_GetRTC
                0x80008f44       0xa0 C:/devkitPro/libogc/lib/cube\libogc.a(system.o)
                0x80008f44                __SYS_GetRTC
 .text.__SYS_SetBootTime
                0x80008fe4      0x160 C:/devkitPro/libogc/lib/cube\libogc.a(system.o)
                0x80008fe4                __SYS_SetBootTime
 .text.__SYS_PreInit
                0x80009144        0x4 C:/devkitPro/libogc/lib/cube\libogc.a(system.o)
                0x80009144                __SYS_PreInit
 .text.SYS_PreMain
                0x80009148        0x4 C:/devkitPro/libogc/lib/cube\libogc.a(system.o)
                0x80009148                SYS_PreMain
 .text.SYS_ResetButtonDown
                0x8000914c       0x18 C:/devkitPro/libogc/lib/cube\libogc.a(system.o)
                0x8000914c                SYS_ResetButtonDown
 .text.SYS_ResetSystem
                0x80009164      0x2fc C:/devkitPro/libogc/lib/cube\libogc.a(system.o)
                0x80009164                SYS_ResetSystem
 .text.__reload
                0x80009460       0x80 C:/devkitPro/libogc/lib/cube\libogc.a(system.o)
                0x80009460                __reload
 .text.__syscall_exit
                0x800094e0       0x90 C:/devkitPro/libogc/lib/cube\libogc.a(system.o)
                0x800094e0                __syscall_exit
 .text.SYS_RegisterResetFunc
                0x80009570       0x78 C:/devkitPro/libogc/lib/cube\libogc.a(system.o)
                0x80009570                SYS_RegisterResetFunc
 .text.SYS_SetArena1Lo
                0x800095e8       0x38 C:/devkitPro/libogc/lib/cube\libogc.a(system.o)
                0x800095e8                SYS_SetArena1Lo
 .text.SYS_GetArena1Lo
                0x80009620       0x38 C:/devkitPro/libogc/lib/cube\libogc.a(system.o)
                0x80009620                SYS_GetArena1Lo
 .text.SYS_GetArena1Hi
                0x80009658       0x38 C:/devkitPro/libogc/lib/cube\libogc.a(system.o)
                0x80009658                SYS_GetArena1Hi
 .text.SYS_AllocateFramebuffer
                0x80009690       0x28 C:/devkitPro/libogc/lib/cube\libogc.a(system.o)
                0x80009690                SYS_AllocateFramebuffer
 .text.SYS_CreateAlarm
                0x800096b8       0xf0 C:/devkitPro/libogc/lib/cube\libogc.a(system.o)
                0x800096b8                SYS_CreateAlarm
 .text.SYS_SetAlarm
                0x800097a8      0x20c C:/devkitPro/libogc/lib/cube\libogc.a(system.o)
                0x800097a8                SYS_SetAlarm
 .text.SYS_CancelAlarm
                0x800099b4       0xbc C:/devkitPro/libogc/lib/cube\libogc.a(system.o)
                0x800099b4                SYS_CancelAlarm
 .text.SYS_GetWirelessID
                0x80009a70       0x94 C:/devkitPro/libogc/lib/cube\libogc.a(system.o)
                0x80009a70                SYS_GetWirelessID
 .text.SYS_SetWirelessID
                0x80009b04       0x90 C:/devkitPro/libogc/lib/cube\libogc.a(system.o)
                0x80009b04                SYS_SetWirelessID
 .text.SYS_SetGBSMode
                0x80009b94       0xa8 C:/devkitPro/libogc/lib/cube\libogc.a(system.o)
                0x80009b94                SYS_SetGBSMode
 .text.__sram_init
                0x80009c3c      0x1b8 C:/devkitPro/libogc/lib/cube\libogc.a(system.o)
                0x80009c3c                __sram_init
 .text.SYS_Init
                0x80009df4      0x65c C:/devkitPro/libogc/lib/cube\libogc.a(system.o)
                0x80009df4                SYS_Init
 .text.SYS_Time
                0x8000a450       0x78 C:/devkitPro/libogc/lib/cube\libogc.a(system.o)
                0x8000a450                SYS_Time
 .text.__lwp_cond_init
                0x8000a4c8       0x14 C:/devkitPro/libogc/lib/cube\libogc.a(cond.o)
                0x8000a4c8                __lwp_cond_init
 .text.__GXTokenInterruptHandler
                0x8000a4dc       0x6c C:/devkitPro/libogc/lib/cube\libogc.a(gx.o)
 .text.__GXDefTlutRegionCallback
                0x8000a548       0x18 C:/devkitPro/libogc/lib/cube\libogc.a(gx.o)
 .text.__SetSURegs
                0x8000a560       0x90 C:/devkitPro/libogc/lib/cube\libogc.a(gx.o)
 .text.__SETVCDATTR
                0x8000a5f0      0x230 C:/devkitPro/libogc/lib/cube\libogc.a(gx.o)
 .text.__SETVCDFMT
                0x8000a820      0x4cc C:/devkitPro/libogc/lib/cube\libogc.a(gx.o)
 .text.__GXCPInterruptHandler
                0x8000acec      0x17c C:/devkitPro/libogc/lib/cube\libogc.a(gx.o)
 .text.__GXFinishInterruptHandler
                0x8000ae68       0x58 C:/devkitPro/libogc/lib/cube\libogc.a(gx.o)
 .text.__GXDefTexRegionCallback
                0x8000aec0       0x58 C:/devkitPro/libogc/lib/cube\libogc.a(gx.o)
 .text.GX_InitTexObj.part.0
                0x8000af18      0x19c C:/devkitPro/libogc/lib/cube\libogc.a(gx.o)
 .text.__GX_SetDirtyState
                0x8000b0b4      0x6ec C:/devkitPro/libogc/lib/cube\libogc.a(gx.o)
 .text.GX_SetCPUFifo
                0x8000b7a0      0x244 C:/devkitPro/libogc/lib/cube\libogc.a(gx.o)
                0x8000b7a0                GX_SetCPUFifo
 .text.GX_SetGPFifo
                0x8000b9e4      0x2ec C:/devkitPro/libogc/lib/cube\libogc.a(gx.o)
                0x8000b9e4                GX_SetGPFifo
 .text.GX_Flush
                0x8000bcd0       0x94 C:/devkitPro/libogc/lib/cube\libogc.a(gx.o)
                0x8000bcd0                GX_Flush
 .text.GX_AbortFrame
                0x8000bd64      0x290 C:/devkitPro/libogc/lib/cube\libogc.a(gx.o)
                0x8000bd64                GX_AbortFrame
 .text.__gx_onreset
                0x8000bff4       0x7c C:/devkitPro/libogc/lib/cube\libogc.a(gx.o)
 .text.GX_DrawDone
                0x8000c070       0xf8 C:/devkitPro/libogc/lib/cube\libogc.a(gx.o)
                0x8000c070                GX_DrawDone
 .text.GX_SetViewport
                0x8000c168       0x78 C:/devkitPro/libogc/lib/cube\libogc.a(gx.o)
                0x8000c168                GX_SetViewport
 .text.GX_LoadProjectionMtx
                0x8000c1e0       0xf0 C:/devkitPro/libogc/lib/cube\libogc.a(gx.o)
                0x8000c1e0                GX_LoadProjectionMtx
 .text.GX_SetCopyClear
                0x8000c2d0       0x4c C:/devkitPro/libogc/lib/cube\libogc.a(gx.o)
                0x8000c2d0                GX_SetCopyClear
 .text.GX_SetDispCopyGamma
                0x8000c31c       0x18 C:/devkitPro/libogc/lib/cube\libogc.a(gx.o)
                0x8000c31c                GX_SetDispCopyGamma
 .text.GX_SetCopyFilter
                0x8000c334      0x268 C:/devkitPro/libogc/lib/cube\libogc.a(gx.o)
                0x8000c334                GX_SetCopyFilter
 .text.GX_SetDispCopyYScale
                0x8000c59c       0xf8 C:/devkitPro/libogc/lib/cube\libogc.a(gx.o)
                0x8000c59c                GX_SetDispCopyYScale
 .text.GX_SetDispCopyDst
                0x8000c694       0x20 C:/devkitPro/libogc/lib/cube\libogc.a(gx.o)
                0x8000c694                GX_SetDispCopyDst
 .text.GX_SetDispCopySrc
                0x8000c6b4       0x38 C:/devkitPro/libogc/lib/cube\libogc.a(gx.o)
                0x8000c6b4                GX_SetDispCopySrc
 .text.GX_CopyDisp
                0x8000c6ec      0x124 C:/devkitPro/libogc/lib/cube\libogc.a(gx.o)
                0x8000c6ec                GX_CopyDisp
 .text.GX_SetArray
                0x8000c810       0x7c C:/devkitPro/libogc/lib/cube\libogc.a(gx.o)
                0x8000c810                GX_SetArray
 .text.GX_SetVtxDesc
                0x8000c88c       0x34 C:/devkitPro/libogc/lib/cube\libogc.a(gx.o)
                0x8000c88c                GX_SetVtxDesc
 .text.GX_SetVtxAttrFmt
                0x8000c8c0       0x54 C:/devkitPro/libogc/lib/cube\libogc.a(gx.o)
                0x8000c8c0                GX_SetVtxAttrFmt
 .text.GX_Begin
                0x8000c914       0x7c C:/devkitPro/libogc/lib/cube\libogc.a(gx.o)
                0x8000c914                GX_Begin
 .text.GX_LoadPosMtxImm
                0x8000c990       0x50 C:/devkitPro/libogc/lib/cube\libogc.a(gx.o)
                0x8000c990                GX_LoadPosMtxImm
 .text.GX_SetNumTexGens
                0x8000c9e0       0x28 C:/devkitPro/libogc/lib/cube\libogc.a(gx.o)
                0x8000c9e0                GX_SetNumTexGens
 .text.GX_InvVtxCache
                0x8000ca08       0x14 C:/devkitPro/libogc/lib/cube\libogc.a(gx.o)
                0x8000ca08                GX_InvVtxCache
 .text.GX_SetZMode
                0x8000ca1c       0x38 C:/devkitPro/libogc/lib/cube\libogc.a(gx.o)
                0x8000ca1c                GX_SetZMode
 .text.GX_InitTexObj
                0x8000ca54        0xc C:/devkitPro/libogc/lib/cube\libogc.a(gx.o)
                0x8000ca54                GX_InitTexObj
 .text.GX_InitTexObjLOD
                0x8000ca60      0x214 C:/devkitPro/libogc/lib/cube\libogc.a(gx.o)
                0x8000ca60                GX_InitTexObjLOD
 .text.GX_InitTexObjWrapMode
                0x8000cc74       0x14 C:/devkitPro/libogc/lib/cube\libogc.a(gx.o)
                0x8000cc74                GX_InitTexObjWrapMode
 .text.GX_LoadTexObjPreloaded
                0x8000cc88      0x158 C:/devkitPro/libogc/lib/cube\libogc.a(gx.o)
                0x8000cc88                GX_LoadTexObjPreloaded
 .text.GX_LoadTexObj
                0x8000cde0       0x5c C:/devkitPro/libogc/lib/cube\libogc.a(gx.o)
                0x8000cde0                GX_LoadTexObj
 .text.GX_InvalidateTexAll
                0x8000ce3c       0x50 C:/devkitPro/libogc/lib/cube\libogc.a(gx.o)
                0x8000ce3c                GX_InvalidateTexAll
 .text.GX_SetBlendMode
                0x8000ce8c       0xcc C:/devkitPro/libogc/lib/cube\libogc.a(gx.o)
                0x8000ce8c                GX_SetBlendMode
 .text.GX_ClearVtxDesc
                0x8000cf58       0x38 C:/devkitPro/libogc/lib/cube\libogc.a(gx.o)
                0x8000cf58                GX_ClearVtxDesc
 .text.GX_SetTevColorIn
                0x8000cf90       0x44 C:/devkitPro/libogc/lib/cube\libogc.a(gx.o)
                0x8000cf90                GX_SetTevColorIn
 .text.GX_SetTevAlphaIn
                0x8000cfd4       0x44 C:/devkitPro/libogc/lib/cube\libogc.a(gx.o)
                0x8000cfd4                GX_SetTevAlphaIn
 .text.GX_SetTevColorOp
                0x8000d018       0x98 C:/devkitPro/libogc/lib/cube\libogc.a(gx.o)
                0x8000d018                GX_SetTevColorOp
 .text.GX_SetTevAlphaOp
                0x8000d0b0       0x98 C:/devkitPro/libogc/lib/cube\libogc.a(gx.o)
                0x8000d0b0                GX_SetTevAlphaOp
 .text.GX_SetTevOp
                0x8000d148      0x16c C:/devkitPro/libogc/lib/cube\libogc.a(gx.o)
                0x8000d148                GX_SetTevOp
 .text.GX_SetCullMode
                0x8000d2b4       0x2c C:/devkitPro/libogc/lib/cube\libogc.a(gx.o)
                0x8000d2b4                GX_SetCullMode
 .text.GX_SetScissor
                0x8000d2e0       0x78 C:/devkitPro/libogc/lib/cube\libogc.a(gx.o)
                0x8000d2e0                GX_SetScissor
 .text.GX_SetNumChans
                0x8000d358       0x28 C:/devkitPro/libogc/lib/cube\libogc.a(gx.o)
                0x8000d358                GX_SetNumChans
 .text.GX_SetTevOrder
                0x8000d380      0x17c C:/devkitPro/libogc/lib/cube\libogc.a(gx.o)
                0x8000d380                GX_SetTevOrder
 .text.GX_SetTevKColorSel
                0x8000d4fc       0x54 C:/devkitPro/libogc/lib/cube\libogc.a(gx.o)
                0x8000d4fc                GX_SetTevKColorSel
 .text.GX_SetTevKAlphaSel
                0x8000d550       0x54 C:/devkitPro/libogc/lib/cube\libogc.a(gx.o)
                0x8000d550                GX_SetTevKAlphaSel
 .text.GX_SetTevSwapModeTable
                0x8000d5a4       0x64 C:/devkitPro/libogc/lib/cube\libogc.a(gx.o)
                0x8000d5a4                GX_SetTevSwapModeTable
 .text.GX_SetFog
                0x8000d608      0x244 C:/devkitPro/libogc/lib/cube\libogc.a(gx.o)
                0x8000d608                GX_SetFog
 .text.GX_SetColorUpdate
                0x8000d84c       0x30 C:/devkitPro/libogc/lib/cube\libogc.a(gx.o)
                0x8000d84c                GX_SetColorUpdate
 .text.GX_SetPixelFmt
                0x8000d87c       0xe0 C:/devkitPro/libogc/lib/cube\libogc.a(gx.o)
                0x8000d87c                GX_SetPixelFmt
 .text.GX_SetFieldMode
                0x8000d95c       0x58 C:/devkitPro/libogc/lib/cube\libogc.a(gx.o)
                0x8000d95c                GX_SetFieldMode
 .text.GX_SetGPMetric
                0x8000d9b4      0x7fc C:/devkitPro/libogc/lib/cube\libogc.a(gx.o)
                0x8000d9b4                GX_SetGPMetric
 .text.GX_Init  0x8000e1b0     0x11e8 C:/devkitPro/libogc/lib/cube\libogc.a(gx.o)
                0x8000e1b0                GX_Init
 .text.guPerspective
                0x8000f398       0xe4 C:/devkitPro/libogc/lib/cube\libogc.a(gu.o)
                0x8000f398                guPerspective
 .text.guLookAt
                0x8000f47c      0x13c C:/devkitPro/libogc/lib/cube\libogc.a(gu.o)
                0x8000f47c                guLookAt
 .text.ps_guMtxRotAxisRad
                0x8000f5b8       0x50 C:/devkitPro/libogc/lib/cube\libogc.a(gu.o)
                0x8000f5b8                ps_guMtxRotAxisRad
 .text.__decrementer_init
                0x8000f608        0x4 C:/devkitPro/libogc/lib/cube\libogc.a(decrementer.o)
                0x8000f608                __decrementer_init
 .text.c_decrementer_handler
                0x8000f60c        0xc C:/devkitPro/libogc/lib/cube\libogc.a(decrementer.o)
                0x8000f60c                c_decrementer_handler
 .text.__lwp_mqbox_init
                0x8000f618       0x14 C:/devkitPro/libogc/lib/cube\libogc.a(message.o)
                0x8000f618                __lwp_mqbox_init
 .text.__si_transfer
                0x8000f62c      0x1a4 C:/devkitPro/libogc/lib/cube\libogc.a(si.o)
 .text.__si_alarmhandler
                0x8000f7d0       0xdc C:/devkitPro/libogc/lib/cube\libogc.a(si.o)
 .text.__si_completetransfer
                0x8000f8ac      0x1fc C:/devkitPro/libogc/lib/cube\libogc.a(si.o)
 .text.__si_transfernext
                0x8000faa8       0xe0 C:/devkitPro/libogc/lib/cube\libogc.a(si.o)
 .text.SI_Busy  0x8000fb88       0x18 C:/devkitPro/libogc/lib/cube\libogc.a(si.o)
                0x8000fb88                SI_Busy
 .text.SI_IsChanBusy
                0x8000fba0       0x38 C:/devkitPro/libogc/lib/cube\libogc.a(si.o)
                0x8000fba0                SI_IsChanBusy
 .text.SI_SetXY
                0x8000fbd8       0x64 C:/devkitPro/libogc/lib/cube\libogc.a(si.o)
                0x8000fbd8                SI_SetXY
 .text.SI_EnablePolling
                0x8000fc3c       0x80 C:/devkitPro/libogc/lib/cube\libogc.a(si.o)
                0x8000fc3c                SI_EnablePolling
 .text.SI_DisablePolling
                0x8000fcbc       0x58 C:/devkitPro/libogc/lib/cube\libogc.a(si.o)
                0x8000fcbc                SI_DisablePolling
 .text.SI_SetSamplingRate
                0x8000fd14       0xd8 C:/devkitPro/libogc/lib/cube\libogc.a(si.o)
                0x8000fd14                SI_SetSamplingRate
 .text.SI_RefreshSamplingRate
                0x8000fdec        0x8 C:/devkitPro/libogc/lib/cube\libogc.a(si.o)
                0x8000fdec                SI_RefreshSamplingRate
 .text.SI_GetStatus
                0x8000fdf4       0x78 C:/devkitPro/libogc/lib/cube\libogc.a(si.o)
                0x8000fdf4                SI_GetStatus
 .text.SI_GetResponseRaw
                0x8000fe6c       0xe8 C:/devkitPro/libogc/lib/cube\libogc.a(si.o)
                0x8000fe6c                SI_GetResponseRaw
 .text.SI_GetResponse
                0x8000ff54       0xb8 C:/devkitPro/libogc/lib/cube\libogc.a(si.o)
                0x8000ff54                SI_GetResponse
 .text.SI_SetCommand
                0x8001000c       0x10 C:/devkitPro/libogc/lib/cube\libogc.a(si.o)
                0x8001000c                SI_SetCommand
 .text.SI_Transfer
                0x8001001c      0x294 C:/devkitPro/libogc/lib/cube\libogc.a(si.o)
                0x8001001c                SI_Transfer
 .text.__si_gettypecallback
                0x800102b0      0x2c0 C:/devkitPro/libogc/lib/cube\libogc.a(si.o)
 .text.__si_interrupthandler
                0x80010570      0x268 C:/devkitPro/libogc/lib/cube\libogc.a(si.o)
 .text.SI_GetType
                0x800107d8      0x1f4 C:/devkitPro/libogc/lib/cube\libogc.a(si.o)
                0x800107d8                SI_GetType
 .text.SI_GetTypeAsync
                0x800109cc      0x138 C:/devkitPro/libogc/lib/cube\libogc.a(si.o)
                0x800109cc                SI_GetTypeAsync
 .text.SI_EnablePollingInterrupt
                0x80010b04       0x8c C:/devkitPro/libogc/lib/cube\libogc.a(si.o)
                0x80010b04                SI_EnablePollingInterrupt
 .text.SI_UnregisterPollingHandler
                0x80010b90       0xe0 C:/devkitPro/libogc/lib/cube\libogc.a(si.o)
                0x80010b90                SI_UnregisterPollingHandler
 .text.__si_init
                0x80010c70       0xe8 C:/devkitPro/libogc/lib/cube\libogc.a(si.o)
                0x80010c70                __si_init
 .text.TPL_GetTextureSize
                0x80010d58       0x9c C:/devkitPro/libogc/lib/cube\libogc.a(tpl.o)
 .text.TPL_OpenTPLFromMemory
                0x80010df4       0xa4 C:/devkitPro/libogc/lib/cube\libogc.a(tpl.o)
                0x80010df4                TPL_OpenTPLFromMemory
 .text.TPL_GetTexture
                0x80010e98      0x200 C:/devkitPro/libogc/lib/cube\libogc.a(tpl.o)
                0x80010e98                TPL_GetTexture
 .text.gettick  0x80011098        0x8 C:/devkitPro/libogc/lib/cube\libogc.a(timesupp.o)
                0x80011098                gettick
 .text.gettime  0x800110a0       0x18 C:/devkitPro/libogc/lib/cube\libogc.a(timesupp.o)
                0x800110a0                gettime
 .text.settime  0x800110b8       0x14 C:/devkitPro/libogc/lib/cube\libogc.a(timesupp.o)
                0x800110b8                settime
 .text.diff_usec
                0x800110cc       0x88 C:/devkitPro/libogc/lib/cube\libogc.a(timesupp.o)
                0x800110cc                diff_usec
 .text.__timesystem_init
                0x80011154       0x1c C:/devkitPro/libogc/lib/cube\libogc.a(timesupp.o)
                0x80011154                __timesystem_init
 .text.udelay   0x80011170       0xac C:/devkitPro/libogc/lib/cube\libogc.a(timesupp.o)
                0x80011170                udelay
 .text.__syscall_lock_init
                0x8001121c       0x6c C:/devkitPro/libogc/lib/cube\libogc.a(lock_supp.o)
                0x8001121c                __syscall_lock_init
 .text.__syscall_lock_init_recursive
                0x80011288       0x6c C:/devkitPro/libogc/lib/cube\libogc.a(lock_supp.o)
                0x80011288                __syscall_lock_init_recursive
 .text.__syscall_lock_close
                0x800112f4       0x68 C:/devkitPro/libogc/lib/cube\libogc.a(lock_supp.o)
                0x800112f4                __syscall_lock_close
 .text.__syscall_lock_acquire
                0x8001135c       0x18 C:/devkitPro/libogc/lib/cube\libogc.a(lock_supp.o)
                0x8001135c                __syscall_lock_acquire
 .text.__syscall_lock_release
                0x80011374       0x18 C:/devkitPro/libogc/lib/cube\libogc.a(lock_supp.o)
                0x80011374                __syscall_lock_release
 .text._sbrk_r  0x8001138c       0xe0 C:/devkitPro/libogc/lib/cube\libogc.a(sbrk.o)
                0x8001138c                _sbrk_r
 .text.__memlock_init
                0x8001146c       0x7c C:/devkitPro/libogc/lib/cube\libogc.a(malloc_lock.o)
                0x8001146c                __memlock_init
 .text.__libogc_malloc_lock
                0x800114e8      0x1fc C:/devkitPro/libogc/lib/cube\libogc.a(malloc_lock.o)
                0x800114e8                __libogc_malloc_lock
 .text.__libogc_malloc_unlock
                0x800116e4       0x64 C:/devkitPro/libogc/lib/cube\libogc.a(malloc_lock.o)
                0x800116e4                __libogc_malloc_unlock
 .text.__CheckARGV
                0x80011748       0x80 C:/devkitPro/libogc/lib/cube\libogc.a(argv.o)
                0x80011748                __CheckARGV
 .text.__lwp_priority_init
                0x800117c8       0x1c C:/devkitPro/libogc/lib/cube\libogc.a(lwp_priority.o)
                0x800117c8                __lwp_priority_init
 .text.__lwp_threadqueue_enqueuefifo
                0x800117e4      0x12c C:/devkitPro/libogc/lib/cube\libogc.a(lwp_threadq.o)
                0x800117e4                __lwp_threadqueue_enqueuefifo
 .text.__lwp_threadqueue_dequeuefifo
                0x80011910      0x134 C:/devkitPro/libogc/lib/cube\libogc.a(lwp_threadq.o)
                0x80011910                __lwp_threadqueue_dequeuefifo
 .text.__lwp_threadqueue_enqueuepriority
                0x80011a44      0x334 C:/devkitPro/libogc/lib/cube\libogc.a(lwp_threadq.o)
                0x80011a44                __lwp_threadqueue_enqueuepriority
 .text.__lwp_threadqueue_dequeuepriority
                0x80011d78      0x1d8 C:/devkitPro/libogc/lib/cube\libogc.a(lwp_threadq.o)
                0x80011d78                __lwp_threadqueue_dequeuepriority
 .text.__lwp_threadqueue_init
                0x80011f50       0x64 C:/devkitPro/libogc/lib/cube\libogc.a(lwp_threadq.o)
                0x80011f50                __lwp_threadqueue_init
 .text.__lwp_threadqueue_enqueue
                0x80011fb4      0x138 C:/devkitPro/libogc/lib/cube\libogc.a(lwp_threadq.o)
                0x80011fb4                __lwp_threadqueue_enqueue
 .text.__lwp_threadqueue_dequeue
                0x800120ec       0x24 C:/devkitPro/libogc/lib/cube\libogc.a(lwp_threadq.o)
                0x800120ec                __lwp_threadqueue_dequeue
 .text.__lwp_threadqueue_flush
                0x80012110       0x68 C:/devkitPro/libogc/lib/cube\libogc.a(lwp_threadq.o)
                0x80012110                __lwp_threadqueue_flush
 .text.__lwp_threadqueue_extractfifo
                0x80012178       0xe8 C:/devkitPro/libogc/lib/cube\libogc.a(lwp_threadq.o)
                0x80012178                __lwp_threadqueue_extractfifo
 .text.__lwp_threadqueue_extractpriority
                0x80012260      0x148 C:/devkitPro/libogc/lib/cube\libogc.a(lwp_threadq.o)
                0x80012260                __lwp_threadqueue_extractpriority
 .text.__lwp_threadqueue_timeout
                0x800123a8       0xd0 C:/devkitPro/libogc/lib/cube\libogc.a(lwp_threadq.o)
 .text.__lwp_threadqueue_extractproxy
                0x80012478       0x64 C:/devkitPro/libogc/lib/cube\libogc.a(lwp_threadq.o)
                0x80012478                __lwp_threadqueue_extractproxy
 .text.__syscall_getreent
                0x800124dc       0x24 C:/devkitPro/libogc/lib/cube\libogc.a(lwp_threads.o)
                0x800124dc                __syscall_getreent
 .text.__lwp_isr_in_progress
                0x80012500        0x8 C:/devkitPro/libogc/lib/cube\libogc.a(lwp_threads.o)
                0x80012500                __lwp_isr_in_progress
 .text.__thread_dispatch_fp
                0x80012508       0x88 C:/devkitPro/libogc/lib/cube\libogc.a(lwp_threads.o)
                0x80012508                __thread_dispatch_fp
 .text.__thread_dispatch
                0x80012590       0xf4 C:/devkitPro/libogc/lib/cube\libogc.a(lwp_threads.o)
                0x80012590                __thread_dispatch
 .text.__lwp_thread_resettimeslice
                0x80012684       0xb4 C:/devkitPro/libogc/lib/cube\libogc.a(lwp_threads.o)
                0x80012684                __lwp_thread_resettimeslice
 .text.__lwp_thread_tickle_timeslice
                0x80012738       0xc8 C:/devkitPro/libogc/lib/cube\libogc.a(lwp_threads.o)
                0x80012738                __lwp_thread_tickle_timeslice
 .text.__lwp_thread_setstate
                0x80012800      0x16c C:/devkitPro/libogc/lib/cube\libogc.a(lwp_threads.o)
                0x80012800                __lwp_thread_setstate
 .text.__lwp_thread_clearstate
                0x8001296c       0xe4 C:/devkitPro/libogc/lib/cube\libogc.a(lwp_threads.o)
                0x8001296c                __lwp_thread_clearstate
 .text.__lwp_thread_suspend
                0x80012a50      0x17c C:/devkitPro/libogc/lib/cube\libogc.a(lwp_threads.o)
                0x80012a50                __lwp_thread_suspend
 .text.__lwp_thread_settransient
                0x80012bcc       0xb4 C:/devkitPro/libogc/lib/cube\libogc.a(lwp_threads.o)
                0x80012bcc                __lwp_thread_settransient
 .text.__lwp_thread_changepriority
                0x80012c80      0x1f8 C:/devkitPro/libogc/lib/cube\libogc.a(lwp_threads.o)
                0x80012c80                __lwp_thread_changepriority
 .text.__lwp_thread_resume
                0x80012e78      0x12c C:/devkitPro/libogc/lib/cube\libogc.a(lwp_threads.o)
                0x80012e78                __lwp_thread_resume
 .text.__lwp_thread_ready
                0x80012fa4       0xf0 C:/devkitPro/libogc/lib/cube\libogc.a(lwp_threads.o)
                0x80012fa4                __lwp_thread_ready
 .text.__lwp_thread_init
                0x80013094      0x160 C:/devkitPro/libogc/lib/cube\libogc.a(lwp_threads.o)
                0x80013094                __lwp_thread_init
 .text.__lwp_thread_close
                0x800131f4      0x144 C:/devkitPro/libogc/lib/cube\libogc.a(lwp_threads.o)
                0x800131f4                __lwp_thread_close
 .text.__lwp_thread_handler
                0x80013338       0xc0 C:/devkitPro/libogc/lib/cube\libogc.a(lwp_threads.o)
 .text.__lwp_thread_closeall
                0x800133f8       0xb0 C:/devkitPro/libogc/lib/cube\libogc.a(lwp_threads.o)
                0x800133f8                __lwp_thread_closeall
 .text.__lwp_thread_start
                0x800134a8      0x150 C:/devkitPro/libogc/lib/cube\libogc.a(lwp_threads.o)
                0x800134a8                __lwp_thread_start
 .text.__lwp_thread_startmultitasking
                0x800135f8       0xac C:/devkitPro/libogc/lib/cube\libogc.a(lwp_threads.o)
                0x800135f8                __lwp_thread_startmultitasking
 .text.__lwp_thread_stopmultitasking
                0x800136a4       0x58 C:/devkitPro/libogc/lib/cube\libogc.a(lwp_threads.o)
                0x800136a4                __lwp_thread_stopmultitasking
 .text.__lwp_thread_coreinit
                0x800136fc       0xc4 C:/devkitPro/libogc/lib/cube\libogc.a(lwp_threads.o)
                0x800136fc                __lwp_thread_coreinit
 .text.idle_func
                0x800137c0        0x4 C:/devkitPro/libogc/lib/cube\libogc.a(lwp.o)
 .text.__lwp_sysinit
                0x800137c4      0x114 C:/devkitPro/libogc/lib/cube\libogc.a(lwp.o)
                0x800137c4                __lwp_sysinit
 .text.LWP_SuspendThread
                0x800138d8       0xc0 C:/devkitPro/libogc/lib/cube\libogc.a(lwp.o)
                0x800138d8                LWP_SuspendThread
 .text.LWP_ResumeThread
                0x80013998       0xd0 C:/devkitPro/libogc/lib/cube\libogc.a(lwp.o)
                0x80013998                LWP_ResumeThread
 .text.LWP_GetSelf
                0x80013a68       0x28 C:/devkitPro/libogc/lib/cube\libogc.a(lwp.o)
                0x80013a68                LWP_GetSelf
 .text.LWP_InitQueue
                0x80013a90      0x140 C:/devkitPro/libogc/lib/cube\libogc.a(lwp.o)
                0x80013a90                LWP_InitQueue
 .text.LWP_ThreadSleep
                0x80013bd0       0xf8 C:/devkitPro/libogc/lib/cube\libogc.a(lwp.o)
                0x80013bd0                LWP_ThreadSleep
 .text.LWP_ThreadBroadcast
                0x80013cc8       0x88 C:/devkitPro/libogc/lib/cube\libogc.a(lwp.o)
                0x80013cc8                LWP_ThreadBroadcast
 .text.__lwp_stack_allocate
                0x80013d50       0x60 C:/devkitPro/libogc/lib/cube\libogc.a(lwp_stack.o)
                0x80013d50                __lwp_stack_allocate
 .text.__lwp_stack_free
                0x80013db0       0x1c C:/devkitPro/libogc/lib/cube\libogc.a(lwp_stack.o)
                0x80013db0                __lwp_stack_free
 .text.__lwp_mutex_initialize
                0x80013dcc       0xa4 C:/devkitPro/libogc/lib/cube\libogc.a(lwp_mutex.o)
                0x80013dcc                __lwp_mutex_initialize
 .text.__lwp_mutex_surrender
                0x80013e70      0x14c C:/devkitPro/libogc/lib/cube\libogc.a(lwp_mutex.o)
                0x80013e70                __lwp_mutex_surrender
 .text.__lwp_mutex_seize_irq_blocking
                0x80013fbc       0xf8 C:/devkitPro/libogc/lib/cube\libogc.a(lwp_mutex.o)
                0x80013fbc                __lwp_mutex_seize_irq_blocking
 .text.__lwp_mutex_flush
                0x800140b4        0x4 C:/devkitPro/libogc/lib/cube\libogc.a(lwp_mutex.o)
                0x800140b4                __lwp_mutex_flush
 .text.__lwp_wd_settimer
                0x800140b8       0xe0 C:/devkitPro/libogc/lib/cube\libogc.a(lwp_watchdog.o)
 .text.__lwp_watchdog_init
                0x80014198       0x2c C:/devkitPro/libogc/lib/cube\libogc.a(lwp_watchdog.o)
                0x80014198                __lwp_watchdog_init
 .text.__lwp_wd_insert
                0x800141c4      0x194 C:/devkitPro/libogc/lib/cube\libogc.a(lwp_watchdog.o)
                0x800141c4                __lwp_wd_insert
 .text.__lwp_wd_remove
                0x80014358      0x138 C:/devkitPro/libogc/lib/cube\libogc.a(lwp_watchdog.o)
                0x80014358                __lwp_wd_remove
 .text.__lwp_wd_tickle
                0x80014490      0x120 C:/devkitPro/libogc/lib/cube\libogc.a(lwp_watchdog.o)
                0x80014490                __lwp_wd_tickle
 .text.__lwp_wkspace_init
                0x800145b0       0xc0 C:/devkitPro/libogc/lib/cube\libogc.a(lwp_wkspace.o)
                0x800145b0                __lwp_wkspace_init
 .text.__lwp_objmgr_initinfo
                0x80014670      0x1a0 C:/devkitPro/libogc/lib/cube\libogc.a(lwp_objmgr.o)
                0x80014670                __lwp_objmgr_initinfo
 .text.__lwp_objmgr_getisrdisable
                0x80014810       0x60 C:/devkitPro/libogc/lib/cube\libogc.a(lwp_objmgr.o)
                0x80014810                __lwp_objmgr_getisrdisable
 .text.__lwp_objmgr_getnoprotection
                0x80014870       0x24 C:/devkitPro/libogc/lib/cube\libogc.a(lwp_objmgr.o)
                0x80014870                __lwp_objmgr_getnoprotection
 .text.__lwp_objmgr_get
                0x80014894       0x6c C:/devkitPro/libogc/lib/cube\libogc.a(lwp_objmgr.o)
                0x80014894                __lwp_objmgr_get
 .text.__lwp_objmgr_allocate
                0x80014900       0x88 C:/devkitPro/libogc/lib/cube\libogc.a(lwp_objmgr.o)
                0x80014900                __lwp_objmgr_allocate
 .text.__lwp_objmgr_free
                0x80014988       0x60 C:/devkitPro/libogc/lib/cube\libogc.a(lwp_objmgr.o)
                0x80014988                __lwp_objmgr_free
 .text.__lwp_heap_init
                0x800149e8       0xa4 C:/devkitPro/libogc/lib/cube\libogc.a(lwp_heap.o)
                0x800149e8                __lwp_heap_init
 .text.__lwp_heap_allocate
                0x80014a8c      0x160 C:/devkitPro/libogc/lib/cube\libogc.a(lwp_heap.o)
                0x80014a8c                __lwp_heap_allocate
 .text.__lwp_heap_free
                0x80014bec      0x188 C:/devkitPro/libogc/lib/cube\libogc.a(lwp_heap.o)
                0x80014bec                __lwp_heap_free
 .text.__systemcall_init
                0x80014d74       0x70 C:/devkitPro/libogc/lib/cube\libogc.a(exception.o)
                0x80014d74                __systemcall_init
 .text.__exception_init
                0x80014de4      0x120 C:/devkitPro/libogc/lib/cube\libogc.a(exception.o)
                0x80014de4                __exception_init
 .text.__exception_close
                0x80014f04       0xac C:/devkitPro/libogc/lib/cube\libogc.a(exception.o)
                0x80014f04                __exception_close
 .text.__exception_closeall
                0x80014fb0       0x80 C:/devkitPro/libogc/lib/cube\libogc.a(exception.o)
                0x80014fb0                __exception_closeall
 .text.c_default_exceptionhandler
                0x80015030      0x464 C:/devkitPro/libogc/lib/cube\libogc.a(exception.o)
                0x80015030                c_default_exceptionhandler
 .text.__SetInterrupts
                0x80015494      0x25c C:/devkitPro/libogc/lib/cube\libogc.a(irq.o)
 .text.c_irqdispatcher
                0x800156f0      0x278 C:/devkitPro/libogc/lib/cube\libogc.a(irq.o)
                0x800156f0                c_irqdispatcher
 .text.__UnmaskIrq
                0x80015968       0x84 C:/devkitPro/libogc/lib/cube\libogc.a(irq.o)
                0x80015968                __UnmaskIrq
 .text.__MaskIrq
                0x800159ec       0x84 C:/devkitPro/libogc/lib/cube\libogc.a(irq.o)
                0x800159ec                __MaskIrq
 .text.__irq_init
                0x80015a70       0x84 C:/devkitPro/libogc/lib/cube\libogc.a(irq.o)
                0x80015a70                __irq_init
 .text.IRQ_Request
                0x80015af4       0x50 C:/devkitPro/libogc/lib/cube\libogc.a(irq.o)
                0x80015af4                IRQ_Request
 .text.IRQ_GetHandler
                0x80015b44       0x44 C:/devkitPro/libogc/lib/cube\libogc.a(irq.o)
                0x80015b44                IRQ_GetHandler
 .text.__lwp_sema_init
                0x80015b88       0x14 C:/devkitPro/libogc/lib/cube\libogc.a(semaphore.o)
                0x80015b88                __lwp_sema_init
 .text.__exi_irq_handler
                0x80015b9c       0x58 C:/devkitPro/libogc/lib/cube\libogc.a(exi.o)
 .text.__ext_irq_handler
                0x80015bf4       0xc8 C:/devkitPro/libogc/lib/cube\libogc.a(exi.o)
 .text.__tc_irq_handler
                0x80015cbc      0x178 C:/devkitPro/libogc/lib/cube\libogc.a(exi.o)
 .text.__exi_probe
                0x80015e34      0x214 C:/devkitPro/libogc/lib/cube\libogc.a(exi.o)
 .text.__exi_attach
                0x80016048      0x104 C:/devkitPro/libogc/lib/cube\libogc.a(exi.o)
 .text.EXI_Lock
                0x8001614c      0x218 C:/devkitPro/libogc/lib/cube\libogc.a(exi.o)
                0x8001614c                EXI_Lock
 .text.EXI_Unlock
                0x80016364      0x224 C:/devkitPro/libogc/lib/cube\libogc.a(exi.o)
                0x80016364                EXI_Unlock
 .text.EXI_Select
                0x80016588      0x208 C:/devkitPro/libogc/lib/cube\libogc.a(exi.o)
                0x80016588                EXI_Select
 .text.EXI_Deselect
                0x80016790      0x16c C:/devkitPro/libogc/lib/cube\libogc.a(exi.o)
                0x80016790                EXI_Deselect
 .text.EXI_Sync
                0x800168fc      0x108 C:/devkitPro/libogc/lib/cube\libogc.a(exi.o)
                0x800168fc                EXI_Sync
 .text.EXI_Imm  0x80016a04      0x1f8 C:/devkitPro/libogc/lib/cube\libogc.a(exi.o)
                0x80016a04                EXI_Imm
 .text.EXI_ImmEx
                0x80016bfc       0xd8 C:/devkitPro/libogc/lib/cube\libogc.a(exi.o)
                0x80016bfc                EXI_ImmEx
 .text.EXI_Dma  0x80016cd4      0x16c C:/devkitPro/libogc/lib/cube\libogc.a(exi.o)
                0x80016cd4                EXI_Dma
 .text.EXI_Detach
                0x80016e40       0xb0 C:/devkitPro/libogc/lib/cube\libogc.a(exi.o)
                0x80016e40                EXI_Detach
 .text.EXI_GetID
                0x80016ef0      0x338 C:/devkitPro/libogc/lib/cube\libogc.a(exi.o)
                0x80016ef0                EXI_GetID
 .text.__unlocked_handler
                0x80017228       0x28 C:/devkitPro/libogc/lib/cube\libogc.a(exi.o)
 .text.EXI_ProbeReset
                0x80017250       0x70 C:/devkitPro/libogc/lib/cube\libogc.a(exi.o)
                0x80017250                EXI_ProbeReset
 .text.__exi_init
                0x800172c0      0x188 C:/devkitPro/libogc/lib/cube\libogc.a(exi.o)
                0x800172c0                __exi_init
 .text.__lwp_mutex_locksupp.constprop.0
                0x80017448      0x2a8 C:/devkitPro/libogc/lib/cube\libogc.a(mutex.o)
 .text.__lwp_mutex_init
                0x800176f0       0x14 C:/devkitPro/libogc/lib/cube\libogc.a(mutex.o)
                0x800176f0                __lwp_mutex_init
 .text.LWP_MutexInit
                0x80017704      0x100 C:/devkitPro/libogc/lib/cube\libogc.a(mutex.o)
                0x80017704                LWP_MutexInit
 .text.LWP_MutexDestroy
                0x80017804       0xf0 C:/devkitPro/libogc/lib/cube\libogc.a(mutex.o)
                0x80017804                LWP_MutexDestroy
 .text.LWP_MutexLock
                0x800178f4        0x8 C:/devkitPro/libogc/lib/cube\libogc.a(mutex.o)
                0x800178f4                LWP_MutexLock
 .text.LWP_MutexUnlock
                0x800178fc       0x9c C:/devkitPro/libogc/lib/cube\libogc.a(mutex.o)
                0x800178fc                LWP_MutexUnlock
 .text.number   0x80017998      0x318 C:/devkitPro/libogc/lib/cube\libogc.a(kprintf.o)
 .text.kvsprintf
                0x80017cb0      0x888 C:/devkitPro/libogc/lib/cube\libogc.a(kprintf.o)
                0x80017cb0                kvsprintf
 .text.kprintf  0x80018538       0xac C:/devkitPro/libogc/lib/cube\libogc.a(kprintf.o)
                0x80018538                kprintf
 .text.__console_clear_line
                0x800185e4       0xb4 C:/devkitPro/libogc/lib/cube\libogc.a(console.o)
 .text.__console_clear
                0x80018698       0xbc C:/devkitPro/libogc/lib/cube\libogc.a(console.o)
 .text.__console_write
                0x80018754      0x82c C:/devkitPro/libogc/lib/cube\libogc.a(console.o)
                0x80018754                __console_write
 .text.__console_init
                0x80018f80      0x120 C:/devkitPro/libogc/lib/cube\libogc.a(console.o)
                0x80018f80                __console_init
 .text.CON_EnableGecko
                0x800190a0      0x100 C:/devkitPro/libogc/lib/cube\libogc.a(console.o)
                0x800190a0                CON_EnableGecko
 .text.__lwp_queue_initialize
                0x800191a0       0x98 C:/devkitPro/libogc/lib/cube\libogc.a(lwp_queue.o)
                0x800191a0                __lwp_queue_initialize
 .text.__lwp_queue_get
                0x80019238       0x74 C:/devkitPro/libogc/lib/cube\libogc.a(lwp_queue.o)
                0x80019238                __lwp_queue_get
 .text.__lwp_queue_append
                0x800192ac       0x4c C:/devkitPro/libogc/lib/cube\libogc.a(lwp_queue.o)
                0x800192ac                __lwp_queue_append
 .text.__usbgecko_exi_unlock
                0x800192f8       0x34 C:/devkitPro/libogc/lib/cube\libogc.a(usbgecko.o)
 .text.usb_isgeckoalive
                0x8001932c      0x1bc C:/devkitPro/libogc/lib/cube\libogc.a(usbgecko.o)
                0x8001932c                usb_isgeckoalive
 .text.usb_sendbuffer_ex
                0x800194e8      0x214 C:/devkitPro/libogc/lib/cube\libogc.a(usbgecko.o)
                0x800194e8                usb_sendbuffer_ex
 .text.usb_sendbuffer
                0x800196fc        0x8 C:/devkitPro/libogc/lib/cube\libogc.a(usbgecko.o)
                0x800196fc                usb_sendbuffer
 .text.usb_sendbuffer_safe_ex
                0x80019704      0x2a8 C:/devkitPro/libogc/lib/cube\libogc.a(usbgecko.o)
                0x80019704                usb_sendbuffer_safe_ex
 .text.usb_sendbuffer_safe
                0x800199ac        0x8 C:/devkitPro/libogc/lib/cube\libogc.a(usbgecko.o)
                0x800199ac                usb_sendbuffer_safe
 .text.cosf     0x800199b4       0xe0 C:/devkitPro/devkitPPC/bin/../lib/gcc/powerpc-eabi/13.2.0/../../../../powerpc-eabi/lib\libm.a(libm_a-sf_cos.o)
                0x800199b4                cosf
 .text.tanf     0x80019a94       0x88 C:/devkitPro/devkitPPC/bin/../lib/gcc/powerpc-eabi/13.2.0/../../../../powerpc-eabi/lib\libm.a(libm_a-sf_tan.o)
                0x80019a94                tanf
 .text.sincosf  0x80019b1c       0x58 C:/devkitPro/devkitPPC/bin/../lib/gcc/powerpc-eabi/13.2.0/../../../../powerpc-eabi/lib\libm.a(libm_a-wf_sincos.o)
                0x80019b1c                sincosf
 .text.sinf     0x80019b74       0xe4 C:/devkitPro/devkitPPC/bin/../lib/gcc/powerpc-eabi/13.2.0/../../../../powerpc-eabi/lib\libm.a(libm_a-sf_sin.o)
                0x80019b74                sinf
 .text.__kernel_sinf
                0x80019c58       0xcc C:/devkitPro/devkitPPC/bin/../lib/gcc/powerpc-eabi/13.2.0/../../../../powerpc-eabi/lib\libm.a(libm_a-kf_sin.o)
                0x80019c58                __kernel_sinf
 .text.__kernel_tanf
                0x80019d24      0x2e4 C:/devkitPro/devkitPPC/bin/../lib/gcc/powerpc-eabi/13.2.0/../../../../powerpc-eabi/lib\libm.a(libm_a-kf_tan.o)
                0x80019d24                __kernel_tanf
 .text.__kernel_cosf
                0x8001a008      0x188 C:/devkitPro/devkitPPC/bin/../lib/gcc/powerpc-eabi/13.2.0/../../../../powerpc-eabi/lib\libm.a(libm_a-kf_cos.o)
                0x8001a008                __kernel_cosf
 .text.__ieee754_rem_pio2f
                0x8001a190      0x418 C:/devkitPro/devkitPPC/bin/../lib/gcc/powerpc-eabi/13.2.0/../../../../powerpc-eabi/lib\libm.a(libm_a-ef_rem_pio2.o)
                0x8001a190                __ieee754_rem_pio2f
 .text.fabsf    0x8001a5a8       0x20 C:/devkitPro/devkitPPC/bin/../lib/gcc/powerpc-eabi/13.2.0/../../../../powerpc-eabi/lib\libm.a(libm_a-sf_fabs.o)
                0x8001a5a8                fabsf
 .text.__kernel_rem_pio2f
                0x8001a5c8      0xee0 C:/devkitPro/devkitPPC/bin/../lib/gcc/powerpc-eabi/13.2.0/../../../../powerpc-eabi/lib\libm.a(libm_a-kf_rem_pio2.o)
                0x8001a5c8                __kernel_rem_pio2f
 .text.floorf   0x8001b4a8      0x110 C:/devkitPro/devkitPPC/bin/../lib/gcc/powerpc-eabi/13.2.0/../../../../powerpc-eabi/lib\libm.a(libm_a-sf_floor.o)
                0x8001b4a8                floorf
 .text.scalbnf  0x8001b5b8      0x174 C:/devkitPro/devkitPPC/bin/../lib/gcc/powerpc-eabi/13.2.0/../../../../powerpc-eabi/lib\libm.a(libm_a-sf_scalbn.o)
                0x8001b5b8                scalbnf
 .text.__udivdi3
                0x8001b72c      0x3bc C:/devkitPro/devkitPPC/bin/../lib/gcc/powerpc-eabi/13.2.0\libgcc.a(_udivdi3.o)
                0x8001b72c                __udivdi3
 .text.unlikely.abort
                0x8001bae8       0x28 C:/devkitPro/devkitPPC/bin/../lib/gcc/powerpc-eabi/13.2.0/../../../../powerpc-eabi/lib\libsysbase.a(libsysbase_libsysbase_a-abort.o)
                0x8001bae8                abort
 .text.build_argv
                0x8001bb10      0x118 C:/devkitPro/devkitPPC/bin/../lib/gcc/powerpc-eabi/13.2.0/../../../../powerpc-eabi/lib\libsysbase.a(libsysbase_libsysbase_a-build_argv.o)
                0x8001bb10                build_argv
 .text.__getreent
                0x8001bc28       0x20 C:/devkitPro/devkitPPC/bin/../lib/gcc/powerpc-eabi/13.2.0/../../../../powerpc-eabi/lib\libsysbase.a(libsysbase_libsysbase_a-getreent.o)
                0x8001bc28                __getreent
 .text.null_write
                0x8001bc48        0x8 C:/devkitPro/devkitPPC/bin/../lib/gcc/powerpc-eabi/13.2.0/../../../../powerpc-eabi/lib\libsysbase.a(libsysbase_libsysbase_a-iosupport.o)
 .text._exit    0x8001bc50       0x28 C:/devkitPro/devkitPPC/bin/../lib/gcc/powerpc-eabi/13.2.0/../../../../powerpc-eabi/lib\libsysbase.a(libsysbase_libsysbase_a-_exit.o)
                0x8001bc50                _exit
 .text.write    0x8001bc78       0x50 C:/devkitPro/devkitPPC/bin/../lib/gcc/powerpc-eabi/13.2.0/../../../../powerpc-eabi/lib\libc.a(libc_a-syswrite.o)
                0x8001bc78                write
 .text.memalign
                0x8001bcc8       0x40 C:/devkitPro/devkitPPC/bin/../lib/gcc/powerpc-eabi/13.2.0/../../../../powerpc-eabi/lib\libc.a(libc_a-malign.o)
                0x8001bcc8                memalign
 .text._memalign_r
                0x8001bd08      0x1bc C:/devkitPro/devkitPPC/bin/../lib/gcc/powerpc-eabi/13.2.0/../../../../powerpc-eabi/lib\libc.a(libc_a-malignr.o)
                0x8001bd08                _memalign_r
 .text.calloc   0x8001bec4       0x40 C:/devkitPro/devkitPPC/bin/../lib/gcc/powerpc-eabi/13.2.0/../../../../powerpc-eabi/lib\libc.a(libc_a-calloc.o)
                0x8001bec4                calloc
 .text.setvbuf  0x8001bf04      0x2d0 C:/devkitPro/devkitPPC/bin/../lib/gcc/powerpc-eabi/13.2.0/../../../../powerpc-eabi/lib\libc.a(libc_a-setvbuf.o)
                0x8001bf04                setvbuf
 .text._calloc_r
                0x8001c1d4      0x100 C:/devkitPro/devkitPPC/bin/../lib/gcc/powerpc-eabi/13.2.0/../../../../powerpc-eabi/lib\libc.a(libc_a-callocr.o)
                0x8001c1d4                _calloc_r
 .text.exit     0x8001c2d4       0x3c C:/devkitPro/devkitPPC/bin/../lib/gcc/powerpc-eabi/13.2.0/../../../../powerpc-eabi/lib\libc.a(libc_a-exit.o)
                0x8001c2d4                exit
 .text._malloc_trim_r
                0x8001c310      0x138 C:/devkitPro/devkitPPC/bin/../lib/gcc/powerpc-eabi/13.2.0/../../../../powerpc-eabi/lib\libc.a(libc_a-freer.o)
                0x8001c310                _malloc_trim_r
 .text._free_r  0x8001c448      0x330 C:/devkitPro/devkitPPC/bin/../lib/gcc/powerpc-eabi/13.2.0/../../../../powerpc-eabi/lib\libc.a(libc_a-freer.o)
                0x8001c448                _free_r
 .text.memcpy   0x8001c778      0x124 C:/devkitPro/devkitPPC/bin/../lib/gcc/powerpc-eabi/13.2.0/../../../../powerpc-eabi/lib\libc.a(libc_a-memcpy.o)
                0x8001c778                memcpy
 .text.malloc   0x8001c89c       0x30 C:/devkitPro/devkitPPC/bin/../lib/gcc/powerpc-eabi/13.2.0/../../../../powerpc-eabi/lib\libc.a(libc_a-malloc.o)
                0x8001c89c                malloc
 .text.free     0x8001c8cc       0x30 C:/devkitPro/devkitPPC/bin/../lib/gcc/powerpc-eabi/13.2.0/../../../../powerpc-eabi/lib\libc.a(libc_a-malloc.o)
                0x8001c8cc                free
 .text.memmove  0x8001c8fc      0x1bc C:/devkitPro/devkitPPC/bin/../lib/gcc/powerpc-eabi/13.2.0/../../../../powerpc-eabi/lib\libc.a(libc_a-memmove.o)
                0x8001c8fc                memmove
 .text._malloc_r
                0x8001cab8      0x860 C:/devkitPro/devkitPPC/bin/../lib/gcc/powerpc-eabi/13.2.0/../../../../powerpc-eabi/lib\libc.a(libc_a-mallocr.o)
                0x8001cab8                _malloc_r
 .text.memset   0x8001d318      0x198 C:/devkitPro/devkitPPC/bin/../lib/gcc/powerpc-eabi/13.2.0/../../../../powerpc-eabi/lib\libc.a(libc_a-memset.o)
                0x8001d318                memset
 .text.__sflush_r
                0x8001d4b0      0x2f4 C:/devkitPro/devkitPPC/bin/../lib/gcc/powerpc-eabi/13.2.0/../../../../powerpc-eabi/lib\libc.a(libc_a-fflush.o)
                0x8001d4b0                __sflush_r
 .text._fflush_r
                0x8001d7a4      0x108 C:/devkitPro/devkitPPC/bin/../lib/gcc/powerpc-eabi/13.2.0/../../../../powerpc-eabi/lib\libc.a(libc_a-fflush.o)
                0x8001d7a4                _fflush_r
 .text._fclose_r
                0x8001d8ac      0x1e0 C:/devkitPro/devkitPPC/bin/../lib/gcc/powerpc-eabi/13.2.0/../../../../powerpc-eabi/lib\libc.a(libc_a-fclose.o)
                0x8001d8ac                _fclose_r
 .text._fwalk_sglue
                0x8001da8c       0xb4 C:/devkitPro/devkitPPC/bin/../lib/gcc/powerpc-eabi/13.2.0/../../../../powerpc-eabi/lib\libc.a(libc_a-fwalk.o)
                0x8001da8c                _fwalk_sglue
 .text._fread_r
                0x8001db40      0x414 C:/devkitPro/devkitPPC/bin/../lib/gcc/powerpc-eabi/13.2.0/../../../../powerpc-eabi/lib\libc.a(libc_a-fread.o)
                0x8001db40                _fread_r
 .text.fread    0x8001df54       0x60 C:/devkitPro/devkitPPC/bin/../lib/gcc/powerpc-eabi/13.2.0/../../../../powerpc-eabi/lib\libc.a(libc_a-fread.o)
                0x8001df54                fread
 .text.stdio_exit_handler
                0x8001dfb4       0x1c C:/devkitPro/devkitPPC/bin/../lib/gcc/powerpc-eabi/13.2.0/../../../../powerpc-eabi/lib\libc.a(libc_a-findfp.o)
 .text.cleanup_stdio
                0x8001dfd0       0x88 C:/devkitPro/devkitPPC/bin/../lib/gcc/powerpc-eabi/13.2.0/../../../../powerpc-eabi/lib\libc.a(libc_a-findfp.o)
 .text.global_stdio_init.part.0
                0x8001e058      0x184 C:/devkitPro/devkitPPC/bin/../lib/gcc/powerpc-eabi/13.2.0/../../../../powerpc-eabi/lib\libc.a(libc_a-findfp.o)
 .text.__sinit  0x8001e1dc       0xa4 C:/devkitPro/devkitPPC/bin/../lib/gcc/powerpc-eabi/13.2.0/../../../../powerpc-eabi/lib\libc.a(libc_a-findfp.o)
                0x8001e1dc                __sinit
 .text.__sfp_lock_acquire
                0x8001e280       0x40 C:/devkitPro/devkitPPC/bin/../lib/gcc/powerpc-eabi/13.2.0/../../../../powerpc-eabi/lib\libc.a(libc_a-findfp.o)
                0x8001e280                __sfp_lock_acquire
 .text.__sfp_lock_release
                0x8001e2c0        0xc C:/devkitPro/devkitPPC/bin/../lib/gcc/powerpc-eabi/13.2.0/../../../../powerpc-eabi/lib\libc.a(libc_a-findfp.o)
                0x8001e2c0                __sfp_lock_release
 .text.strnlen  0x8001e2cc       0xc8 C:/devkitPro/devkitPPC/bin/../lib/gcc/powerpc-eabi/13.2.0/../../../../powerpc-eabi/lib\libc.a(libc_a-strnlen.o)
                0x8001e2cc                strnlen
 .text.fseek    0x8001e394       0x54 C:/devkitPro/devkitPPC/bin/../lib/gcc/powerpc-eabi/13.2.0/../../../../powerpc-eabi/lib\libc.a(libc_a-fseek.o)
                0x8001e394                fseek
 .text._reclaim_reent
                0x8001e3e8       0xe4 C:/devkitPro/devkitPPC/bin/../lib/gcc/powerpc-eabi/13.2.0/../../../../powerpc-eabi/lib\libc.a(libc_a-reent.o)
                0x8001e3e8                _reclaim_reent
 .text.__errno  0x8001e4cc       0x20 C:/devkitPro/devkitPPC/bin/../lib/gcc/powerpc-eabi/13.2.0/../../../../powerpc-eabi/lib\libc.a(libc_a-errno.o)
                0x8001e4cc                __errno
 .text.__smakebuf_r
                0x8001e4ec      0x188 C:/devkitPro/devkitPPC/bin/../lib/gcc/powerpc-eabi/13.2.0/../../../../powerpc-eabi/lib\libc.a(libc_a-makebuf.o)
                0x8001e4ec                __smakebuf_r
 .text.__swhatbuf_r
                0x8001e674       0xec C:/devkitPro/devkitPPC/bin/../lib/gcc/powerpc-eabi/13.2.0/../../../../powerpc-eabi/lib\libc.a(libc_a-makebuf.o)
                0x8001e674                __swhatbuf_r
 .text.startup.register_fini
                0x8001e760        0xc C:/devkitPro/devkitPPC/bin/../lib/gcc/powerpc-eabi/13.2.0/../../../../powerpc-eabi/lib\libc.a(libc_a-__call_atexit.o)
 .text.__call_exitprocs
                0x8001e76c      0x200 C:/devkitPro/devkitPPC/bin/../lib/gcc/powerpc-eabi/13.2.0/../../../../powerpc-eabi/lib\libc.a(libc_a-__call_atexit.o)
                0x8001e76c                __call_exitprocs
 .text.atexit   0x8001e96c       0x14 C:/devkitPro/devkitPPC/bin/../lib/gcc/powerpc-eabi/13.2.0/../../../../powerpc-eabi/lib\libc.a(libc_a-atexit.o)
                0x8001e96c                atexit
 .text.lflush   0x8001e980       0x40 C:/devkitPro/devkitPPC/bin/../lib/gcc/powerpc-eabi/13.2.0/../../../../powerpc-eabi/lib\libc.a(libc_a-refill.o)
 .text.__srefill_r
                0x8001e9c0      0x218 C:/devkitPro/devkitPPC/bin/../lib/gcc/powerpc-eabi/13.2.0/../../../../powerpc-eabi/lib\libc.a(libc_a-refill.o)
                0x8001e9c0                __srefill_r
 .text.__sread  0x8001ebd8       0x74 C:/devkitPro/devkitPPC/bin/../lib/gcc/powerpc-eabi/13.2.0/../../../../powerpc-eabi/lib\libc.a(libc_a-stdio.o)
                0x8001ebd8                __sread
 .text.__swrite
                0x8001ec4c       0xb8 C:/devkitPro/devkitPPC/bin/../lib/gcc/powerpc-eabi/13.2.0/../../../../powerpc-eabi/lib\libc.a(libc_a-stdio.o)
                0x8001ec4c                __swrite
 .text.__sseek  0x8001ed04       0x70 C:/devkitPro/devkitPPC/bin/../lib/gcc/powerpc-eabi/13.2.0/../../../../powerpc-eabi/lib\libc.a(libc_a-stdio.o)
                0x8001ed04                __sseek
 .text.__sclose
                0x8001ed74        0x8 C:/devkitPro/devkitPPC/bin/../lib/gcc/powerpc-eabi/13.2.0/../../../../powerpc-eabi/lib\libc.a(libc_a-stdio.o)
                0x8001ed74                __sclose
 .text._fseeko_r
                0x8001ed7c      0x6c0 C:/devkitPro/devkitPPC/bin/../lib/gcc/powerpc-eabi/13.2.0/../../../../powerpc-eabi/lib\libc.a(libc_a-fseeko.o)
                0x8001ed7c                _fseeko_r
 .text.__register_exitproc
                0x8001f43c      0x12c C:/devkitPro/devkitPPC/bin/../lib/gcc/powerpc-eabi/13.2.0/../../../../powerpc-eabi/lib\libc.a(libc_a-__atexit.o)
                0x8001f43c                __register_exitproc
 .text.__flockfile
                0x8001f568       0x38 C:/devkitPro/devkitPPC/bin/../lib/gcc/powerpc-eabi/13.2.0/../../../../powerpc-eabi/lib\libsysbase.a(libsysbase_libsysbase_a-flock.o)
                0x8001f568                __flockfile
 .text.__funlockfile
                0x8001f5a0        0x8 C:/devkitPro/devkitPPC/bin/../lib/gcc/powerpc-eabi/13.2.0/../../../../powerpc-eabi/lib\libsysbase.a(libsysbase_libsysbase_a-flock.o)
                0x8001f5a0                __funlockfile
 .text._fstat_r
                0x8001f5a8       0xb0 C:/devkitPro/devkitPPC/bin/../lib/gcc/powerpc-eabi/13.2.0/../../../../powerpc-eabi/lib\libsysbase.a(libsysbase_libsysbase_a-fstat.o)
                0x8001f5a8                _fstat_r
 .text.__get_handle
                0x8001f658       0x90 C:/devkitPro/devkitPPC/bin/../lib/gcc/powerpc-eabi/13.2.0/../../../../powerpc-eabi/lib\libsysbase.a(libsysbase_libsysbase_a-handle_manager.o)
                0x8001f658                __get_handle
 .text._close_r
                0x8001f6e8      0x178 C:/devkitPro/devkitPPC/bin/../lib/gcc/powerpc-eabi/13.2.0/../../../../powerpc-eabi/lib\libsysbase.a(libsysbase_libsysbase_a-handle_manager.o)
                0x8001f6e8                _close_r
 .text._isatty_r
                0x8001f860        0x8 C:/devkitPro/devkitPPC/bin/../lib/gcc/powerpc-eabi/13.2.0/../../../../powerpc-eabi/lib\libsysbase.a(libsysbase_libsysbase_a-isatty.o)
                0x8001f860                _isatty_r
 .text._lseek_r
                0x8001f868       0xe0 C:/devkitPro/devkitPPC/bin/../lib/gcc/powerpc-eabi/13.2.0/../../../../powerpc-eabi/lib\libsysbase.a(libsysbase_libsysbase_a-lseek.o)
                0x8001f868                _lseek_r
 .text._read_r  0x8001f948       0xc4 C:/devkitPro/devkitPPC/bin/../lib/gcc/powerpc-eabi/13.2.0/../../../../powerpc-eabi/lib\libsysbase.a(libsysbase_libsysbase_a-read.o)
                0x8001f948                _read_r
 .text.__libc_lock_init
                0x8001fa0c       0x14 C:/devkitPro/devkitPPC/bin/../lib/gcc/powerpc-eabi/13.2.0/../../../../powerpc-eabi/lib\libsysbase.a(libsysbase_libsysbase_a-syscall_support.o)
                0x8001fa0c                __libc_lock_init
 .text.__libc_lock_acquire
                0x8001fa20       0x14 C:/devkitPro/devkitPPC/bin/../lib/gcc/powerpc-eabi/13.2.0/../../../../powerpc-eabi/lib\libsysbase.a(libsysbase_libsysbase_a-syscall_support.o)
                0x8001fa20                __libc_lock_acquire
 .text.__libc_lock_release
                0x8001fa34       0x14 C:/devkitPro/devkitPPC/bin/../lib/gcc/powerpc-eabi/13.2.0/../../../../powerpc-eabi/lib\libsysbase.a(libsysbase_libsysbase_a-syscall_support.o)
                0x8001fa34                __libc_lock_release
 .text.__libc_lock_close
                0x8001fa48       0x14 C:/devkitPro/devkitPPC/bin/../lib/gcc/powerpc-eabi/13.2.0/../../../../powerpc-eabi/lib\libsysbase.a(libsysbase_libsysbase_a-syscall_support.o)
                0x8001fa48                __libc_lock_close
 .text.__libc_lock_init_recursive
                0x8001fa5c       0x14 C:/devkitPro/devkitPPC/bin/../lib/gcc/powerpc-eabi/13.2.0/../../../../powerpc-eabi/lib\libsysbase.a(libsysbase_libsysbase_a-syscall_support.o)
                0x8001fa5c                __libc_lock_init_recursive
 .text.__malloc_lock
                0x8001fa70       0x14 C:/devkitPro/devkitPPC/bin/../lib/gcc/powerpc-eabi/13.2.0/../../../../powerpc-eabi/lib\libsysbase.a(libsysbase_libsysbase_a-syscall_support.o)
                0x8001fa70                __malloc_lock
 .text.__malloc_unlock
                0x8001fa84       0x14 C:/devkitPro/devkitPPC/bin/../lib/gcc/powerpc-eabi/13.2.0/../../../../powerpc-eabi/lib\libsysbase.a(libsysbase_libsysbase_a-syscall_support.o)
                0x8001fa84                __malloc_unlock
 .text._write_r
                0x8001fa98       0xc4 C:/devkitPro/devkitPPC/bin/../lib/gcc/powerpc-eabi/13.2.0/../../../../powerpc-eabi/lib\libsysbase.a(libsysbase_libsysbase_a-write.o)
                0x8001fa98                _write_r
 .text.__do_global_ctors_aux
                0x8001fb5c       0x50 C:/devkitPro/devkitPPC/bin/../lib/gcc/powerpc-eabi/13.2.0/crtend.o
 *(.gnu.warning)
 *(.gnu.linkonce.t.*)
                0x8001fbc0                        . = ALIGN (0x20)
 *fill*         0x8001fbac       0x14 00000000

.glink          0x8001fbc0        0x0
 .glink         0x8001fbc0        0x0 C:/devkitPro/devkitPPC/bin/../lib/gcc/powerpc-eabi/13.2.0/crtbegin.o

.fini           0x8001fbc0       0x20
 *(.fini)
 .fini          0x8001fbc0        0xc C:/devkitPro/devkitPPC/bin/../lib/gcc/powerpc-eabi/13.2.0/ecrti.o
                0x8001fbc0                __fini
 .fini          0x8001fbcc        0x4 C:/devkitPro/devkitPPC/bin/../lib/gcc/powerpc-eabi/13.2.0/crtbegin.o
 .fini          0x8001fbd0       0x10 C:/devkitPro/devkitPPC/bin/../lib/gcc/powerpc-eabi/13.2.0/ecrtn.o
                0x8001fbe0                        . = ALIGN (0x20)
                [!provide]                        PROVIDE (__etext = .)
                [!provide]                        PROVIDE (_etext = .)
                [!provide]                        PROVIDE (etext = .)

.rodata         0x8001fbe0   0x4882c4
 *(.rodata)
 .rodata        0x8001fbe0       0x50 C:/devkitPro/libogc/lib/cube\libogc.a(gx.o)
 *(.rodata.*)
 *fill*         0x8001fc30       0x10 
 .rodata.textures_tpl
                0x8001fc40   0x486f60 textures.tpl.o
                0x8001fc40                textures_tpl
                0x804a6ba0                textures_tpl_end
 .rodata.handleInput
                0x804a6ba0       0x84 main.o
 .rodata.cst4   0x804a6c24      0x144 main.o
                                 0x38 (size before relaxing)
 .rodata.CSWTCH.140
                0x804a6d68       0x5c C:/devkitPro/libogc/lib/cube\libogc.a(video.o)
 .rodata.video_timing
                0x804a6dc4      0x110 C:/devkitPro/libogc/lib/cube\libogc.a(video.o)
 .rodata._dsp_initcode
                0x804a6ed4       0x80 C:/devkitPro/libogc/lib/cube\libogc.a(system.o)
 .rodata.__SETVCDATTR
                0x804a6f54       0x68 C:/devkitPro/libogc/lib/cube\libogc.a(gx.o)
 .rodata.GX_InitTexObj.part.0
                0x804a6fbc       0x3c C:/devkitPro/libogc/lib/cube\libogc.a(gx.o)
 .rodata.GX_SetTevOp
                0x804a6ff8       0x14 C:/devkitPro/libogc/lib/cube\libogc.a(gx.o)
 .rodata.GX_SetGPMetric
                0x804a700c       0xe4 C:/devkitPro/libogc/lib/cube\libogc.a(gx.o)
 .rodata._gxtevcolid
                0x804a70f0        0x9 C:/devkitPro/libogc/lib/cube\libogc.a(gx.o)
 .rodata.cst4   0x804a70f9       0x6c C:/devkitPro/libogc/lib/cube\libogc.a(gx.o)
 .rodata.cst4   0x804a70f9       0x20 C:/devkitPro/libogc/lib/cube\libogc.a(gu.o)
 *fill*         0x804a70f9        0x3 
 .rodata.TPL_GetTextureSize
                0x804a70fc       0x3c C:/devkitPro/libogc/lib/cube\libogc.a(tpl.o)
 .rodata.cst4   0x804a7138        0x8 C:/devkitPro/libogc/lib/cube\libogc.a(tpl.o)
 .rodata.c_default_exceptionhandler.str1.4
                0x804a7138      0x37c C:/devkitPro/libogc/lib/cube\libogc.a(exception.o)
                                0x267 (size before relaxing)
 .rodata.str1.4
                0x804a74b4       0xa0 C:/devkitPro/libogc/lib/cube\libogc.a(exception.o)
 .rodata.exception_name
                0x804a74b4       0x3c C:/devkitPro/libogc/lib/cube\libogc.a(exception.o)
 .rodata.exception_location
                0x804a74f0       0x3c C:/devkitPro/libogc/lib/cube\libogc.a(exception.o)
 .rodata.__SetInterrupts
                0x804a752c       0x6c C:/devkitPro/libogc/lib/cube\libogc.a(irq.o)
 .rodata._irqPrio
                0x804a7598       0x2c C:/devkitPro/libogc/lib/cube\libogc.a(irq.o)
 .rodata.number.str1.4
                0x804a75c4       0x4d C:/devkitPro/libogc/lib/cube\libogc.a(kprintf.o)
 .rodata.kvsprintf.str1.4
                0x804a75c4        0x7 C:/devkitPro/libogc/lib/cube\libogc.a(kprintf.o)
 .rodata.kvsprintf
                0x804a75c4      0x2e4 C:/devkitPro/libogc/lib/cube\libogc.a(kprintf.o)
 .rodata.__console_write
                0x804a78a8       0xec C:/devkitPro/libogc/lib/cube\libogc.a(console.o)
 .rodata.color_table
                0x804a7994       0x40 C:/devkitPro/libogc/lib/cube\libogc.a(console.o)
 .rodata.str1.4
                0x804a79d4        0x7 C:/devkitPro/libogc/lib/cube\libogc.a(console.o)
 .rodata.dotab_stdout
                0x804a79d4       0x80 C:/devkitPro/libogc/lib/cube\libogc.a(console.o)
                0x804a79d4                dotab_stdout
 .rodata.cst4   0x804a7a54        0x4 C:/devkitPro/devkitPPC/bin/../lib/gcc/powerpc-eabi/13.2.0/../../../../powerpc-eabi/lib\libm.a(libm_a-sf_cos.o)
 .rodata.cst4   0x804a7a54        0x4 C:/devkitPro/devkitPPC/bin/../lib/gcc/powerpc-eabi/13.2.0/../../../../powerpc-eabi/lib\libm.a(libm_a-sf_tan.o)
 .rodata.cst4   0x804a7a54        0x4 C:/devkitPro/devkitPPC/bin/../lib/gcc/powerpc-eabi/13.2.0/../../../../powerpc-eabi/lib\libm.a(libm_a-sf_sin.o)
 .rodata.cst4   0x804a7a54       0x20 C:/devkitPro/devkitPPC/bin/../lib/gcc/powerpc-eabi/13.2.0/../../../../powerpc-eabi/lib\libm.a(libm_a-kf_sin.o)
 .rodata.cst4   0x804a7a54       0x50 C:/devkitPro/devkitPPC/bin/../lib/gcc/powerpc-eabi/13.2.0/../../../../powerpc-eabi/lib\libm.a(libm_a-kf_tan.o)
 .rodata.cst4   0x804a7a54       0x28 C:/devkitPro/devkitPPC/bin/../lib/gcc/powerpc-eabi/13.2.0/../../../../powerpc-eabi/lib\libm.a(libm_a-kf_cos.o)
 .rodata.npio2_hw
                0x804a7a54       0x80 C:/devkitPro/devkitPPC/bin/../lib/gcc/powerpc-eabi/13.2.0/../../../../powerpc-eabi/lib\libm.a(libm_a-ef_rem_pio2.o)
 .rodata.two_over_pi
                0x804a7ad4      0x318 C:/devkitPro/devkitPPC/bin/../lib/gcc/powerpc-eabi/13.2.0/../../../../powerpc-eabi/lib\libm.a(libm_a-ef_rem_pio2.o)
 .rodata.cst4   0x804a7dec       0x2c C:/devkitPro/devkitPPC/bin/../lib/gcc/powerpc-eabi/13.2.0/../../../../powerpc-eabi/lib\libm.a(libm_a-ef_rem_pio2.o)
 .rodata.PIo2   0x804a7dec       0x2c C:/devkitPro/devkitPPC/bin/../lib/gcc/powerpc-eabi/13.2.0/../../../../powerpc-eabi/lib\libm.a(libm_a-kf_rem_pio2.o)
 .rodata.init_jk
                0x804a7e18        0xc C:/devkitPro/devkitPPC/bin/../lib/gcc/powerpc-eabi/13.2.0/../../../../powerpc-eabi/lib\libm.a(libm_a-kf_rem_pio2.o)
 .rodata.cst4   0x804a7e24       0x24 C:/devkitPro/devkitPPC/bin/../lib/gcc/powerpc-eabi/13.2.0/../../../../powerpc-eabi/lib\libm.a(libm_a-kf_rem_pio2.o)
 .rodata.cst4   0x804a7e24       0x10 C:/devkitPro/devkitPPC/bin/../lib/gcc/powerpc-eabi/13.2.0/../../../../powerpc-eabi/lib\libm.a(libm_a-sf_floor.o)
 .rodata.cst4   0x804a7e24       0x18 C:/devkitPro/devkitPPC/bin/../lib/gcc/powerpc-eabi/13.2.0/../../../../powerpc-eabi/lib\libm.a(libm_a-sf_scalbn.o)
 .rodata.abort.str1.4
                0x804a7e24        0xf C:/devkitPro/devkitPPC/bin/../lib/gcc/powerpc-eabi/13.2.0/../../../../powerpc-eabi/lib\libsysbase.a(libsysbase_libsysbase_a-abort.o)
 .rodata.AddDevice.str1.4
                0x804a7e24        0x8 C:/devkitPro/devkitPPC/bin/../lib/gcc/powerpc-eabi/13.2.0/../../../../powerpc-eabi/lib\libsysbase.a(libsysbase_libsysbase_a-iosupport.o)
 .rodata.dotab_stdnull
                0x804a7e24       0x80 C:/devkitPro/devkitPPC/bin/../lib/gcc/powerpc-eabi/13.2.0/../../../../powerpc-eabi/lib\libsysbase.a(libsysbase_libsysbase_a-iosupport.o)
                0x804a7e24                dotab_stdnull
 *(.gnu.linkonce.r.*)

.eh_frame_hdr   0x804a7ea4      0xc44
 .eh_frame_hdr  0x804a7ea4      0xc44 C:/devkitPro/devkitPPC/bin/../lib/gcc/powerpc-eabi/13.2.0/../../../../powerpc-eabi/lib/crtmain.o
                0x804a7ea4                __GNU_EH_FRAME_HDR

.rodata1
 *(.rodata1)

.sdata2         0x804a8ae8       0x4c
                0x804a8ae8                        PROVIDE (_SDA2_BASE_ = .)
 *(.sdata2)
 .sdata2        0x804a8ae8        0x0 C:/devkitPro/devkitPPC/bin/../lib/gcc/powerpc-eabi/13.2.0/ecrti.o
                0x804a8ae8                __SDATA2_START__
 .sdata2        0x804a8ae8        0x0 C:/devkitPro/devkitPPC/bin/../lib/gcc/powerpc-eabi/13.2.0/crtbegin.o
 *(.sdata2.*)
 .sdata2.__sys_inIPL
                0x804a8ae8        0x4 C:/devkitPro/libogc/lib/cube\libogc.a(system.o)
 .sdata2.cm2hw.0
                0x804a8aec        0x4 C:/devkitPro/libogc/lib/cube\libogc.a(gx.o)
 .sdata2.GX2HWFiltConv.2
                0x804a8af0        0x8 C:/devkitPro/libogc/lib/cube\libogc.a(gx.o)
 .sdata2._gxtextlutids
                0x804a8af8        0x8 C:/devkitPro/libogc/lib/cube\libogc.a(gx.o)
 .sdata2._gxteximg3ids
                0x804a8b00        0x8 C:/devkitPro/libogc/lib/cube\libogc.a(gx.o)
 .sdata2._gxteximg2ids
                0x804a8b08        0x8 C:/devkitPro/libogc/lib/cube\libogc.a(gx.o)
 .sdata2._gxteximg1ids
                0x804a8b10        0x8 C:/devkitPro/libogc/lib/cube\libogc.a(gx.o)
 .sdata2._gxteximg0ids
                0x804a8b18        0x8 C:/devkitPro/libogc/lib/cube\libogc.a(gx.o)
 .sdata2._gxtexmode1ids
                0x804a8b20        0x8 C:/devkitPro/libogc/lib/cube\libogc.a(gx.o)
 .sdata2._gxtexmode0ids
                0x804a8b28        0x8 C:/devkitPro/libogc/lib/cube\libogc.a(gx.o)
 .sdata2.wgPipe
                0x804a8b30        0x4 C:/devkitPro/libogc/lib/cube\libogc.a(gx.o)
                0x804a8b30                wgPipe
 *(.gnu.linkonce.s2.*)

.sbss2          0x804a8b34        0x0
 *(.sbss2)
 .sbss2         0x804a8b34        0x0 C:/devkitPro/devkitPPC/bin/../lib/gcc/powerpc-eabi/13.2.0/ecrtn.o
 *(.sbss2.*)
 *(.gnu.linkonce.sb2.*)
                0x804a8b34                        . = ALIGN (0x4)
                [!provide]                        PROVIDE (__preinit_array_start = .)

.preinit_array
 *(.preinit_array)
                [!provide]                        PROVIDE (__preinit_array_end = .)
                [!provide]                        PROVIDE (__init_array_start = .)

.init_array
 *(.init_array)
                [!provide]                        PROVIDE (__init_array_end = .)
                [!provide]                        PROVIDE (__fini_array_start = .)

.fini_array
 *(.fini_array)
                [!provide]                        PROVIDE (__fini_array_end = .)

.data           0x804a8b38     0x3d48
 *(.data)
 .data          0x804a8b38       0x10 C:/devkitPro/libogc/lib/cube\libogc.a(system_asm.o)
 .data          0x804a8b48        0x4 C:/devkitPro/devkitPPC/bin/../lib/gcc/powerpc-eabi/13.2.0\libgcc.a(eabi.o)
 *(.data.*)
 .data.plane_tx_idx
                0x804a8b4c       0x90 main.o
                0x804a8b4c                plane_tx_idx
 .data.plane_idx
                0x804a8bdc       0x90 main.o
                0x804a8bdc                plane_idx
 .data.plane_tx
                0x804a8c6c       0x70 main.o
                0x804a8c6c                plane_tx
 .data.plane_vtx
                0x804a8cdc       0x60 main.o
                0x804a8cdc                plane_vtx
 .data.cylinder_tx_idx
                0x804a8d3c      0x5d0 main.o
                0x804a8d3c                cylinder_tx_idx
 .data.cylinder_idx
                0x804a930c      0x5d0 main.o
                0x804a930c                cylinder_idx
 .data.cylinder_tx
                0x804a98dc      0x410 main.o
                0x804a98dc                cylinder_tx
 .data.cylinder_vtx
                0x804a9cec      0x300 main.o
                0x804a9cec                cylinder_vtx
 .data.TVEurgb60Hz480Prog
                0x804a9fec       0x3c C:/devkitPro/libogc/lib/cube\libogc.a(video.o)
                0x804a9fec                TVEurgb60Hz480Prog
 .data.TVEurgb60Hz480IntDf
                0x804aa028       0x3c C:/devkitPro/libogc/lib/cube\libogc.a(video.o)
                0x804aa028                TVEurgb60Hz480IntDf
 .data.TVPal576ProgScale
                0x804aa064       0x3c C:/devkitPro/libogc/lib/cube\libogc.a(video.o)
                0x804aa064                TVPal576ProgScale
 .data.TVPal576IntDfScale
                0x804aa0a0       0x3c C:/devkitPro/libogc/lib/cube\libogc.a(video.o)
                0x804aa0a0                TVPal576IntDfScale
 .data.TVMpal480Prog
                0x804aa0dc       0x3c C:/devkitPro/libogc/lib/cube\libogc.a(video.o)
                0x804aa0dc                TVMpal480Prog
 .data.TVMpal480IntDf
                0x804aa118       0x3c C:/devkitPro/libogc/lib/cube\libogc.a(video.o)
                0x804aa118                TVMpal480IntDf
 .data.TVNtsc480Prog
                0x804aa154       0x3c C:/devkitPro/libogc/lib/cube\libogc.a(video.o)
                0x804aa154                TVNtsc480Prog
 .data.TVNtsc480IntDf
                0x804aa190       0x3c C:/devkitPro/libogc/lib/cube\libogc.a(video.o)
                0x804aa190                TVNtsc480IntDf
 .data.pad_resetinfo
                0x804aa1cc       0x10 C:/devkitPro/libogc/lib/cube\libogc.a(pad.o)
 .data.mem_resetinfo
                0x804aa1dc       0x10 C:/devkitPro/libogc/lib/cube\libogc.a(system.o)
 .data.__gx_resetinfo
                0x804aa1ec       0x10 C:/devkitPro/libogc/lib/cube\libogc.a(gx.o)
 .data.si_type  0x804aa1fc       0x10 C:/devkitPro/libogc/lib/cube\libogc.a(si.o)
 .data.xy       0x804aa20c       0x60 C:/devkitPro/libogc/lib/cube\libogc.a(si.o)
 .data.sicntrl  0x804aa26c       0x14 C:/devkitPro/libogc/lib/cube\libogc.a(si.o)
 .data.console_font_8x16
                0x804aa280     0x1000 C:/devkitPro/libogc/lib/cube\libogc.a(console_font_8x16.o)
                0x804aa280                console_font_8x16
 .data.devoptab_list
                0x804ab280       0x8c C:/devkitPro/devkitPPC/bin/../lib/gcc/powerpc-eabi/13.2.0/../../../../powerpc-eabi/lib\libsysbase.a(libsysbase_libsysbase_a-iosupport.o)
                0x804ab280                devoptab_list
 .data.__malloc_av_
                0x804ab30c      0x408 C:/devkitPro/devkitPPC/bin/../lib/gcc/powerpc-eabi/13.2.0/../../../../powerpc-eabi/lib\libc.a(libc_a-mallocr.o)
                0x804ab30c                __malloc_av_
 .data.__sglue  0x804ab714        0xc C:/devkitPro/devkitPPC/bin/../lib/gcc/powerpc-eabi/13.2.0/../../../../powerpc-eabi/lib\libc.a(libc_a-findfp.o)
                0x804ab714                __sglue
 .data._impure_data
                0x804ab720      0x120 C:/devkitPro/devkitPPC/bin/../lib/gcc/powerpc-eabi/13.2.0/../../../../powerpc-eabi/lib\libc.a(libc_a-impure.o)
                0x804ab720                _impure_data
 .data.handles  0x804ab840     0x1000 C:/devkitPro/devkitPPC/bin/../lib/gcc/powerpc-eabi/13.2.0/../../../../powerpc-eabi/lib\libsysbase.a(libsysbase_libsysbase_a-handle_manager.o)
 .data.__stderr_handle
                0x804ac840        0xc C:/devkitPro/devkitPPC/bin/../lib/gcc/powerpc-eabi/13.2.0/../../../../powerpc-eabi/lib\libsysbase.a(libsysbase_libsysbase_a-handle_manager.o)
 .data.__stdout_handle
                0x804ac84c        0xc C:/devkitPro/devkitPPC/bin/../lib/gcc/powerpc-eabi/13.2.0/../../../../powerpc-eabi/lib\libsysbase.a(libsysbase_libsysbase_a-handle_manager.o)
 .data.__stdin_handle
                0x804ac858        0xc C:/devkitPro/devkitPPC/bin/../lib/gcc/powerpc-eabi/13.2.0/../../../../powerpc-eabi/lib\libsysbase.a(libsysbase_libsysbase_a-handle_manager.o)
 *(.gnu.linkonce.d.*)
                0x804ac880                        . = ALIGN (0x20)
 *fill*         0x804ac864       0x1c 

.branch_lt      0x804ac880        0x0
 .branch_lt     0x804ac880        0x0 C:/devkitPro/devkitPPC/bin/../lib/gcc/powerpc-eabi/13.2.0/crtbegin.o

.data1
 *(.data1)

.tdata
 *(.tdata .tdata.* .gnu.linkonce.td.*)

.tbss
 *(.tbss .tbss.* .gnu.linkonce.tb.*)
 *(.tcommon)

.eh_frame       0x804ac880     0x425c
 *(.eh_frame)
 .eh_frame      0x804ac880        0x0 C:/devkitPro/devkitPPC/bin/../lib/gcc/powerpc-eabi/13.2.0/ecrti.o
                0x804ac880                __EH_FRAME_BEGIN__
 .eh_frame      0x804ac880        0x0 C:/devkitPro/devkitPPC/bin/../lib/gcc/powerpc-eabi/13.2.0/crtbegin.o
 .eh_frame      0x804ac880        0x0 C:/devkitPro/devkitPPC/bin/../lib/gcc/powerpc-eabi/13.2.0/crtbegin.o
 .eh_frame      0x804ac880       0x34 C:/devkitPro/devkitPPC/bin/../lib/gcc/powerpc-eabi/13.2.0/../../../../powerpc-eabi/lib/crtmain.o
 .eh_frame      0x804ac8b4      0x284 main.o
                                0x4cc (size before relaxing)
 .eh_frame      0x804acb38      0x218 C:/devkitPro/libogc/lib/cube\libogc.a(video.o)
                                0x2f4 (size before relaxing)
 .eh_frame      0x804acd50      0x35c C:/devkitPro/libogc/lib/cube\libogc.a(pad.o)
                                0x4d0 (size before relaxing)
 .eh_frame      0x804ad0ac      0x57c C:/devkitPro/libogc/lib/cube\libogc.a(system.o)
                                0xad4 (size before relaxing)
 .eh_frame      0x804ad628       0x14 C:/devkitPro/libogc/lib/cube\libogc.a(cond.o)
                                0x1ec (size before relaxing)
 .eh_frame      0x804ad63c      0x684 C:/devkitPro/libogc/lib/cube\libogc.a(gx.o)
                               0x1608 (size before relaxing)
 .eh_frame      0x804adcc0       0x88 C:/devkitPro/libogc/lib/cube\libogc.a(gu.o)
                                0x594 (size before relaxing)
 .eh_frame      0x804add48       0x28 C:/devkitPro/libogc/lib/cube\libogc.a(decrementer.o)
                                 0x3c (size before relaxing)
 .eh_frame      0x804add70       0x14 C:/devkitPro/libogc/lib/cube\libogc.a(message.o)
                                0x178 (size before relaxing)
 .eh_frame      0x804add84      0x464 C:/devkitPro/libogc/lib/cube\libogc.a(si.o)
                                0x53c (size before relaxing)
 .eh_frame      0x804ae1e8       0xa4 C:/devkitPro/libogc/lib/cube\libogc.a(tpl.o)
                                0x264 (size before relaxing)
 .eh_frame      0x804ae28c       0xa4 C:/devkitPro/libogc/lib/cube\libogc.a(timesupp.o)
                                0x1ec (size before relaxing)
 .eh_frame      0x804ae330       0xd0 C:/devkitPro/libogc/lib/cube\libogc.a(lock_supp.o)
                                 0xe4 (size before relaxing)
 .eh_frame      0x804ae400       0x3c C:/devkitPro/libogc/lib/cube\libogc.a(sbrk.o)
                                 0x50 (size before relaxing)
 .eh_frame      0x804ae43c       0x74 C:/devkitPro/libogc/lib/cube\libogc.a(malloc_lock.o)
                                 0x88 (size before relaxing)
 .eh_frame      0x804ae4b0       0x20 C:/devkitPro/libogc/lib/cube\libogc.a(argv.o)
                                 0x34 (size before relaxing)
 .eh_frame      0x804ae4d0       0x14 C:/devkitPro/libogc/lib/cube\libogc.a(lwp_priority.o)
                                 0x28 (size before relaxing)
 .eh_frame      0x804ae4e4      0x268 C:/devkitPro/libogc/lib/cube\libogc.a(lwp_threadq.o)