Archive member included to satisfy reference by file (symbol)

C:/devkitPro/libogc/lib/cube\libogc.a(video.o)
                              texture_cube.o (VIDEO_Init)
C:/devkitPro/libogc/lib/cube\libogc.a(pad.o)
                              texture_cube.o (PAD_Init)
C:/devkitPro/libogc/lib/cube\libogc.a(cache_asm.o)
                              texture_cube.o (DCFlushRange)
C:/devkitPro/libogc/lib/cube\libogc.a(system.o)
                              C:/devkitPro/libogc/lib/cube\libogc.a(video.o) (__SYS_LockSram)
C:/devkitPro/libogc/lib/cube\libogc.a(system_asm.o)
                              C:/devkitPro/libogc/lib/cube\libogc.a(system.o) (__reset)
C:/devkitPro/libogc/lib/cube\libogc.a(cond.o)
                              C:/devkitPro/libogc/lib/cube\libogc.a(system.o) (__lwp_cond_init)
C:/devkitPro/libogc/lib/cube\libogc.a(gx.o)
                              texture_cube.o (GX_Flush)
C:/devkitPro/libogc/lib/cube\libogc.a(gu.o)
                              texture_cube.o (guPerspective)
C:/devkitPro/libogc/lib/cube\libogc.a(gu_psasm.o)
                              texture_cube.o (ps_guMtxConcat)
C:/devkitPro/libogc/lib/cube\libogc.a(decrementer.o)
                              C:/devkitPro/libogc/lib/cube\libogc.a(system.o) (__decrementer_init)
C:/devkitPro/libogc/lib/cube\libogc.a(message.o)
                              C:/devkitPro/libogc/lib/cube\libogc.a(system.o) (__lwp_mqbox_init)
C:/devkitPro/libogc/lib/cube\libogc.a(si.o)
                              C:/devkitPro/libogc/lib/cube\libogc.a(pad.o) (SI_Busy)
C:/devkitPro/libogc/lib/cube\libogc.a(tpl.o)
                              texture_cube.o (TPL_OpenTPLFromMemory)
C:/devkitPro/libogc/lib/cube\libogc.a(ogc_crt0.o)
                              (_start)
C:/devkitPro/libogc/lib/cube\libogc.a(timesupp.o)
                              C:/devkitPro/libogc/lib/cube\libogc.a(system.o) (gettick)
C:/devkitPro/libogc/lib/cube\libogc.a(lock_supp.o)
                              C:/devkitPro/libogc/lib/cube\libogc.a(system.o) (__syscall_lock_init)
C:/devkitPro/libogc/lib/cube\libogc.a(sbrk.o)
                              C:/devkitPro/libogc/lib/cube\libogc.a(system.o) (_sbrk_r)
C:/devkitPro/libogc/lib/cube\libogc.a(malloc_lock.o)
                              C:/devkitPro/libogc/lib/cube\libogc.a(system.o) (__memlock_init)
C:/devkitPro/libogc/lib/cube\libogc.a(argv.o)
                              C:/devkitPro/libogc/lib/cube\libogc.a(ogc_crt0.o) (__CheckARGV)
C:/devkitPro/libogc/lib/cube\libogc.a(lwp_priority.o)
                              C:/devkitPro/libogc/lib/cube\libogc.a(system.o) (__lwp_priority_init)
C:/devkitPro/libogc/lib/cube\libogc.a(lwp_threadq.o)
                              C:/devkitPro/libogc/lib/cube\libogc.a(cond.o) (__lwp_threadqueue_init)
C:/devkitPro/libogc/lib/cube\libogc.a(lwp_threads.o)
                              C:/devkitPro/libogc/lib/cube\libogc.a(cond.o) (_thr_executing)
C:/devkitPro/libogc/lib/cube\libogc.a(lwp_messages.o)
                              C:/devkitPro/libogc/lib/cube\libogc.a(message.o) (__lwpmq_initialize)
C:/devkitPro/libogc/lib/cube\libogc.a(lwp.o)
                              C:/devkitPro/libogc/lib/cube\libogc.a(system.o) (__lwp_sysinit)
C:/devkitPro/libogc/lib/cube\libogc.a(lwp_handler.o)
                              C:/devkitPro/libogc/lib/cube\libogc.a(lwp_threads.o) (_cpu_context_save_fp)
C:/devkitPro/libogc/lib/cube\libogc.a(lwp_stack.o)
                              C:/devkitPro/libogc/lib/cube\libogc.a(lwp_threads.o) (__lwp_stack_allocate)
C:/devkitPro/libogc/lib/cube\libogc.a(lwp_mutex.o)
                              C:/devkitPro/libogc/lib/cube\libogc.a(malloc_lock.o) (__lwp_mutex_initialize)
C:/devkitPro/libogc/lib/cube\libogc.a(lwp_watchdog.o)
                              C:/devkitPro/libogc/lib/cube\libogc.a(system.o) (__lwp_watchdog_init)
C:/devkitPro/libogc/lib/cube\libogc.a(lwp_wkspace.o)
                              C:/devkitPro/libogc/lib/cube\libogc.a(lwp_messages.o) (__wkspace_heap)
C:/devkitPro/libogc/lib/cube\libogc.a(lwp_objmgr.o)
                              C:/devkitPro/libogc/lib/cube\libogc.a(system.o) (__lwp_objmgr_initinfo)
C:/devkitPro/libogc/lib/cube\libogc.a(lwp_heap.o)
                              C:/devkitPro/libogc/lib/cube\libogc.a(lwp_wkspace.o) (__lwp_heap_init)
C:/devkitPro/libogc/lib/cube\libogc.a(sys_state.o)
                              C:/devkitPro/libogc/lib/cube\libogc.a(system.o) (_sys_state_curr)
C:/devkitPro/libogc/lib/cube\libogc.a(exception.o)
                              C:/devkitPro/libogc/lib/cube\libogc.a(system.o) (__systemcall_init)
C:/devkitPro/libogc/lib/cube\libogc.a(irq.o)
                              C:/devkitPro/libogc/lib/cube\libogc.a(video.o) (__UnmaskIrq)
C:/devkitPro/libogc/lib/cube\libogc.a(irq_handler.o)
                              C:/devkitPro/libogc/lib/cube\libogc.a(exception.o) (irq_exceptionhandler)
[...]
Memory Configuration

Name             Origin             Length             Attributes
*default*        0x00000000         0xffffffff

Linker script and memory map

                0x80003100                        . = 0x80003100

.init           0x80003100      0x194
 *crt0.o(*.init)
 .init          0x80003100      0x170 C:/devkitPro/libogc/lib/cube\libogc.a(ogc_crt0.o)
                0x80003100                _start
                0x80003240                _memset
 *(.init)
 .init          0x80003270        0xc C:/devkitPro/devkitPPC/bin/../lib/gcc/powerpc-eabi/13.2.0/ecrti.o
                0x80003270                __init
 .init          0x8000327c        0x4 C:/devkitPro/devkitPPC/bin/../lib/gcc/powerpc-eabi/13.2.0/crtbegin.o
 .init          0x80003280        0x4 C:/devkitPro/devkitPPC/bin/../lib/gcc/powerpc-eabi/13.2.0/crtend.o
 .init          0x80003284       0x10 C:/devkitPro/devkitPPC/bin/../lib/gcc/powerpc-eabi/13.2.0/ecrtn.o

.rela.dyn       0x80003294        0x0
 .rela.iplt     0x80003294        0x0 C:/devkitPro/devkitPPC/bin/../lib/gcc/powerpc-eabi/13.2.0/crtbegin.o

.plt
 *(.plt)

.interp
 *(.interp)

.hash
 *(.hash)

.dynsym
 *(.dynsym)

.dynstr
 *(.dynstr)

.gnu.version
 *(.gnu.version)

.gnu.version_d
 *(.gnu.version_d)

.gnu.version_r
 *(.gnu.version_r)

.rel.init
 *(.rel.init)

.rela.init
 *(.rela.init)

.rel.text
 *(.rel.text .rel.text.* .rel.gnu.linkonce.t.*)

.rela.text      0x80003294        0x0
 *(.rela.text .rela.text.* .rela.gnu.linkonce.t.*)
 .rela.text.__do_global_dtors_aux
                0x80003294        0x0 C:/devkitPro/devkitPPC/bin/../lib/gcc/powerpc-eabi/13.2.0/crtbegin.o
 .rela.text.frame_dummy
                0x80003294        0x0 C:/devkitPro/devkitPPC/bin/../lib/gcc/powerpc-eabi/13.2.0/crtbegin.o

.rel.fini
 *(.rel.fini)

.rela.fini
 *(.rela.fini)

.rel.rodata
 *(.rel.rodata .rel.rodata.* .rel.gnu.linkonce.r.*)

.rela.rodata
 *(.rela.rodata .rela.rodata.* .rela.gnu.linkonce.r.*)

.rel.data
 *(.rel.data .rel.data.* .rel.gnu.linkonce.d.*)

.rela.data
 *(.rela.data .rela.data.* .rela.gnu.linkonce.d.*)

.rel.tdata
 *(.rel.tdata .rel.tdata.* .rel.gnu.linkonce.td.*)

.rela.tdata
 *(.rela.tdata .rela.tdata.* .rela.gnu.linkonce.td.*)

.rel.tbss
 *(.rel.tbss .rel.tbss.* .rel.gnu.linkonce.tb.*)

.rela.tbss
 *(.rela.tbss .rela.tbss.* .rela.gnu.linkonce.tb.*)

.rel.ctors
 *(.rel.ctors)

.rela.ctors
 *(.rela.ctors)

.rel.dtors
 *(.rel.dtors)

.rela.dtors
 *(.rela.dtors)

.rel.got
 *(.rel.got)

.rela.got
 *(.rela.got)

.rela.got1
 *(.rela.got1)

.rela.got2
 *(.rela.got2)

.rel.sdata
 *(.rel.sdata .rel.sdata.* .rel.gnu.linkonce.s.*)

.rela.sdata
 *(.rela.sdata .rela.sdata.* .rela.gnu.linkonce.s.*)

.rel.sbss
 *(.rel.sbss .rel.sbss.* .rel.gnu.linkonce.sb.*)

.rela.sbss
 *(.rela.sbss .rela.sbss.* .rel.gnu.linkonce.sb.*)

.rel.sdata2
 *(.rel.sdata2 .rel.sdata2.* .rel.gnu.linkonce.s2.*)

.rela.sdata2
 *(.rela.sdata2 .rela.sdata2.* .rela.gnu.linkonce.s2.*)

.rel.sbss2
 *(.rel.sbss2 .rel.sbss2.* .rel.gnu.linkonce.sb2.*)

.rela.sbss2
 *(.rela.sbss2 .rela.sbss2.* .rela.gnu.linkonce.sb2.*)

.rel.bss
 *(.rel.bss .rel.bss.* .rel.gnu.linkonce.b.*)

.rela.bss
 *(.rela.bss .rela.bss.* .rela.gnu.linkonce.b.*)

.rel.plt
 *(.rel.plt)

.rela.plt
 *(.rela.plt)

.text           0x800032a0    0x1c5a0
 *(.text)
 .text          0x800032a0      0x4f4 C:/devkitPro/libogc/lib/cube\libogc.a(cache_asm.o)
                0x800032a0                DCFlashInvalidate
                0x800032b4                DCEnable
                0x800032c8                DCDisable
                0x800032dc                DCFreeze
                0x800032f0                DCUnfreeze
                0x80003304                DCTouchLoad
                0x8000330c                DCBlockZero
                0x80003314                DCBlockStore
                0x8000331c                DCBlockFlush
                0x80003324                DCBlockInvalidate
                0x8000332c                DCInvalidateRange
                0x8000335c                DCFlushRange
                0x80003390                DCStoreRange
                0x800033c4                DCFlushRangeNoSync
                0x800033f4                DCStoreRangeNoSync
                0x80003424                DCZeroRange
                0x80003454                DCTouchRange
                0x80003484                ICInvalidateRange
                0x800034bc                ICFlashInvalidate
                0x800034d0                ICEnable
                0x800034e4                ICDisable
                0x800034f8                ICFreeze
                0x8000350c                ICUnfreeze
                0x80003520                ICBlockInvalidate
                0x80003528                ICSync
                0x80003530                L2Init
                0x80003578                L2Enable
                0x80003594                L2Disable
                0x800035ac                L2GlobalInvalidate
                0x80003604                __LCEnable
                0x800036d0                LCDisable
                0x800036f8                LCAllocOneTag
                0x8000370c                LCAllocTags
                0x8000374c                LCLoadBlocks
                0x80003770                LCStoreBlocks
 .text          0x80003794      0x434 C:/devkitPro/libogc/lib/cube\libogc.a(system_asm.o)
                0x80003794                __realmode
                0x800037ac                __configBATS
                0x80003880                __InitFPRS
                0x800039ac                __InitPS
                0x80003a08                __InitCache
                0x80003a60                __InitSystem
                0x80003ad8                __flush_cache
                0x80003b0c                __reset
                0x80003b7c                __InitBATS
                0x80003b98                SYS_SwitchFiber
 .text          0x80003bc8      0x8dc C:/devkitPro/libogc/lib/cube\libogc.a(gu_psasm.o)
                0x80003bc8                ps_guMtxConcat
                0x80003c8c                ps_guMtxIdentity
                0x80003cb8                ps_guMtxCopy
                0x80003cec                ps_guMtxTranspose
                0x80003d3c                ps_guMtxInverse
                0x80003e34                ps_guMtxInvXpose
                0x80003efc                ps_guMtxScale
                0x80003f24                ps_guMtxScaleApply
                0x80003f7c                ps_guMtxApplyScale
                0x80003fe0                ps_guMtxTrans
                0x80004014                ps_guMtxTransApply
                0x80004060                ps_guMtxApplyTrans
                0x800040dc                ps_guMtxRotTrig
                0x8000418c                __ps_guMtxRotAxisRadInternal
                0x8000424c                ps_guMtxReflect
                0x800042bc                ps_guVecAdd
                0x800042e0                ps_guVecSub
                0x80004304                ps_guVecScale
                0x80004320                ps_guVecNormalize
                0x80004364                ps_guVecCross
                0x800043a0                ps_guVecDotProduct
                0x800043c0                ps_guVecMultiply
                0x80004414                ps_guVecMultiplySR
                0x80004484                ps_guQuatDotProduct
 *fill*         0x800044a4       0x1c 00000000
 .text          0x800044c0      0x44c C:/devkitPro/libogc/lib/cube\libogc.a(lwp_handler.o)
                0x800044c0                _cpu_context_save_fp
                0x80004600                _cpu_context_restore_fp
                0x80004740                _cpu_context_switch
                0x80004820                _cpu_context_save
                0x800048a0                _cpu_context_restore
 .text          0x8000490c      0x1ac C:/devkitPro/libogc/lib/cube\libogc.a(irq_handler.o)
                0x8000490c                irq_exceptionhandler
 .text          0x80004ab8      0x1ac C:/devkitPro/libogc/lib/cube\libogc.a(decrementer_handler.o)
                0x80004ab8                dec_exceptionhandler
 .text          0x80004c64      0x35c C:/devkitPro/libogc/lib/cube\libogc.a(exception_handler.o)
                0x80004c64                exceptionhandler_start
                0x80004ce0                exceptionhandler_patch
                0x80004d14                exceptionhandler_end
                0x80004d18                default_exceptionhandler
                0x80004e48                fpu_exceptionhandler
                0x80004f90                systemcallhandler_start
                0x80004fbc                systemcallhandler_end
 .text          0x80004fc0       0x48 C:/devkitPro/devkitPPC/bin/../lib/gcc/powerpc-eabi/13.2.0\libgcc.a(eabi.o)
                0x80004fc0                __eabi
 *(.text.*)
 .text.__do_global_dtors_aux
                0x80005008       0xcc C:/devkitPro/devkitPPC/bin/../lib/gcc/powerpc-eabi/13.2.0/crtbegin.o
 .text.frame_dummy
                0x800050d4       0x24 C:/devkitPro/devkitPPC/bin/../lib/gcc/powerpc-eabi/13.2.0/crtbegin.o
 .text.__crtmain
                0x800050f8       0x44 C:/devkitPro/devkitPPC/bin/../lib/gcc/powerpc-eabi/13.2.0/../../../../powerpc-eabi/lib/crtmain.o
                0x800050fc                __crtmain
 .text.buildVertex
                0x8000513c       0x58 texture_cube.o
                0x8000513c                buildVertex
 .text.buildTriangle
                0x80005194       0xa8 texture_cube.o
                0x80005194                buildTriangle
 .text.buildModel
                0x8000523c       0xe0 texture_cube.o
                0x8000523c                buildModel
 .text.drawTriangle
                0x8000531c      0x14c texture_cube.o
                0x8000531c                drawTriangle
 .text.moveCamera
                0x80005468      0x184 texture_cube.o
                0x80005468                moveCamera
 .text.LoadModelView
                0x800055ec       0xb8 texture_cube.o
                0x800055ec                LoadModelView
 .text.startup.main
                0x800056a4      0x5d4 texture_cube.o
                0x800056a4                main
 .text.__VIRetraceHandler
                0x80005c78      0x1fc C:/devkitPro/libogc/lib/cube\libogc.a(video.o)
 .text.__setFbbRegs.constprop.0
                0x80005e74      0x190 C:/devkitPro/libogc/lib/cube\libogc.a(video.o)
 .text.VIDEO_Init
                0x80006004      0x4c8 C:/devkitPro/libogc/lib/cube\libogc.a(video.o)
                0x80006004                VIDEO_Init
 .text.VIDEO_Configure
                0x800064cc      0x5ec C:/devkitPro/libogc/lib/cube\libogc.a(video.o)
                0x800064cc                VIDEO_Configure
 .text.VIDEO_WaitVSync
                0x80006ab8       0x74 C:/devkitPro/libogc/lib/cube\libogc.a(video.o)
                0x80006ab8                VIDEO_WaitVSync
 .text.VIDEO_SetFramebuffer
                0x80006b2c      0x108 C:/devkitPro/libogc/lib/cube\libogc.a(video.o)
                0x80006b2c                VIDEO_SetFramebuffer
 .text.VIDEO_SetNextFramebuffer
                0x80006c34       0x70 C:/devkitPro/libogc/lib/cube\libogc.a(video.o)
                0x80006c34                VIDEO_SetNextFramebuffer
 .text.VIDEO_Flush
                0x80006ca4       0xf4 C:/devkitPro/libogc/lib/cube\libogc.a(video.o)
                0x80006ca4                VIDEO_Flush
 .text.VIDEO_SetBlack
                0x80006d98      0x15c C:/devkitPro/libogc/lib/cube\libogc.a(video.o)
                0x80006d98                VIDEO_SetBlack
 .text.VIDEO_GetCurrentTvMode
                0x80006ef4       0x78 C:/devkitPro/libogc/lib/cube\libogc.a(video.o)
                0x80006ef4                VIDEO_GetCurrentTvMode
 .text.VIDEO_GetPreferredMode
                0x80006f6c       0xf8 C:/devkitPro/libogc/lib/cube\libogc.a(video.o)
                0x80006f6c                VIDEO_GetPreferredMode
 .text.VIDEO_GetCurrentLine
                0x80007064       0x9c C:/devkitPro/libogc/lib/cube\libogc.a(video.o)
                0x80007064                VIDEO_GetCurrentLine
 .text.VIDEO_GetFrameBufferSize
                0x80007100       0x34 C:/devkitPro/libogc/lib/cube\libogc.a(video.o)
                0x80007100                VIDEO_GetFrameBufferSize
 .text.SPEC1_MakeStatus
                0x80007134      0x104 C:/devkitPro/libogc/lib/cube\libogc.a(pad.o)
 .text.__pad_samplinghandler
                0x80007238        0x4 C:/devkitPro/libogc/lib/cube\libogc.a(pad.o)
 .text.__pad_doreset
                0x8000723c       0x50 C:/devkitPro/libogc/lib/cube\libogc.a(pad.o)
 .text.__pad_updateorigin
                0x8000728c       0xa4 C:/devkitPro/libogc/lib/cube\libogc.a(pad.o)
 .text.__pad_disable
                0x80007330       0xbc C:/devkitPro/libogc/lib/cube\libogc.a(pad.o)
 .text.__pad_receivecheckcallback
                0x800073ec       0x84 C:/devkitPro/libogc/lib/cube\libogc.a(pad.o)
 .text.__pad_typeandstatuscallback
                0x80007470      0x1ac C:/devkitPro/libogc/lib/cube\libogc.a(pad.o)
 .text.__pad_originupdatecallback
                0x8000761c       0x2c C:/devkitPro/libogc/lib/cube\libogc.a(pad.o)
 .text.__pad_onreset
                0x80007648      0x108 C:/devkitPro/libogc/lib/cube\libogc.a(pad.o)
 .text.SPEC2_MakeStatus
                0x80007750      0x214 C:/devkitPro/libogc/lib/cube\libogc.a(pad.o)
 .text.__pad_origincallback
                0x80007964       0x74 C:/devkitPro/libogc/lib/cube\libogc.a(pad.o)
 .text.__pad_probecallback
                0x800079d8       0x88 C:/devkitPro/libogc/lib/cube\libogc.a(pad.o)
 .text.__PADDisableRecalibration
                0x80007a60       0x64 C:/devkitPro/libogc/lib/cube\libogc.a(pad.o)
                0x80007a60                __PADDisableRecalibration
 .text.PAD_Reset
                0x80007ac4       0xf0 C:/devkitPro/libogc/lib/cube\libogc.a(pad.o)
                0x80007ac4                PAD_Reset
 .text.PAD_Read
                0x80007bb4      0x2d4 C:/devkitPro/libogc/lib/cube\libogc.a(pad.o)
                0x80007bb4                PAD_Read
 .text.PAD_Init
                0x80007e88       0xf8 C:/devkitPro/libogc/lib/cube\libogc.a(pad.o)
                0x80007e88                PAD_Init
 .text.PAD_ScanPads
                0x80007f80      0x15c C:/devkitPro/libogc/lib/cube\libogc.a(pad.o)
                0x80007f80                PAD_ScanPads
 .text.PAD_ButtonsDown
                0x800080dc       0x40 C:/devkitPro/libogc/lib/cube\libogc.a(pad.o)
                0x800080dc                PAD_ButtonsDown
 .text.PAD_SubStickX
                0x8000811c       0x40 C:/devkitPro/libogc/lib/cube\libogc.a(pad.o)
                0x8000811c                PAD_SubStickX
 .text.PAD_StickX
                0x8000815c       0x40 C:/devkitPro/libogc/lib/cube\libogc.a(pad.o)
                0x8000815c                PAD_StickX
 .text.PAD_StickY
                0x8000819c       0x40 C:/devkitPro/libogc/lib/cube\libogc.a(pad.o)
                0x8000819c                PAD_StickY
 .text.__call_resetfuncs
                0x800081dc       0xbc C:/devkitPro/libogc/lib/cube\libogc.a(system.o)
 .text.__MEMInterruptHandler
                0x80008298       0x14 C:/devkitPro/libogc/lib/cube\libogc.a(system.o)
 .text.__RSWDefaultHandler
                0x800082ac        0x4 C:/devkitPro/libogc/lib/cube\libogc.a(system.o)
 .text.__getrtc
                0x800082b0      0x13c C:/devkitPro/libogc/lib/cube\libogc.a(system.o)
 .text.__sram_write
                0x800083ec      0x130 C:/devkitPro/libogc/lib/cube\libogc.a(system.o)
 .text.__sram_writecallback
                0x8000851c       0x54 C:/devkitPro/libogc/lib/cube\libogc.a(system.o)
 .text.__RSWHandler
                0x80008570       0xfc C:/devkitPro/libogc/lib/cube\libogc.a(system.o)
 .text.__mem_onreset
                0x8000866c       0x48 C:/devkitPro/libogc/lib/cube\libogc.a(system.o)
 .text.__unlocksram
                0x800086b4      0x174 C:/devkitPro/libogc/lib/cube\libogc.a(system.o)
 .text.__sys_alarmhandler
                0x80008828      0x154 C:/devkitPro/libogc/lib/cube\libogc.a(system.o)
 .text.__syscall_malloc_lock
                0x8000897c        0x4 C:/devkitPro/libogc/lib/cube\libogc.a(system.o)
                0x8000897c                __syscall_malloc_lock
 .text.__syscall_malloc_unlock
                0x80008980        0x4 C:/devkitPro/libogc/lib/cube\libogc.a(system.o)
                0x80008980                __syscall_malloc_unlock
 .text.__SYS_LockSram
                0x80008984       0x5c C:/devkitPro/libogc/lib/cube\libogc.a(system.o)
                0x80008984                __SYS_LockSram
 .text.__SYS_UnlockSram
                0x800089e0        0x8 C:/devkitPro/libogc/lib/cube\libogc.a(system.o)
                0x800089e0                __SYS_UnlockSram
 .text.__SYS_GetRTC
                0x800089e8       0xa0 C:/devkitPro/libogc/lib/cube\libogc.a(system.o)
                0x800089e8                __SYS_GetRTC
 .text.__SYS_SetBootTime
                0x80008a88      0x160 C:/devkitPro/libogc/lib/cube\libogc.a(system.o)
                0x80008a88                __SYS_SetBootTime
 .text.__SYS_PreInit
                0x80008be8        0x4 C:/devkitPro/libogc/lib/cube\libogc.a(system.o)
                0x80008be8                __SYS_PreInit
 .text.SYS_PreMain
                0x80008bec        0x4 C:/devkitPro/libogc/lib/cube\libogc.a(system.o)
                0x80008bec                SYS_PreMain
 .text.SYS_ResetButtonDown
                0x80008bf0       0x18 C:/devkitPro/libogc/lib/cube\libogc.a(system.o)
                0x80008bf0                SYS_ResetButtonDown
 .text.SYS_ResetSystem
                0x80008c08      0x2fc C:/devkitPro/libogc/lib/cube\libogc.a(system.o)
                0x80008c08                SYS_ResetSystem
 .text.__reload
                0x80008f04       0x80 C:/devkitPro/libogc/lib/cube\libogc.a(system.o)
                0x80008f04                __reload
 .text.__syscall_exit
                0x80008f84       0x90 C:/devkitPro/libogc/lib/cube\libogc.a(system.o)
                0x80008f84                __syscall_exit
 .text.SYS_RegisterResetFunc
                0x80009014       0x78 C:/devkitPro/libogc/lib/cube\libogc.a(system.o)
                0x80009014                SYS_RegisterResetFunc
 .text.SYS_SetArena1Lo
                0x8000908c       0x38 C:/devkitPro/libogc/lib/cube\libogc.a(system.o)
                0x8000908c                SYS_SetArena1Lo
 .text.SYS_GetArena1Lo
                0x800090c4       0x38 C:/devkitPro/libogc/lib/cube\libogc.a(system.o)
                0x800090c4                SYS_GetArena1Lo
 .text.SYS_GetArena1Hi
                0x800090fc       0x38 C:/devkitPro/libogc/lib/cube\libogc.a(system.o)
                0x800090fc                SYS_GetArena1Hi
 .text.SYS_AllocateFramebuffer
                0x80009134       0x28 C:/devkitPro/libogc/lib/cube\libogc.a(system.o)
                0x80009134                SYS_AllocateFramebuffer
 .text.SYS_CreateAlarm
                0x8000915c       0xf0 C:/devkitPro/libogc/lib/cube\libogc.a(system.o)
                0x8000915c                SYS_CreateAlarm
 .text.SYS_SetAlarm
                0x8000924c      0x20c C:/devkitPro/libogc/lib/cube\libogc.a(system.o)
                0x8000924c                SYS_SetAlarm
 .text.SYS_CancelAlarm
                0x80009458       0xbc C:/devkitPro/libogc/lib/cube\libogc.a(system.o)
                0x80009458                SYS_CancelAlarm
 .text.SYS_GetWirelessID
                0x80009514       0x94 C:/devkitPro/libogc/lib/cube\libogc.a(system.o)
                0x80009514                SYS_GetWirelessID
 .text.SYS_SetWirelessID
                0x800095a8       0x90 C:/devkitPro/libogc/lib/cube\libogc.a(system.o)
                0x800095a8                SYS_SetWirelessID
 .text.SYS_SetGBSMode
                0x80009638       0xa8 C:/devkitPro/libogc/lib/cube\libogc.a(system.o)
                0x80009638                SYS_SetGBSMode
 .text.__sram_init
                0x800096e0      0x1b8 C:/devkitPro/libogc/lib/cube\libogc.a(system.o)
                0x800096e0                __sram_init
 .text.SYS_Init
                0x80009898      0x65c C:/devkitPro/libogc/lib/cube\libogc.a(system.o)
                0x80009898                SYS_Init
 .text.SYS_Time
                0x80009ef4       0x78 C:/devkitPro/libogc/lib/cube\libogc.a(system.o)
                0x80009ef4                SYS_Time
 .text.__lwp_cond_init
                0x80009f6c       0x14 C:/devkitPro/libogc/lib/cube\libogc.a(cond.o)
                0x80009f6c                __lwp_cond_init
 .text.__GXTokenInterruptHandler
                0x80009f80       0x6c C:/devkitPro/libogc/lib/cube\libogc.a(gx.o)
 .text.__GXDefTlutRegionCallback
                0x80009fec       0x18 C:/devkitPro/libogc/lib/cube\libogc.a(gx.o)
 .text.__SetSURegs
                0x8000a004       0x90 C:/devkitPro/libogc/lib/cube\libogc.a(gx.o)
 .text.__SETVCDATTR
                0x8000a094      0x230 C:/devkitPro/libogc/lib/cube\libogc.a(gx.o)
 .text.__SETVCDFMT
                0x8000a2c4      0x4cc C:/devkitPro/libogc/lib/cube\libogc.a(gx.o)
 .text.__GXCPInterruptHandler
                0x8000a790      0x17c C:/devkitPro/libogc/lib/cube\libogc.a(gx.o)
 .text.__GXFinishInterruptHandler
                0x8000a90c       0x58 C:/devkitPro/libogc/lib/cube\libogc.a(gx.o)
 .text.GX_SetTexCoordGen2.part.0
                0x8000a964      0x254 C:/devkitPro/libogc/lib/cube\libogc.a(gx.o)
 .text.__GXDefTexRegionCallback
                0x8000abb8       0x58 C:/devkitPro/libogc/lib/cube\libogc.a(gx.o)
 .text.GX_InitTexObj.part.0
                0x8000ac10      0x19c C:/devkitPro/libogc/lib/cube\libogc.a(gx.o)
 .text.__GX_SetDirtyState
                0x8000adac      0x6ec C:/devkitPro/libogc/lib/cube\libogc.a(gx.o)
 .text.GX_SetCPUFifo
                0x8000b498      0x244 C:/devkitPro/libogc/lib/cube\libogc.a(gx.o)
                0x8000b498                GX_SetCPUFifo
 .text.GX_SetGPFifo
                0x8000b6dc      0x2ec C:/devkitPro/libogc/lib/cube\libogc.a(gx.o)
                0x8000b6dc                GX_SetGPFifo
 .text.GX_Flush
                0x8000b9c8       0x94 C:/devkitPro/libogc/lib/cube\libogc.a(gx.o)
                0x8000b9c8                GX_Flush
 .text.GX_AbortFrame
                0x8000ba5c      0x290 C:/devkitPro/libogc/lib/cube\libogc.a(gx.o)
                0x8000ba5c                GX_AbortFrame
 .text.__gx_onreset
                0x8000bcec       0x7c C:/devkitPro/libogc/lib/cube\libogc.a(gx.o)
 .text.GX_DrawDone
                0x8000bd68       0xf8 C:/devkitPro/libogc/lib/cube\libogc.a(gx.o)
                0x8000bd68                GX_DrawDone
 .text.GX_SetViewport
                0x8000be60       0x78 C:/devkitPro/libogc/lib/cube\libogc.a(gx.o)
                0x8000be60                GX_SetViewport
 .text.GX_LoadProjectionMtx
                0x8000bed8       0xf0 C:/devkitPro/libogc/lib/cube\libogc.a(gx.o)
                0x8000bed8                GX_LoadProjectionMtx
 .text.GX_SetCopyClear
                0x8000bfc8       0x4c C:/devkitPro/libogc/lib/cube\libogc.a(gx.o)
                0x8000bfc8                GX_SetCopyClear
 .text.GX_SetDispCopyGamma
                0x8000c014       0x18 C:/devkitPro/libogc/lib/cube\libogc.a(gx.o)
                0x8000c014                GX_SetDispCopyGamma
 .text.GX_SetCopyFilter
                0x8000c02c      0x268 C:/devkitPro/libogc/lib/cube\libogc.a(gx.o)
                0x8000c02c                GX_SetCopyFilter
 .text.GX_SetDispCopyYScale
                0x8000c294       0xf8 C:/devkitPro/libogc/lib/cube\libogc.a(gx.o)
                0x8000c294                GX_SetDispCopyYScale
 .text.GX_SetDispCopyDst
                0x8000c38c       0x20 C:/devkitPro/libogc/lib/cube\libogc.a(gx.o)
                0x8000c38c                GX_SetDispCopyDst
 .text.GX_SetDispCopySrc
                0x8000c3ac       0x38 C:/devkitPro/libogc/lib/cube\libogc.a(gx.o)
                0x8000c3ac                GX_SetDispCopySrc
 .text.GX_CopyDisp
                0x8000c3e4      0x124 C:/devkitPro/libogc/lib/cube\libogc.a(gx.o)
                0x8000c3e4                GX_CopyDisp
 .text.GX_SetVtxDesc
                0x8000c508       0x34 C:/devkitPro/libogc/lib/cube\libogc.a(gx.o)
                0x8000c508                GX_SetVtxDesc
 .text.GX_SetVtxAttrFmt
                0x8000c53c       0x54 C:/devkitPro/libogc/lib/cube\libogc.a(gx.o)
                0x8000c53c                GX_SetVtxAttrFmt
 .text.GX_Begin
                0x8000c590       0x7c C:/devkitPro/libogc/lib/cube\libogc.a(gx.o)
                0x8000c590                GX_Begin
 .text.GX_SetTexCoordGen
                0x8000c60c       0x14 C:/devkitPro/libogc/lib/cube\libogc.a(gx.o)
                0x8000c60c                GX_SetTexCoordGen
 .text.GX_LoadPosMtxImm
                0x8000c620       0x50 C:/devkitPro/libogc/lib/cube\libogc.a(gx.o)
                0x8000c620                GX_LoadPosMtxImm
 .text.GX_SetNumTexGens
                0x8000c670       0x28 C:/devkitPro/libogc/lib/cube\libogc.a(gx.o)
                0x8000c670                GX_SetNumTexGens
 .text.GX_InvVtxCache
                0x8000c698       0x14 C:/devkitPro/libogc/lib/cube\libogc.a(gx.o)
                0x8000c698                GX_InvVtxCache
 .text.GX_SetZMode
                0x8000c6ac       0x38 C:/devkitPro/libogc/lib/cube\libogc.a(gx.o)
                0x8000c6ac                GX_SetZMode
 .text.GX_InitTexObj
                0x8000c6e4        0xc C:/devkitPro/libogc/lib/cube\libogc.a(gx.o)
                0x8000c6e4                GX_InitTexObj
 .text.GX_InitTexObjLOD
                0x8000c6f0      0x214 C:/devkitPro/libogc/lib/cube\libogc.a(gx.o)
                0x8000c6f0                GX_InitTexObjLOD
 .text.GX_LoadTexObjPreloaded
                0x8000c904      0x158 C:/devkitPro/libogc/lib/cube\libogc.a(gx.o)
                0x8000c904                GX_LoadTexObjPreloaded
 .text.GX_LoadTexObj
                0x8000ca5c       0x5c C:/devkitPro/libogc/lib/cube\libogc.a(gx.o)
                0x8000ca5c                GX_LoadTexObj
 .text.GX_InvalidateTexAll
                0x8000cab8       0x50 C:/devkitPro/libogc/lib/cube\libogc.a(gx.o)
                0x8000cab8                GX_InvalidateTexAll
 .text.GX_SetBlendMode
                0x8000cb08       0xcc C:/devkitPro/libogc/lib/cube\libogc.a(gx.o)
                0x8000cb08                GX_SetBlendMode
 .text.GX_ClearVtxDesc
                0x8000cbd4       0x38 C:/devkitPro/libogc/lib/cube\libogc.a(gx.o)
                0x8000cbd4                GX_ClearVtxDesc
 .text.GX_SetTevColorIn
                0x8000cc0c       0x44 C:/devkitPro/libogc/lib/cube\libogc.a(gx.o)
                0x8000cc0c                GX_SetTevColorIn
 .text.GX_SetTevAlphaIn
                0x8000cc50       0x44 C:/devkitPro/libogc/lib/cube\libogc.a(gx.o)
                0x8000cc50                GX_SetTevAlphaIn
 .text.GX_SetTevColorOp
                0x8000cc94       0x98 C:/devkitPro/libogc/lib/cube\libogc.a(gx.o)
                0x8000cc94                GX_SetTevColorOp
 .text.GX_SetTevAlphaOp
                0x8000cd2c       0x98 C:/devkitPro/libogc/lib/cube\libogc.a(gx.o)
                0x8000cd2c                GX_SetTevAlphaOp
 .text.GX_SetTevOp
                0x8000cdc4      0x16c C:/devkitPro/libogc/lib/cube\libogc.a(gx.o)
                0x8000cdc4                GX_SetTevOp
 .text.GX_SetCullMode
                0x8000cf30       0x2c C:/devkitPro/libogc/lib/cube\libogc.a(gx.o)
                0x8000cf30                GX_SetCullMode
 .text.GX_SetScissor
                0x8000cf5c       0x78 C:/devkitPro/libogc/lib/cube\libogc.a(gx.o)
                0x8000cf5c                GX_SetScissor
 .text.GX_SetNumChans
                0x8000cfd4       0x28 C:/devkitPro/libogc/lib/cube\libogc.a(gx.o)
                0x8000cfd4                GX_SetNumChans
 .text.GX_SetTevOrder
                0x8000cffc      0x17c C:/devkitPro/libogc/lib/cube\libogc.a(gx.o)
                0x8000cffc                GX_SetTevOrder
 .text.GX_SetTevKColorSel
                0x8000d178       0x54 C:/devkitPro/libogc/lib/cube\libogc.a(gx.o)
                0x8000d178                GX_SetTevKColorSel
 .text.GX_SetTevKAlphaSel
                0x8000d1cc       0x54 C:/devkitPro/libogc/lib/cube\libogc.a(gx.o)
                0x8000d1cc                GX_SetTevKAlphaSel
 .text.GX_SetTevSwapModeTable
                0x8000d220       0x64 C:/devkitPro/libogc/lib/cube\libogc.a(gx.o)
                0x8000d220                GX_SetTevSwapModeTable
 .text.GX_SetFog
                0x8000d284      0x244 C:/devkitPro/libogc/lib/cube\libogc.a(gx.o)
                0x8000d284                GX_SetFog
 .text.GX_SetColorUpdate
                0x8000d4c8       0x30 C:/devkitPro/libogc/lib/cube\libogc.a(gx.o)
                0x8000d4c8                GX_SetColorUpdate
 .text.GX_SetPixelFmt
                0x8000d4f8       0xe0 C:/devkitPro/libogc/lib/cube\libogc.a(gx.o)
                0x8000d4f8                GX_SetPixelFmt
 .text.GX_SetFieldMode
                0x8000d5d8       0x58 C:/devkitPro/libogc/lib/cube\libogc.a(gx.o)
                0x8000d5d8                GX_SetFieldMode
 .text.GX_SetGPMetric
                0x8000d630      0x7fc C:/devkitPro/libogc/lib/cube\libogc.a(gx.o)
                0x8000d630                GX_SetGPMetric
 .text.GX_Init  0x8000de2c     0x11e8 C:/devkitPro/libogc/lib/cube\libogc.a(gx.o)
                0x8000de2c                GX_Init
 .text.guPerspective
                0x8000f014       0xe4 C:/devkitPro/libogc/lib/cube\libogc.a(gu.o)
                0x8000f014                guPerspective
 .text.guLookAt
                0x8000f0f8      0x13c C:/devkitPro/libogc/lib/cube\libogc.a(gu.o)
                0x8000f0f8                guLookAt
 .text.ps_guMtxRotAxisRad
                0x8000f234       0x50 C:/devkitPro/libogc/lib/cube\libogc.a(gu.o)
                0x8000f234                ps_guMtxRotAxisRad
 .text.__decrementer_init
                0x8000f284        0x4 C:/devkitPro/libogc/lib/cube\libogc.a(decrementer.o)
                0x8000f284                __decrementer_init
 .text.c_decrementer_handler
                0x8000f288        0xc C:/devkitPro/libogc/lib/cube\libogc.a(decrementer.o)
                0x8000f288                c_decrementer_handler
 .text.__lwp_mqbox_init
                0x8000f294       0x14 C:/devkitPro/libogc/lib/cube\libogc.a(message.o)
                0x8000f294                __lwp_mqbox_init
 .text.__si_transfer
                0x8000f2a8      0x1a4 C:/devkitPro/libogc/lib/cube\libogc.a(si.o)
 .text.__si_alarmhandler
                0x8000f44c       0xdc C:/devkitPro/libogc/lib/cube\libogc.a(si.o)
 .text.__si_completetransfer
                0x8000f528      0x1fc C:/devkitPro/libogc/lib/cube\libogc.a(si.o)
 .text.__si_transfernext
                0x8000f724       0xe0 C:/devkitPro/libogc/lib/cube\libogc.a(si.o)
 .text.SI_Busy  0x8000f804       0x18 C:/devkitPro/libogc/lib/cube\libogc.a(si.o)
                0x8000f804                SI_Busy
 .text.SI_IsChanBusy
                0x8000f81c       0x38 C:/devkitPro/libogc/lib/cube\libogc.a(si.o)
                0x8000f81c                SI_IsChanBusy
 .text.SI_SetXY
                0x8000f854       0x64 C:/devkitPro/libogc/lib/cube\libogc.a(si.o)
                0x8000f854                SI_SetXY
 .text.SI_EnablePolling
                0x8000f8b8       0x80 C:/devkitPro/libogc/lib/cube\libogc.a(si.o)
                0x8000f8b8                SI_EnablePolling
 .text.SI_DisablePolling
                0x8000f938       0x58 C:/devkitPro/libogc/lib/cube\libogc.a(si.o)
                0x8000f938                SI_DisablePolling
 .text.SI_SetSamplingRate
                0x8000f990       0xd8 C:/devkitPro/libogc/lib/cube\libogc.a(si.o)
                0x8000f990                SI_SetSamplingRate
 .text.SI_RefreshSamplingRate
                0x8000fa68        0x8 C:/devkitPro/libogc/lib/cube\libogc.a(si.o)
                0x8000fa68                SI_RefreshSamplingRate
 .text.SI_GetStatus
                0x8000fa70       0x78 C:/devkitPro/libogc/lib/cube\libogc.a(si.o)
                0x8000fa70                SI_GetStatus
 .text.SI_GetResponseRaw
                0x8000fae8       0xe8 C:/devkitPro/libogc/lib/cube\libogc.a(si.o)
                0x8000fae8                SI_GetResponseRaw
 .text.SI_GetResponse
                0x8000fbd0       0xb8 C:/devkitPro/libogc/lib/cube\libogc.a(si.o)
                0x8000fbd0                SI_GetResponse
 .text.SI_SetCommand
                0x8000fc88       0x10 C:/devkitPro/libogc/lib/cube\libogc.a(si.o)
                0x8000fc88                SI_SetCommand
 .text.SI_Transfer
                0x8000fc98      0x294 C:/devkitPro/libogc/lib/cube\libogc.a(si.o)
                0x8000fc98                SI_Transfer
 .text.__si_gettypecallback
                0x8000ff2c      0x2c0 C:/devkitPro/libogc/lib/cube\libogc.a(si.o)
 .text.__si_interrupthandler
                0x800101ec      0x268 C:/devkitPro/libogc/lib/cube\libogc.a(si.o)
 .text.SI_GetType
                0x80010454      0x1f4 C:/devkitPro/libogc/lib/cube\libogc.a(si.o)
                0x80010454                SI_GetType
 .text.SI_GetTypeAsync
                0x80010648      0x138 C:/devkitPro/libogc/lib/cube\libogc.a(si.o)
                0x80010648                SI_GetTypeAsync
 .text.SI_EnablePollingInterrupt
                0x80010780       0x8c C:/devkitPro/libogc/lib/cube\libogc.a(si.o)
                0x80010780                SI_EnablePollingInterrupt
 .text.SI_UnregisterPollingHandler
                0x8001080c       0xe0 C:/devkitPro/libogc/lib/cube\libogc.a(si.o)
                0x8001080c                SI_UnregisterPollingHandler
 .text.__si_init
                0x800108ec       0xe8 C:/devkitPro/libogc/lib/cube\libogc.a(si.o)
                0x800108ec                __si_init
 .text.TPL_GetTextureSize
                0x800109d4       0x9c C:/devkitPro/libogc/lib/cube\libogc.a(tpl.o)
 .text.TPL_OpenTPLFromMemory
                0x80010a70       0xa4 C:/devkitPro/libogc/lib/cube\libogc.a(tpl.o)
                0x80010a70                TPL_OpenTPLFromMemory
 .text.TPL_GetTexture
                0x80010b14      0x200 C:/devkitPro/libogc/lib/cube\libogc.a(tpl.o)
                0x80010b14                TPL_GetTexture
 .text.gettick  0x80010d14        0x8 C:/devkitPro/libogc/lib/cube\libogc.a(timesupp.o)
                0x80010d14                gettick
 .text.gettime  0x80010d1c       0x18 C:/devkitPro/libogc/lib/cube\libogc.a(timesupp.o)
                0x80010d1c                gettime
 .text.settime  0x80010d34       0x14 C:/devkitPro/libogc/lib/cube\libogc.a(timesupp.o)
                0x80010d34                settime
 .text.diff_usec
                0x80010d48       0x88 C:/devkitPro/libogc/lib/cube\libogc.a(timesupp.o)
                0x80010d48                diff_usec
 .text.__timesystem_init
                0x80010dd0       0x1c C:/devkitPro/libogc/lib/cube\libogc.a(timesupp.o)
                0x80010dd0                __timesystem_init
 .text.udelay   0x80010dec       0xac C:/devkitPro/libogc/lib/cube\libogc.a(timesupp.o)
                0x80010dec                udelay
 .text.__syscall_lock_init
                0x80010e98       0x6c C:/devkitPro/libogc/lib/cube\libogc.a(lock_supp.o)
                0x80010e98                __syscall_lock_init
 .text.__syscall_lock_init_recursive
                0x80010f04       0x6c C:/devkitPro/libogc/lib/cube\libogc.a(lock_supp.o)
                0x80010f04                __syscall_lock_init_recursive
 .text.__syscall_lock_close
                0x80010f70       0x68 C:/devkitPro/libogc/lib/cube\libogc.a(lock_supp.o)
                0x80010f70                __syscall_lock_close
 .text.__syscall_lock_acquire
                0x80010fd8       0x18 C:/devkitPro/libogc/lib/cube\libogc.a(lock_supp.o)
                0x80010fd8                __syscall_lock_acquire
 .text.__syscall_lock_release
                0x80010ff0       0x18 C:/devkitPro/libogc/lib/cube\libogc.a(lock_supp.o)
                0x80010ff0                __syscall_lock_release
 .text._sbrk_r  0x80011008       0xe0 C:/devkitPro/libogc/lib/cube\libogc.a(sbrk.o)
                0x80011008                _sbrk_r
 .text.__memlock_init
                0x800110e8       0x7c C:/devkitPro/libogc/lib/cube\libogc.a(malloc_lock.o)
                0x800110e8                __memlock_init
 .text.__libogc_malloc_lock
                0x80011164      0x1fc C:/devkitPro/libogc/lib/cube\libogc.a(malloc_lock.o)
                0x80011164                __libogc_malloc_lock
 .text.__libogc_malloc_unlock
                0x80011360       0x64 C:/devkitPro/libogc/lib/cube\libogc.a(malloc_lock.o)
                0x80011360                __libogc_malloc_unlock
 .text.__CheckARGV
                0x800113c4       0x80 C:/devkitPro/libogc/lib/cube\libogc.a(argv.o)
                0x800113c4                __CheckARGV
 .text.__lwp_priority_init
                0x80011444       0x1c C:/devkitPro/libogc/lib/cube\libogc.a(lwp_priority.o)
                0x80011444                __lwp_priority_init
 .text.__lwp_threadqueue_enqueuefifo
                0x80011460      0x12c C:/devkitPro/libogc/lib/cube\libogc.a(lwp_threadq.o)
                0x80011460                __lwp_threadqueue_enqueuefifo
 .text.__lwp_threadqueue_dequeuefifo
                0x8001158c      0x134 C:/devkitPro/libogc/lib/cube\libogc.a(lwp_threadq.o)
                0x8001158c                __lwp_threadqueue_dequeuefifo
 .text.__lwp_threadqueue_enqueuepriority
                0x800116c0      0x334 C:/devkitPro/libogc/lib/cube\libogc.a(lwp_threadq.o)
                0x800116c0                __lwp_threadqueue_enqueuepriority
 .text.__lwp_threadqueue_dequeuepriority
                0x800119f4      0x1d8 C:/devkitPro/libogc/lib/cube\libogc.a(lwp_threadq.o)
                0x800119f4                __lwp_threadqueue_dequeuepriority
 .text.__lwp_threadqueue_init
                0x80011bcc       0x64 C:/devkitPro/libogc/lib/cube\libogc.a(lwp_threadq.o)
                0x80011bcc                __lwp_threadqueue_init
 .text.__lwp_threadqueue_enqueue
                0x80011c30      0x138 C:/devkitPro/libogc/lib/cube\libogc.a(lwp_threadq.o)
                0x80011c30                __lwp_threadqueue_enqueue
 .text.__lwp_threadqueue_dequeue
                0x80011d68       0x24 C:/devkitPro/libogc/lib/cube\libogc.a(lwp_threadq.o)
                0x80011d68                __lwp_threadqueue_dequeue
 .text.__lwp_threadqueue_flush
                0x80011d8c       0x68 C:/devkitPro/libogc/lib/cube\libogc.a(lwp_threadq.o)
                0x80011d8c                __lwp_threadqueue_flush
 .text.__lwp_threadqueue_extractfifo
                0x80011df4       0xe8 C:/devkitPro/libogc/lib/cube\libogc.a(lwp_threadq.o)
                0x80011df4                __lwp_threadqueue_extractfifo
 .text.__lwp_threadqueue_extractpriority
                0x80011edc      0x148 C:/devkitPro/libogc/lib/cube\libogc.a(lwp_threadq.o)
                0x80011edc                __lwp_threadqueue_extractpriority
 .text.__lwp_threadqueue_timeout
                0x80012024       0xd0 C:/devkitPro/libogc/lib/cube\libogc.a(lwp_threadq.o)
 .text.__lwp_threadqueue_extractproxy
                0x800120f4       0x64 C:/devkitPro/libogc/lib/cube\libogc.a(lwp_threadq.o)
                0x800120f4                __lwp_threadqueue_extractproxy
 .text.__syscall_getreent
                0x80012158       0x24 C:/devkitPro/libogc/lib/cube\libogc.a(lwp_threads.o)
                0x80012158                __syscall_getreent
 .text.__lwp_isr_in_progress
                0x8001217c        0x8 C:/devkitPro/libogc/lib/cube\libogc.a(lwp_threads.o)
                0x8001217c                __lwp_isr_in_progress
 .text.__thread_dispatch_fp
                0x80012184       0x88 C:/devkitPro/libogc/lib/cube\libogc.a(lwp_threads.o)
                0x80012184                __thread_dispatch_fp
 .text.__thread_dispatch
                0x8001220c       0xf4 C:/devkitPro/libogc/lib/cube\libogc.a(lwp_threads.o)
                0x8001220c                __thread_dispatch
 .text.__lwp_thread_resettimeslice
                0x80012300       0xb4 C:/devkitPro/libogc/lib/cube\libogc.a(lwp_threads.o)
                0x80012300                __lwp_thread_resettimeslice
 .text.__lwp_thread_tickle_timeslice
                0x800123b4       0xc8 C:/devkitPro/libogc/lib/cube\libogc.a(lwp_threads.o)
                0x800123b4                __lwp_thread_tickle_timeslice
 .text.__lwp_thread_setstate
                0x8001247c      0x16c C:/devkitPro/libogc/lib/cube\libogc.a(lwp_threads.o)
                0x8001247c                __lwp_thread_setstate
 .text.__lwp_thread_clearstate
                0x800125e8       0xe4 C:/devkitPro/libogc/lib/cube\libogc.a(lwp_threads.o)
                0x800125e8                __lwp_thread_clearstate
 .text.__lwp_thread_suspend
                0x800126cc      0x17c C:/devkitPro/libogc/lib/cube\libogc.a(lwp_threads.o)
                0x800126cc                __lwp_thread_suspend
 .text.__lwp_thread_settransient
                0x80012848       0xb4 C:/devkitPro/libogc/lib/cube\libogc.a(lwp_threads.o)
                0x80012848                __lwp_thread_settransient
 .text.__lwp_thread_changepriority
                0x800128fc      0x1f8 C:/devkitPro/libogc/lib/cube\libogc.a(lwp_threads.o)
                0x800128fc                __lwp_thread_changepriority
 .text.__lwp_thread_resume
                0x80012af4      0x12c C:/devkitPro/libogc/lib/cube\libogc.a(lwp_threads.o)
                0x80012af4                __lwp_thread_resume
 .text.__lwp_thread_ready
                0x80012c20       0xf0 C:/devkitPro/libogc/lib/cube\libogc.a(lwp_threads.o)
                0x80012c20                __lwp_thread_ready
 .text.__lwp_thread_init
                0x80012d10      0x160 C:/devkitPro/libogc/lib/cube\libogc.a(lwp_threads.o)
                0x80012d10                __lwp_thread_init
 .text.__lwp_thread_close
                0x80012e70      0x144 C:/devkitPro/libogc/lib/cube\libogc.a(lwp_threads.o)
                0x80012e70                __lwp_thread_close
 .text.__lwp_thread_handler
                0x80012fb4       0xc0 C:/devkitPro/libogc/lib/cube\libogc.a(lwp_threads.o)
 .text.__lwp_thread_closeall
                0x80013074       0xb0 C:/devkitPro/libogc/lib/cube\libogc.a(lwp_threads.o)
                0x80013074                __lwp_thread_closeall
 .text.__lwp_thread_start
                0x80013124      0x150 C:/devkitPro/libogc/lib/cube\libogc.a(lwp_threads.o)
                0x80013124                __lwp_thread_start
 .text.__lwp_thread_startmultitasking
                0x80013274       0xac C:/devkitPro/libogc/lib/cube\libogc.a(lwp_threads.o)
                0x80013274                __lwp_thread_startmultitasking
 .text.__lwp_thread_stopmultitasking
                0x80013320       0x58 C:/devkitPro/libogc/lib/cube\libogc.a(lwp_threads.o)
                0x80013320                __lwp_thread_stopmultitasking
 .text.__lwp_thread_coreinit
                0x80013378       0xc4 C:/devkitPro/libogc/lib/cube\libogc.a(lwp_threads.o)
                0x80013378                __lwp_thread_coreinit
 .text.idle_func
                0x8001343c        0x4 C:/devkitPro/libogc/lib/cube\libogc.a(lwp.o)
 .text.__lwp_sysinit
                0x80013440      0x114 C:/devkitPro/libogc/lib/cube\libogc.a(lwp.o)
                0x80013440                __lwp_sysinit
 .text.LWP_SuspendThread
                0x80013554       0xc0 C:/devkitPro/libogc/lib/cube\libogc.a(lwp.o)
                0x80013554                LWP_SuspendThread
 .text.LWP_ResumeThread
                0x80013614       0xd0 C:/devkitPro/libogc/lib/cube\libogc.a(lwp.o)
                0x80013614                LWP_ResumeThread
 .text.LWP_GetSelf
                0x800136e4       0x28 C:/devkitPro/libogc/lib/cube\libogc.a(lwp.o)
                0x800136e4                LWP_GetSelf
 .text.LWP_InitQueue
                0x8001370c      0x140 C:/devkitPro/libogc/lib/cube\libogc.a(lwp.o)
                0x8001370c                LWP_InitQueue
 .text.LWP_ThreadSleep
                0x8001384c       0xf8 C:/devkitPro/libogc/lib/cube\libogc.a(lwp.o)
                0x8001384c                LWP_ThreadSleep
 .text.LWP_ThreadBroadcast
                0x80013944       0x88 C:/devkitPro/libogc/lib/cube\libogc.a(lwp.o)
                0x80013944                LWP_ThreadBroadcast
 .text.__lwp_stack_allocate
                0x800139cc       0x60 C:/devkitPro/libogc/lib/cube\libogc.a(lwp_stack.o)
                0x800139cc                __lwp_stack_allocate
 .text.__lwp_stack_free
                0x80013a2c       0x1c C:/devkitPro/libogc/lib/cube\libogc.a(lwp_stack.o)
                0x80013a2c                __lwp_stack_free
 .text.__lwp_mutex_initialize
                0x80013a48       0xa4 C:/devkitPro/libogc/lib/cube\libogc.a(lwp_mutex.o)
                0x80013a48                __lwp_mutex_initialize
 .text.__lwp_mutex_surrender
                0x80013aec      0x14c C:/devkitPro/libogc/lib/cube\libogc.a(lwp_mutex.o)
                0x80013aec                __lwp_mutex_surrender
 .text.__lwp_mutex_seize_irq_blocking
                0x80013c38       0xf8 C:/devkitPro/libogc/lib/cube\libogc.a(lwp_mutex.o)
                0x80013c38                __lwp_mutex_seize_irq_blocking
 .text.__lwp_mutex_flush
                0x80013d30        0x4 C:/devkitPro/libogc/lib/cube\libogc.a(lwp_mutex.o)
                0x80013d30                __lwp_mutex_flush
 .text.__lwp_wd_settimer
                0x80013d34       0xe0 C:/devkitPro/libogc/lib/cube\libogc.a(lwp_watchdog.o)
 .text.__lwp_watchdog_init
                0x80013e14       0x2c C:/devkitPro/libogc/lib/cube\libogc.a(lwp_watchdog.o)
                0x80013e14                __lwp_watchdog_init
 .text.__lwp_wd_insert
                0x80013e40      0x194 C:/devkitPro/libogc/lib/cube\libogc.a(lwp_watchdog.o)
                0x80013e40                __lwp_wd_insert
 .text.__lwp_wd_remove
                0x80013fd4      0x138 C:/devkitPro/libogc/lib/cube\libogc.a(lwp_watchdog.o)
                0x80013fd4                __lwp_wd_remove
 .text.__lwp_wd_tickle
                0x8001410c      0x120 C:/devkitPro/libogc/lib/cube\libogc.a(lwp_watchdog.o)
                0x8001410c                __lwp_wd_tickle
 .text.__lwp_wkspace_init
                0x8001422c       0xc0 C:/devkitPro/libogc/lib/cube\libogc.a(lwp_wkspace.o)
                0x8001422c                __lwp_wkspace_init
 .text.__lwp_objmgr_initinfo
                0x800142ec      0x1a0 C:/devkitPro/libogc/lib/cube\libogc.a(lwp_objmgr.o)
                0x800142ec                __lwp_objmgr_initinfo
 .text.__lwp_objmgr_getisrdisable
                0x8001448c       0x60 C:/devkitPro/libogc/lib/cube\libogc.a(lwp_objmgr.o)
                0x8001448c                __lwp_objmgr_getisrdisable
 .text.__lwp_objmgr_getnoprotection
                0x800144ec       0x24 C:/devkitPro/libogc/lib/cube\libogc.a(lwp_objmgr.o)
                0x800144ec                __lwp_objmgr_getnoprotection
 .text.__lwp_objmgr_get
                0x80014510       0x6c C:/devkitPro/libogc/lib/cube\libogc.a(lwp_objmgr.o)
                0x80014510                __lwp_objmgr_get
 .text.__lwp_objmgr_allocate
                0x8001457c       0x88 C:/devkitPro/libogc/lib/cube\libogc.a(lwp_objmgr.o)
                0x8001457c                __lwp_objmgr_allocate
 .text.__lwp_objmgr_free
                0x80014604       0x60 C:/devkitPro/libogc/lib/cube\libogc.a(lwp_objmgr.o)
                0x80014604                __lwp_objmgr_free
 .text.__lwp_heap_init
                0x80014664       0xa4 C:/devkitPro/libogc/lib/cube\libogc.a(lwp_heap.o)
                0x80014664                __lwp_heap_init
 .text.__lwp_heap_allocate
                0x80014708      0x160 C:/devkitPro/libogc/lib/cube\libogc.a(lwp_heap.o)
                0x80014708                __lwp_heap_allocate
 .text.__lwp_heap_free
                0x80014868      0x188 C:/devkitPro/libogc/lib/cube\libogc.a(lwp_heap.o)
                0x80014868                __lwp_heap_free
 .text.__systemcall_init
                0x800149f0       0x70 C:/devkitPro/libogc/lib/cube\libogc.a(exception.o)
                0x800149f0                __systemcall_init
 .text.__exception_init
                0x80014a60      0x120 C:/devkitPro/libogc/lib/cube\libogc.a(exception.o)
                0x80014a60                __exception_init
 .text.__exception_close
                0x80014b80       0xac C:/devkitPro/libogc/lib/cube\libogc.a(exception.o)
                0x80014b80                __exception_close
 .text.__exception_closeall
                0x80014c2c       0x80 C:/devkitPro/libogc/lib/cube\libogc.a(exception.o)
                0x80014c2c                __exception_closeall
 .text.c_default_exceptionhandler
                0x80014cac      0x464 C:/devkitPro/libogc/lib/cube\libogc.a(exception.o)
                0x80014cac                c_default_exceptionhandler
 .text.__SetInterrupts
                0x80015110      0x25c C:/devkitPro/libogc/lib/cube\libogc.a(irq.o)
 .text.c_irqdispatcher
                0x8001536c      0x278 C:/devkitPro/libogc/lib/cube\libogc.a(irq.o)
                0x8001536c                c_irqdispatcher
 .text.__UnmaskIrq
                0x800155e4       0x84 C:/devkitPro/libogc/lib/cube\libogc.a(irq.o)
                0x800155e4                __UnmaskIrq
 .text.__MaskIrq
                0x80015668       0x84 C:/devkitPro/libogc/lib/cube\libogc.a(irq.o)
                0x80015668                __MaskIrq
 .text.__irq_init
                0x800156ec       0x84 C:/devkitPro/libogc/lib/cube\libogc.a(irq.o)
                0x800156ec                __irq_init
 .text.IRQ_Request
                0x80015770       0x50 C:/devkitPro/libogc/lib/cube\libogc.a(irq.o)
                0x80015770                IRQ_Request
 .text.IRQ_GetHandler
                0x800157c0       0x44 C:/devkitPro/libogc/lib/cube\libogc.a(irq.o)
                0x800157c0                IRQ_GetHandler
 .text.__lwp_sema_init
                0x80015804       0x14 C:/devkitPro/libogc/lib/cube\libogc.a(semaphore.o)
                0x80015804                __lwp_sema_init
 .text.__exi_irq_handler
                0x80015818       0x58 C:/devkitPro/libogc/lib/cube\libogc.a(exi.o)
 .text.__ext_irq_handler
                0x80015870       0xc8 C:/devkitPro/libogc/lib/cube\libogc.a(exi.o)
 .text.__tc_irq_handler
                0x80015938      0x178 C:/devkitPro/libogc/lib/cube\libogc.a(exi.o)
 .text.__exi_probe
                0x80015ab0      0x214 C:/devkitPro/libogc/lib/cube\libogc.a(exi.o)
 .text.__exi_attach
                0x80015cc4      0x104 C:/devkitPro/libogc/lib/cube\libogc.a(exi.o)
 .text.EXI_Lock
                0x80015dc8      0x218 C:/devkitPro/libogc/lib/cube\libogc.a(exi.o)
                0x80015dc8                EXI_Lock
 .text.EXI_Unlock
                0x80015fe0      0x224 C:/devkitPro/libogc/lib/cube\libogc.a(exi.o)
                0x80015fe0                EXI_Unlock
 .text.EXI_Select
                0x80016204      0x208 C:/devkitPro/libogc/lib/cube\libogc.a(exi.o)
                0x80016204                EXI_Select
 .text.EXI_Deselect
                0x8001640c      0x16c C:/devkitPro/libogc/lib/cube\libogc.a(exi.o)
                0x8001640c                EXI_Deselect
 .text.EXI_Sync
                0x80016578      0x108 C:/devkitPro/libogc/lib/cube\libogc.a(exi.o)
                0x80016578                EXI_Sync
 .text.EXI_Imm  0x80016680      0x1f8 C:/devkitPro/libogc/lib/cube\libogc.a(exi.o)
                0x80016680                EXI_Imm
 .text.EXI_ImmEx
                0x80016878       0xd8 C:/devkitPro/libogc/lib/cube\libogc.a(exi.o)
                0x80016878                EXI_ImmEx
 .text.EXI_Dma  0x80016950      0x16c C:/devkitPro/libogc/lib/cube\libogc.a(exi.o)
                0x80016950                EXI_Dma
 .text.EXI_Detach
                0x80016abc       0xb0 C:/devkitPro/libogc/lib/cube\libogc.a(exi.o)
                0x80016abc                EXI_Detach
 .text.EXI_GetID
                0x80016b6c      0x338 C:/devkitPro/libogc/lib/cube\libogc.a(exi.o)
                0x80016b6c                EXI_GetID
 .text.__unlocked_handler
                0x80016ea4       0x28 C:/devkitPro/libogc/lib/cube\libogc.a(exi.o)
 .text.EXI_ProbeReset
                0x80016ecc       0x70 C:/devkitPro/libogc/lib/cube\libogc.a(exi.o)
                0x80016ecc                EXI_ProbeReset
 .text.__exi_init
                0x80016f3c      0x188 C:/devkitPro/libogc/lib/cube\libogc.a(exi.o)
                0x80016f3c                __exi_init
 .text.__lwp_mutex_locksupp.constprop.0
                0x800170c4      0x2a8 C:/devkitPro/libogc/lib/cube\libogc.a(mutex.o)
 .text.__lwp_mutex_init
                0x8001736c       0x14 C:/devkitPro/libogc/lib/cube\libogc.a(mutex.o)
                0x8001736c                __lwp_mutex_init
 .text.LWP_MutexInit
                0x80017380      0x100 C:/devkitPro/libogc/lib/cube\libogc.a(mutex.o)
                0x80017380                LWP_MutexInit
 .text.LWP_MutexDestroy
                0x80017480       0xf0 C:/devkitPro/libogc/lib/cube\libogc.a(mutex.o)
                0x80017480                LWP_MutexDestroy
 .text.LWP_MutexLock
                0x80017570        0x8 C:/devkitPro/libogc/lib/cube\libogc.a(mutex.o)
                0x80017570                LWP_MutexLock
 .text.LWP_MutexUnlock
                0x80017578       0x9c C:/devkitPro/libogc/lib/cube\libogc.a(mutex.o)
                0x80017578                LWP_MutexUnlock
 .text.number   0x80017614      0x318 C:/devkitPro/libogc/lib/cube\libogc.a(kprintf.o)
 .text.kvsprintf
                0x8001792c      0x888 C:/devkitPro/libogc/lib/cube\libogc.a(kprintf.o)
                0x8001792c                kvsprintf
 .text.kprintf  0x800181b4       0xac C:/devkitPro/libogc/lib/cube\libogc.a(kprintf.o)
                0x800181b4                kprintf
 .text.__console_clear_line
                0x80018260       0xb4 C:/devkitPro/libogc/lib/cube\libogc.a(console.o)
 .text.__console_clear
                0x80018314       0xbc C:/devkitPro/libogc/lib/cube\libogc.a(console.o)
 .text.__console_write
                0x800183d0      0x82c C:/devkitPro/libogc/lib/cube\libogc.a(console.o)
                0x800183d0                __console_write
 .text.__console_init
                0x80018bfc      0x120 C:/devkitPro/libogc/lib/cube\libogc.a(console.o)
                0x80018bfc                __console_init
 .text.CON_EnableGecko
                0x80018d1c      0x100 C:/devkitPro/libogc/lib/cube\libogc.a(console.o)
                0x80018d1c                CON_EnableGecko
 .text.__lwp_queue_initialize
                0x80018e1c       0x98 C:/devkitPro/libogc/lib/cube\libogc.a(lwp_queue.o)
                0x80018e1c                __lwp_queue_initialize
 .text.__lwp_queue_get
                0x80018eb4       0x74 C:/devkitPro/libogc/lib/cube\libogc.a(lwp_queue.o)
                0x80018eb4                __lwp_queue_get
 .text.__lwp_queue_append
                0x80018f28       0x4c C:/devkitPro/libogc/lib/cube\libogc.a(lwp_queue.o)
                0x80018f28                __lwp_queue_append
 .text.__usbgecko_exi_unlock
                0x80018f74       0x34 C:/devkitPro/libogc/lib/cube\libogc.a(usbgecko.o)
 .text.usb_isgeckoalive
                0x80018fa8      0x1bc C:/devkitPro/libogc/lib/cube\libogc.a(usbgecko.o)
                0x80018fa8                usb_isgeckoalive
 .text.usb_sendbuffer_ex
                0x80019164      0x214 C:/devkitPro/libogc/lib/cube\libogc.a(usbgecko.o)
                0x80019164                usb_sendbuffer_ex
 .text.usb_sendbuffer
                0x80019378        0x8 C:/devkitPro/libogc/lib/cube\libogc.a(usbgecko.o)
                0x80019378                usb_sendbuffer
 .text.usb_sendbuffer_safe_ex
                0x80019380      0x2a8 C:/devkitPro/libogc/lib/cube\libogc.a(usbgecko.o)
                0x80019380                usb_sendbuffer_safe_ex
 .text.usb_sendbuffer_safe
                0x80019628        0x8 C:/devkitPro/libogc/lib/cube\libogc.a(usbgecko.o)
                0x80019628                usb_sendbuffer_safe
 .text.cosf     0x80019630       0xe0 C:/devkitPro/devkitPPC/bin/../lib/gcc/powerpc-eabi/13.2.0/../../../../powerpc-eabi/lib\libm.a(libm_a-sf_cos.o)
                0x80019630                cosf
 .text.tanf     0x80019710       0x88 C:/devkitPro/devkitPPC/bin/../lib/gcc/powerpc-eabi/13.2.0/../../../../powerpc-eabi/lib\libm.a(libm_a-sf_tan.o)
                0x80019710                tanf
 .text.sincosf  0x80019798       0x58 C:/devkitPro/devkitPPC/bin/../lib/gcc/powerpc-eabi/13.2.0/../../../../powerpc-eabi/lib\libm.a(libm_a-wf_sincos.o)
                0x80019798                sincosf
 .text.sinf     0x800197f0       0xe4 C:/devkitPro/devkitPPC/bin/../lib/gcc/powerpc-eabi/13.2.0/../../../../powerpc-eabi/lib\libm.a(libm_a-sf_sin.o)
                0x800197f0                sinf
 .text.__kernel_sinf
                0x800198d4       0xcc C:/devkitPro/devkitPPC/bin/../lib/gcc/powerpc-eabi/13.2.0/../../../../powerpc-eabi/lib\libm.a(libm_a-kf_sin.o)
                0x800198d4                __kernel_sinf
 .text.__kernel_tanf
                0x800199a0      0x2e4 C:/devkitPro/devkitPPC/bin/../lib/gcc/powerpc-eabi/13.2.0/../../../../powerpc-eabi/lib\libm.a(libm_a-kf_tan.o)
                0x800199a0                __kernel_tanf
 .text.__kernel_cosf
                0x80019c84      0x188 C:/devkitPro/devkitPPC/bin/../lib/gcc/powerpc-eabi/13.2.0/../../../../powerpc-eabi/lib\libm.a(libm_a-kf_cos.o)
                0x80019c84                __kernel_cosf
 .text.__ieee754_rem_pio2f
                0x80019e0c      0x418 C:/devkitPro/devkitPPC/bin/../lib/gcc/powerpc-eabi/13.2.0/../../../../powerpc-eabi/lib\libm.a(libm_a-ef_rem_pio2.o)
                0x80019e0c                __ieee754_rem_pio2f
 .text.fabsf    0x8001a224       0x20 C:/devkitPro/devkitPPC/bin/../lib/gcc/powerpc-eabi/13.2.0/../../../../powerpc-eabi/lib\libm.a(libm_a-sf_fabs.o)
                0x8001a224                fabsf
 .text.__kernel_rem_pio2f
                0x8001a244      0xee0 C:/devkitPro/devkitPPC/bin/../lib/gcc/powerpc-eabi/13.2.0/../../../../powerpc-eabi/lib\libm.a(libm_a-kf_rem_pio2.o)
                0x8001a244                __kernel_rem_pio2f
 .text.floorf   0x8001b124      0x110 C:/devkitPro/devkitPPC/bin/../lib/gcc/powerpc-eabi/13.2.0/../../../../powerpc-eabi/lib\libm.a(libm_a-sf_floor.o)
                0x8001b124                floorf
 .text.scalbnf  0x8001b234      0x174 C:/devkitPro/devkitPPC/bin/../lib/gcc/powerpc-eabi/13.2.0/../../../../powerpc-eabi/lib\libm.a(libm_a-sf_scalbn.o)
                0x8001b234                scalbnf
 .text.__udivdi3
                0x8001b3a8      0x3bc C:/devkitPro/devkitPPC/bin/../lib/gcc/powerpc-eabi/13.2.0\libgcc.a(_udivdi3.o)
                0x8001b3a8                __udivdi3
 .text.unlikely.abort
                0x8001b764       0x28 C:/devkitPro/devkitPPC/bin/../lib/gcc/powerpc-eabi/13.2.0/../../../../powerpc-eabi/lib\libsysbase.a(libsysbase_libsysbase_a-abort.o)
                0x8001b764                abort
 .text.build_argv
                0x8001b78c      0x118 C:/devkitPro/devkitPPC/bin/../lib/gcc/powerpc-eabi/13.2.0/../../../../powerpc-eabi/lib\libsysbase.a(libsysbase_libsysbase_a-build_argv.o)
                0x8001b78c                build_argv
 .text.__getreent
                0x8001b8a4       0x20 C:/devkitPro/devkitPPC/bin/../lib/gcc/powerpc-eabi/13.2.0/../../../../powerpc-eabi/lib\libsysbase.a(libsysbase_libsysbase_a-getreent.o)
                0x8001b8a4                __getreent
 .text.null_write
                0x8001b8c4        0x8 C:/devkitPro/devkitPPC/bin/../lib/gcc/powerpc-eabi/13.2.0/../../../../powerpc-eabi/lib\libsysbase.a(libsysbase_libsysbase_a-iosupport.o)
 .text._exit    0x8001b8cc       0x28 C:/devkitPro/devkitPPC/bin/../lib/gcc/powerpc-eabi/13.2.0/../../../../powerpc-eabi/lib\libsysbase.a(libsysbase_libsysbase_a-_exit.o)
                0x8001b8cc                _exit
 .text.write    0x8001b8f4       0x50 C:/devkitPro/devkitPPC/bin/../lib/gcc/powerpc-eabi/13.2.0/../../../../powerpc-eabi/lib\libc.a(libc_a-syswrite.o)
                0x8001b8f4                write
 .text.memalign
                0x8001b944       0x40 C:/devkitPro/devkitPPC/bin/../lib/gcc/powerpc-eabi/13.2.0/../../../../powerpc-eabi/lib\libc.a(libc_a-malign.o)
                0x8001b944                memalign
 .text._memalign_r
                0x8001b984      0x1bc C:/devkitPro/devkitPPC/bin/../lib/gcc/powerpc-eabi/13.2.0/../../../../powerpc-eabi/lib\libc.a(libc_a-malignr.o)
                0x8001b984                _memalign_r
 .text.calloc   0x8001bb40       0x40 C:/devkitPro/devkitPPC/bin/../lib/gcc/powerpc-eabi/13.2.0/../../../../powerpc-eabi/lib\libc.a(libc_a-calloc.o)
                0x8001bb40                calloc
 .text.setvbuf  0x8001bb80      0x2d0 C:/devkitPro/devkitPPC/bin/../lib/gcc/powerpc-eabi/13.2.0/../../../../powerpc-eabi/lib\libc.a(libc_a-setvbuf.o)
                0x8001bb80                setvbuf
 .text._calloc_r
                0x8001be50      0x100 C:/devkitPro/devkitPPC/bin/../lib/gcc/powerpc-eabi/13.2.0/../../../../powerpc-eabi/lib\libc.a(libc_a-callocr.o)
                0x8001be50                _calloc_r
 .text.exit     0x8001bf50       0x3c C:/devkitPro/devkitPPC/bin/../lib/gcc/powerpc-eabi/13.2.0/../../../../powerpc-eabi/lib\libc.a(libc_a-exit.o)
                0x8001bf50                exit
 .text._malloc_trim_r
                0x8001bf8c      0x138 C:/devkitPro/devkitPPC/bin/../lib/gcc/powerpc-eabi/13.2.0/../../../../powerpc-eabi/lib\libc.a(libc_a-freer.o)
                0x8001bf8c                _malloc_trim_r
 .text._free_r  0x8001c0c4      0x330 C:/devkitPro/devkitPPC/bin/../lib/gcc/powerpc-eabi/13.2.0/../../../../powerpc-eabi/lib\libc.a(libc_a-freer.o)
                0x8001c0c4                _free_r
 .text.memcpy   0x8001c3f4      0x124 C:/devkitPro/devkitPPC/bin/../lib/gcc/powerpc-eabi/13.2.0/../../../../powerpc-eabi/lib\libc.a(libc_a-memcpy.o)
                0x8001c3f4                memcpy
 .text.malloc   0x8001c518       0x30 C:/devkitPro/devkitPPC/bin/../lib/gcc/powerpc-eabi/13.2.0/../../../../powerpc-eabi/lib\libc.a(libc_a-malloc.o)
                0x8001c518                malloc
 .text.free     0x8001c548       0x30 C:/devkitPro/devkitPPC/bin/../lib/gcc/powerpc-eabi/13.2.0/../../../../powerpc-eabi/lib\libc.a(libc_a-malloc.o)
                0x8001c548                free
 .text.memmove  0x8001c578      0x1bc C:/devkitPro/devkitPPC/bin/../lib/gcc/powerpc-eabi/13.2.0/../../../../powerpc-eabi/lib\libc.a(libc_a-memmove.o)
                0x8001c578                memmove
 .text._malloc_r
                0x8001c734      0x860 C:/devkitPro/devkitPPC/bin/../lib/gcc/powerpc-eabi/13.2.0/../../../../powerpc-eabi/lib\libc.a(libc_a-mallocr.o)
                0x8001c734                _malloc_r
 .text.memset   0x8001cf94      0x198 C:/devkitPro/devkitPPC/bin/../lib/gcc/powerpc-eabi/13.2.0/../../../../powerpc-eabi/lib\libc.a(libc_a-memset.o)
                0x8001cf94                memset
 .text.__sflush_r
                0x8001d12c      0x2f4 C:/devkitPro/devkitPPC/bin/../lib/gcc/powerpc-eabi/13.2.0/../../../../powerpc-eabi/lib\libc.a(libc_a-fflush.o)
                0x8001d12c                __sflush_r
 .text._fflush_r
                0x8001d420      0x108 C:/devkitPro/devkitPPC/bin/../lib/gcc/powerpc-eabi/13.2.0/../../../../powerpc-eabi/lib\libc.a(libc_a-fflush.o)
                0x8001d420                _fflush_r
 .text._fclose_r
                0x8001d528      0x1e0 C:/devkitPro/devkitPPC/bin/../lib/gcc/powerpc-eabi/13.2.0/../../../../powerpc-eabi/lib\libc.a(libc_a-fclose.o)
                0x8001d528                _fclose_r
 .text._fwalk_sglue
                0x8001d708       0xb4 C:/devkitPro/devkitPPC/bin/../lib/gcc/powerpc-eabi/13.2.0/../../../../powerpc-eabi/lib\libc.a(libc_a-fwalk.o)
                0x8001d708                _fwalk_sglue
 .text._fread_r
                0x8001d7bc      0x414 C:/devkitPro/devkitPPC/bin/../lib/gcc/powerpc-eabi/13.2.0/../../../../powerpc-eabi/lib\libc.a(libc_a-fread.o)
                0x8001d7bc                _fread_r
 .text.fread    0x8001dbd0       0x60 C:/devkitPro/devkitPPC/bin/../lib/gcc/powerpc-eabi/13.2.0/../../../../powerpc-eabi/lib\libc.a(libc_a-fread.o)
                0x8001dbd0                fread
 .text.stdio_exit_handler
                0x8001dc30       0x1c C:/devkitPro/devkitPPC/bin/../lib/gcc/powerpc-eabi/13.2.0/../../../../powerpc-eabi/lib\libc.a(libc_a-findfp.o)
 .text.cleanup_stdio
                0x8001dc4c       0x88 C:/devkitPro/devkitPPC/bin/../lib/gcc/powerpc-eabi/13.2.0/../../../../powerpc-eabi/lib\libc.a(libc_a-findfp.o)
 .text.global_stdio_init.part.0
                0x8001dcd4      0x184 C:/devkitPro/devkitPPC/bin/../lib/gcc/powerpc-eabi/13.2.0/../../../../powerpc-eabi/lib\libc.a(libc_a-findfp.o)
 .text.__sinit  0x8001de58       0xa4 C:/devkitPro/devkitPPC/bin/../lib/gcc/powerpc-eabi/13.2.0/../../../../powerpc-eabi/lib\libc.a(libc_a-findfp.o)
                0x8001de58                __sinit
 .text.__sfp_lock_acquire
                0x8001defc       0x40 C:/devkitPro/devkitPPC/bin/../lib/gcc/powerpc-eabi/13.2.0/../../../../powerpc-eabi/lib\libc.a(libc_a-findfp.o)
                0x8001defc                __sfp_lock_acquire
 .text.__sfp_lock_release
                0x8001df3c        0xc C:/devkitPro/devkitPPC/bin/../lib/gcc/powerpc-eabi/13.2.0/../../../../powerpc-eabi/lib\libc.a(libc_a-findfp.o)
                0x8001df3c                __sfp_lock_release
 .text.strnlen  0x8001df48       0xc8 C:/devkitPro/devkitPPC/bin/../lib/gcc/powerpc-eabi/13.2.0/../../../../powerpc-eabi/lib\libc.a(libc_a-strnlen.o)
                0x8001df48                strnlen
 .text.fseek    0x8001e010       0x54 C:/devkitPro/devkitPPC/bin/../lib/gcc/powerpc-eabi/13.2.0/../../../../powerpc-eabi/lib\libc.a(libc_a-fseek.o)
                0x8001e010                fseek
 .text._reclaim_reent
                0x8001e064       0xe4 C:/devkitPro/devkitPPC/bin/../lib/gcc/powerpc-eabi/13.2.0/../../../../powerpc-eabi/lib\libc.a(libc_a-reent.o)
                0x8001e064                _reclaim_reent
 .text.__errno  0x8001e148       0x20 C:/devkitPro/devkitPPC/bin/../lib/gcc/powerpc-eabi/13.2.0/../../../../powerpc-eabi/lib\libc.a(libc_a-errno.o)
                0x8001e148                __errno
 .text.__smakebuf_r
                0x8001e168      0x188 C:/devkitPro/devkitPPC/bin/../lib/gcc/powerpc-eabi/13.2.0/../../../../powerpc-eabi/lib\libc.a(libc_a-makebuf.o)
                0x8001e168                __smakebuf_r
 .text.__swhatbuf_r
                0x8001e2f0       0xec C:/devkitPro/devkitPPC/bin/../lib/gcc/powerpc-eabi/13.2.0/../../../../powerpc-eabi/lib\libc.a(libc_a-makebuf.o)
                0x8001e2f0                __swhatbuf_r
 .text.startup.register_fini
                0x8001e3dc        0xc C:/devkitPro/devkitPPC/bin/../lib/gcc/powerpc-eabi/13.2.0/../../../../powerpc-eabi/lib\libc.a(libc_a-__call_atexit.o)
 .text.__call_exitprocs
                0x8001e3e8      0x200 C:/devkitPro/devkitPPC/bin/../lib/gcc/powerpc-eabi/13.2.0/../../../../powerpc-eabi/lib\libc.a(libc_a-__call_atexit.o)
                0x8001e3e8                __call_exitprocs
 .text.atexit   0x8001e5e8       0x14 C:/devkitPro/devkitPPC/bin/../lib/gcc/powerpc-eabi/13.2.0/../../../../powerpc-eabi/lib\libc.a(libc_a-atexit.o)
                0x8001e5e8                atexit
 .text.lflush   0x8001e5fc       0x40 C:/devkitPro/devkitPPC/bin/../lib/gcc/powerpc-eabi/13.2.0/../../../../powerpc-eabi/lib\libc.a(libc_a-refill.o)
 .text.__srefill_r
                0x8001e63c      0x218 C:/devkitPro/devkitPPC/bin/../lib/gcc/powerpc-eabi/13.2.0/../../../../powerpc-eabi/lib\libc.a(libc_a-refill.o)
                0x8001e63c                __srefill_r
 .text.__sread  0x8001e854       0x74 C:/devkitPro/devkitPPC/bin/../lib/gcc/powerpc-eabi/13.2.0/../../../../powerpc-eabi/lib\libc.a(libc_a-stdio.o)
                0x8001e854                __sread
 .text.__swrite
                0x8001e8c8       0xb8 C:/devkitPro/devkitPPC/bin/../lib/gcc/powerpc-eabi/13.2.0/../../../../powerpc-eabi/lib\libc.a(libc_a-stdio.o)
                0x8001e8c8                __swrite
 .text.__sseek  0x8001e980       0x70 C:/devkitPro/devkitPPC/bin/../lib/gcc/powerpc-eabi/13.2.0/../../../../powerpc-eabi/lib\libc.a(libc_a-stdio.o)
                0x8001e980                __sseek
 .text.__sclose
                0x8001e9f0        0x8 C:/devkitPro/devkitPPC/bin/../lib/gcc/powerpc-eabi/13.2.0/../../../../powerpc-eabi/lib\libc.a(libc_a-stdio.o)
                0x8001e9f0                __sclose
 .text._fseeko_r
                0x8001e9f8      0x6c0 C:/devkitPro/devkitPPC/bin/../lib/gcc/powerpc-eabi/13.2.0/../../../../powerpc-eabi/lib\libc.a(libc_a-fseeko.o)
                0x8001e9f8                _fseeko_r
 .text.__register_exitproc
                0x8001f0b8      0x12c C:/devkitPro/devkitPPC/bin/../lib/gcc/powerpc-eabi/13.2.0/../../../../powerpc-eabi/lib\libc.a(libc_a-__atexit.o)
                0x8001f0b8                __register_exitproc
 .text.__flockfile
                0x8001f1e4       0x38 C:/devkitPro/devkitPPC/bin/../lib/gcc/powerpc-eabi/13.2.0/../../../../powerpc-eabi/lib\libsysbase.a(libsysbase_libsysbase_a-flock.o)
                0x8001f1e4                __flockfile
 .text.__funlockfile
                0x8001f21c        0x8 C:/devkitPro/devkitPPC/bin/../lib/gcc/powerpc-eabi/13.2.0/../../../../powerpc-eabi/lib\libsysbase.a(libsysbase_libsysbase_a-flock.o)
                0x8001f21c                __funlockfile
 .text._fstat_r
                0x8001f224       0xb0 C:/devkitPro/devkitPPC/bin/../lib/gcc/powerpc-eabi/13.2.0/../../../../powerpc-eabi/lib\libsysbase.a(libsysbase_libsysbase_a-fstat.o)
                0x8001f224                _fstat_r
 .text.__get_handle
                0x8001f2d4       0x90 C:/devkitPro/devkitPPC/bin/../lib/gcc/powerpc-eabi/13.2.0/../../../../powerpc-eabi/lib\libsysbase.a(libsysbase_libsysbase_a-handle_manager.o)
                0x8001f2d4                __get_handle
 .text._close_r
                0x8001f364      0x178 C:/devkitPro/devkitPPC/bin/../lib/gcc/powerpc-eabi/13.2.0/../../../../powerpc-eabi/lib\libsysbase.a(libsysbase_libsysbase_a-handle_manager.o)
                0x8001f364                _close_r
 .text._isatty_r
                0x8001f4dc        0x8 C:/devkitPro/devkitPPC/bin/../lib/gcc/powerpc-eabi/13.2.0/../../../../powerpc-eabi/lib\libsysbase.a(libsysbase_libsysbase_a-isatty.o)
                0x8001f4dc                _isatty_r
 .text._lseek_r
                0x8001f4e4       0xe0 C:/devkitPro/devkitPPC/bin/../lib/gcc/powerpc-eabi/13.2.0/../../../../powerpc-eabi/lib\libsysbase.a(libsysbase_libsysbase_a-lseek.o)
                0x8001f4e4                _lseek_r
 .text._read_r  0x8001f5c4       0xc4 C:/devkitPro/devkitPPC/bin/../lib/gcc/powerpc-eabi/13.2.0/../../../../powerpc-eabi/lib\libsysbase.a(libsysbase_libsysbase_a-read.o)
                0x8001f5c4                _read_r
 .text.__libc_lock_init
                0x8001f688       0x14 C:/devkitPro/devkitPPC/bin/../lib/gcc/powerpc-eabi/13.2.0/../../../../powerpc-eabi/lib\libsysbase.a(libsysbase_libsysbase_a-syscall_support.o)
                0x8001f688                __libc_lock_init
 .text.__libc_lock_acquire
                0x8001f69c       0x14 C:/devkitPro/devkitPPC/bin/../lib/gcc/powerpc-eabi/13.2.0/../../../../powerpc-eabi/lib\libsysbase.a(libsysbase_libsysbase_a-syscall_support.o)
                0x8001f69c                __libc_lock_acquire
 .text.__libc_lock_release
                0x8001f6b0       0x14 C:/devkitPro/devkitPPC/bin/../lib/gcc/powerpc-eabi/13.2.0/../../../../powerpc-eabi/lib\libsysbase.a(libsysbase_libsysbase_a-syscall_support.o)
                0x8001f6b0                __libc_lock_release
 .text.__libc_lock_close
                0x8001f6c4       0x14 C:/devkitPro/devkitPPC/bin/../lib/gcc/powerpc-eabi/13.2.0/../../../../powerpc-eabi/lib\libsysbase.a(libsysbase_libsysbase_a-syscall_support.o)
                0x8001f6c4                __libc_lock_close
 .text.__libc_lock_init_recursive
                0x8001f6d8       0x14 C:/devkitPro/devkitPPC/bin/../lib/gcc/powerpc-eabi/13.2.0/../../../../powerpc-eabi/lib\libsysbase.a(libsysbase_libsysbase_a-syscall_support.o)
                0x8001f6d8                __libc_lock_init_recursive
 .text.__malloc_lock
                0x8001f6ec       0x14 C:/devkitPro/devkitPPC/bin/../lib/gcc/powerpc-eabi/13.2.0/../../../../powerpc-eabi/lib\libsysbase.a(libsysbase_libsysbase_a-syscall_support.o)
                0x8001f6ec                __malloc_lock
 .text.__malloc_unlock
                0x8001f700       0x14 C:/devkitPro/devkitPPC/bin/../lib/gcc/powerpc-eabi/13.2.0/../../../../powerpc-eabi/lib\libsysbase.a(libsysbase_libsysbase_a-syscall_support.o)
                0x8001f700                __malloc_unlock
 .text._write_r
                0x8001f714       0xc4 C:/devkitPro/devkitPPC/bin/../lib/gcc/powerpc-eabi/13.2.0/../../../../powerpc-eabi/lib\libsysbase.a(libsysbase_libsysbase_a-write.o)
                0x8001f714                _write_r
 .text.__do_global_ctors_aux
                0x8001f7d8       0x50 C:/devkitPro/devkitPPC/bin/../lib/gcc/powerpc-eabi/13.2.0/crtend.o
 *(.gnu.warning)
 *(.gnu.linkonce.t.*)
                0x8001f840                        . = ALIGN (0x20)
 *fill*         0x8001f828       0x18 00000000

.glink          0x8001f840        0x0
 .glink         0x8001f840        0x0 C:/devkitPro/devkitPPC/bin/../lib/gcc/powerpc-eabi/13.2.0/crtbegin.o

.fini           0x8001f840       0x20
 *(.fini)
 .fini          0x8001f840        0xc C:/devkitPro/devkitPPC/bin/../lib/gcc/powerpc-eabi/13.2.0/ecrti.o
                0x8001f840                __fini
 .fini          0x8001f84c        0x4 C:/devkitPro/devkitPPC/bin/../lib/gcc/powerpc-eabi/13.2.0/crtbegin.o
 .fini          0x8001f850       0x10 C:/devkitPro/devkitPPC/bin/../lib/gcc/powerpc-eabi/13.2.0/ecrtn.o
                0x8001f860                        . = ALIGN (0x20)
                [!provide]                        PROVIDE (__etext = .)
                [!provide]                        PROVIDE (_etext = .)
                [!provide]                        PROVIDE (etext = .)

.rodata         0x8001f860   0x10724c
 *(.rodata)
 .rodata        0x8001f860       0x50 C:/devkitPro/libogc/lib/cube\libogc.a(gx.o)
 *(.rodata.*)
 *fill*         0x8001f8b0       0x10 
 .rodata.textures_tpl
                0x8001f8c0   0x105f20 textures.tpl.o
                0x8001f8c0                textures_tpl
                0x801257e0                textures_tpl_end
 .rodata.cst4   0x801257e0      0x140 texture_cube.o
                                 0x2c (size before relaxing)
 .rodata.CSWTCH.140
                0x80125920       0x5c C:/devkitPro/libogc/lib/cube\libogc.a(video.o)
 .rodata.video_timing
                0x8012597c      0x110 C:/devkitPro/libogc/lib/cube\libogc.a(video.o)
 .rodata._dsp_initcode
                0x80125a8c       0x80 C:/devkitPro/libogc/lib/cube\libogc.a(system.o)
 .rodata.__SETVCDATTR
                0x80125b0c       0x68 C:/devkitPro/libogc/lib/cube\libogc.a(gx.o)
 .rodata.GX_SetTexCoordGen2.part.0
                0x80125b74       0x20 C:/devkitPro/libogc/lib/cube\libogc.a(gx.o)
 .rodata.GX_InitTexObj.part.0
                0x80125b94       0x3c C:/devkitPro/libogc/lib/cube\libogc.a(gx.o)
 .rodata.GX_SetTevOp
                0x80125bd0       0x14 C:/devkitPro/libogc/lib/cube\libogc.a(gx.o)
 .rodata.GX_SetGPMetric
                0x80125be4       0xe4 C:/devkitPro/libogc/lib/cube\libogc.a(gx.o)
 .rodata.CSWTCH.1064
                0x80125cc8       0x15 C:/devkitPro/libogc/lib/cube\libogc.a(gx.o)
 *fill*         0x80125cdd        0x3 
 .rodata.CSWTCH.1063
                0x80125ce0       0x15 C:/devkitPro/libogc/lib/cube\libogc.a(gx.o)
 *fill*         0x80125cf5        0x3 
 .rodata._gxtevcolid
                0x80125cf8        0x9 C:/devkitPro/libogc/lib/cube\libogc.a(gx.o)
 .rodata.cst4   0x80125d01       0x6c C:/devkitPro/libogc/lib/cube\libogc.a(gx.o)
 .rodata.cst4   0x80125d01       0x20 C:/devkitPro/libogc/lib/cube\libogc.a(gu.o)
 *fill*         0x80125d01        0x3 
 .rodata.TPL_GetTextureSize
                0x80125d04       0x3c C:/devkitPro/libogc/lib/cube\libogc.a(tpl.o)
 .rodata.cst4   0x80125d40        0x8 C:/devkitPro/libogc/lib/cube\libogc.a(tpl.o)
 .rodata.c_default_exceptionhandler.str1.4
                0x80125d40      0x37c C:/devkitPro/libogc/lib/cube\libogc.a(exception.o)
                                0x267 (size before relaxing)
 .rodata.str1.4
                0x801260bc       0xa0 C:/devkitPro/libogc/lib/cube\libogc.a(exception.o)
 .rodata.exception_name
                0x801260bc       0x3c C:/devkitPro/libogc/lib/cube\libogc.a(exception.o)
 .rodata.exception_location
                0x801260f8       0x3c C:/devkitPro/libogc/lib/cube\libogc.a(exception.o)
 .rodata.__SetInterrupts
                0x80126134       0x6c C:/devkitPro/libogc/lib/cube\libogc.a(irq.o)
 .rodata._irqPrio
                0x801261a0       0x2c C:/devkitPro/libogc/lib/cube\libogc.a(irq.o)
 .rodata.number.str1.4
                0x801261cc       0x4d C:/devkitPro/libogc/lib/cube\libogc.a(kprintf.o)
 .rodata.kvsprintf.str1.4
                0x801261cc        0x7 C:/devkitPro/libogc/lib/cube\libogc.a(kprintf.o)
 .rodata.kvsprintf
                0x801261cc      0x2e4 C:/devkitPro/libogc/lib/cube\libogc.a(kprintf.o)
 .rodata.__console_write
                0x801264b0       0xec C:/devkitPro/libogc/lib/cube\libogc.a(console.o)
 .rodata.color_table
                0x8012659c       0x40 C:/devkitPro/libogc/lib/cube\libogc.a(console.o)
 .rodata.str1.4
                0x801265dc        0x7 C:/devkitPro/libogc/lib/cube\libogc.a(console.o)
 .rodata.dotab_stdout
                0x801265dc       0x80 C:/devkitPro/libogc/lib/cube\libogc.a(console.o)
                0x801265dc                dotab_stdout
 .rodata.cst4   0x8012665c        0x4 C:/devkitPro/devkitPPC/bin/../lib/gcc/powerpc-eabi/13.2.0/../../../../powerpc-eabi/lib\libm.a(libm_a-sf_cos.o)
 .rodata.cst4   0x8012665c        0x4 C:/devkitPro/devkitPPC/bin/../lib/gcc/powerpc-eabi/13.2.0/../../../../powerpc-eabi/lib\libm.a(libm_a-sf_tan.o)
 .rodata.cst4   0x8012665c        0x4 C:/devkitPro/devkitPPC/bin/../lib/gcc/powerpc-eabi/13.2.0/../../../../powerpc-eabi/lib\libm.a(libm_a-sf_sin.o)
 .rodata.cst4   0x8012665c       0x20 C:/devkitPro/devkitPPC/bin/../lib/gcc/powerpc-eabi/13.2.0/../../../../powerpc-eabi/lib\libm.a(libm_a-kf_sin.o)
 .rodata.cst4   0x8012665c       0x50 C:/devkitPro/devkitPPC/bin/../lib/gcc/powerpc-eabi/13.2.0/../../../../powerpc-eabi/lib\libm.a(libm_a-kf_tan.o)
 .rodata.cst4   0x8012665c       0x28 C:/devkitPro/devkitPPC/bin/../lib/gcc/powerpc-eabi/13.2.0/../../../../powerpc-eabi/lib\libm.a(libm_a-kf_cos.o)
 .rodata.npio2_hw
                0x8012665c       0x80 C:/devkitPro/devkitPPC/bin/../lib/gcc/powerpc-eabi/13.2.0/../../../../powerpc-eabi/lib\libm.a(libm_a-ef_rem_pio2.o)
 .rodata.two_over_pi
                0x801266dc      0x318 C:/devkitPro/devkitPPC/bin/../lib/gcc/powerpc-eabi/13.2.0/../../../../powerpc-eabi/lib\libm.a(libm_a-ef_rem_pio2.o)
 .rodata.cst4   0x801269f4       0x2c C:/devkitPro/devkitPPC/bin/../lib/gcc/powerpc-eabi/13.2.0/../../../../powerpc-eabi/lib\libm.a(libm_a-ef_rem_pio2.o)
 .rodata.PIo2   0x801269f4       0x2c C:/devkitPro/devkitPPC/bin/../lib/gcc/powerpc-eabi/13.2.0/../../../../powerpc-eabi/lib\libm.a(libm_a-kf_rem_pio2.o)
 .rodata.init_jk
                0x80126a20        0xc C:/devkitPro/devkitPPC/bin/../lib/gcc/powerpc-eabi/13.2.0/../../../../powerpc-eabi/lib\libm.a(libm_a-kf_rem_pio2.o)
 .rodata.cst4   0x80126a2c       0x24 C:/devkitPro/devkitPPC/bin/../lib/gcc/powerpc-eabi/13.2.0/../../../../powerpc-eabi/lib\libm.a(libm_a-kf_rem_pio2.o)
 .rodata.cst4   0x80126a2c       0x10 C:/devkitPro/devkitPPC/bin/../lib/gcc/powerpc-eabi/13.2.0/../../../../powerpc-eabi/lib\libm.a(libm_a-sf_floor.o)
 .rodata.cst4   0x80126a2c       0x18 C:/devkitPro/devkitPPC/bin/../lib/gcc/powerpc-eabi/13.2.0/../../../../powerpc-eabi/lib\libm.a(libm_a-sf_scalbn.o)
 .rodata.abort.str1.4
                0x80126a2c        0xf C:/devkitPro/devkitPPC/bin/../lib/gcc/powerpc-eabi/13.2.0/../../../../powerpc-eabi/lib\libsysbase.a(libsysbase_libsysbase_a-abort.o)
 .rodata.AddDevice.str1.4
                0x80126a2c        0x8 C:/devkitPro/devkitPPC/bin/../lib/gcc/powerpc-eabi/13.2.0/../../../../powerpc-eabi/lib\libsysbase.a(libsysbase_libsysbase_a-iosupport.o)
 .rodata.dotab_stdnull
                0x80126a2c       0x80 C:/devkitPro/devkitPPC/bin/../lib/gcc/powerpc-eabi/13.2.0/../../../../powerpc-eabi/lib\libsysbase.a(libsysbase_libsysbase_a-iosupport.o)
                0x80126a2c                dotab_stdnull
 *(.gnu.linkonce.r.*)

.eh_frame_hdr   0x80126aac      0xbf4
 .eh_frame_hdr  0x80126aac      0xbf4 C:/devkitPro/devkitPPC/bin/../lib/gcc/powerpc-eabi/13.2.0/../../../../powerpc-eabi/lib/crtmain.o
                0x80126aac                __GNU_EH_FRAME_HDR

.rodata1
 *(.rodata1)

.sdata2         0x801276a0       0x4c
                0x801276a0                        PROVIDE (_SDA2_BASE_ = .)
 *(.sdata2)
 .sdata2        0x801276a0        0x0 C:/devkitPro/devkitPPC/bin/../lib/gcc/powerpc-eabi/13.2.0/ecrti.o
                0x801276a0                __SDATA2_START__
 .sdata2        0x801276a0        0x0 C:/devkitPro/devkitPPC/bin/../lib/gcc/powerpc-eabi/13.2.0/crtbegin.o
 *(.sdata2.*)
 .sdata2.__sys_inIPL
                0x801276a0        0x4 C:/devkitPro/libogc/lib/cube\libogc.a(system.o)
 .sdata2.cm2hw.0
                0x801276a4        0x4 C:/devkitPro/libogc/lib/cube\libogc.a(gx.o)
 .sdata2.GX2HWFiltConv.2
                0x801276a8        0x8 C:/devkitPro/libogc/lib/cube\libogc.a(gx.o)
 .sdata2._gxtextlutids
                0x801276b0        0x8 C:/devkitPro/libogc/lib/cube\libogc.a(gx.o)
 .sdata2._gxteximg3ids
                0x801276b8        0x8 C:/devkitPro/libogc/lib/cube\libogc.a(gx.o)
 .sdata2._gxteximg2ids
                0x801276c0        0x8 C:/devkitPro/libogc/lib/cube\libogc.a(gx.o)
 .sdata2._gxteximg1ids
                0x801276c8        0x8 C:/devkitPro/libogc/lib/cube\libogc.a(gx.o)
 .sdata2._gxteximg0ids
                0x801276d0        0x8 C:/devkitPro/libogc/lib/cube\libogc.a(gx.o)
 .sdata2._gxtexmode1ids
                0x801276d8        0x8 C:/devkitPro/libogc/lib/cube\libogc.a(gx.o)
 .sdata2._gxtexmode0ids
                0x801276e0        0x8 C:/devkitPro/libogc/lib/cube\libogc.a(gx.o)
 .sdata2.wgPipe
                0x801276e8        0x4 C:/devkitPro/libogc/lib/cube\libogc.a(gx.o)
                0x801276e8                wgPipe
 *(.gnu.linkonce.s2.*)

.sbss2          0x801276ec        0x0
 *(.sbss2)
 .sbss2         0x801276ec        0x0 C:/devkitPro/devkitPPC/bin/../lib/gcc/powerpc-eabi/13.2.0/ecrtn.o
 *(.sbss2.*)
 *(.gnu.linkonce.sb2.*)
                0x801276ec                        . = ALIGN (0x4)
                [!provide]                        PROVIDE (__preinit_array_start = .)

.preinit_array
 *(.preinit_array)
                [!provide]                        PROVIDE (__preinit_array_end = .)
                [!provide]                        PROVIDE (__init_array_start = .)

.init_array
 *(.init_array)
                [!provide]                        PROVIDE (__init_array_end = .)
                [!provide]                        PROVIDE (__fini_array_start = .)

.fini_array
 *(.fini_array)
                [!provide]                        PROVIDE (__fini_array_end = .)

.data           0x801276f0     0x2f30
 *(.data)
 .data          0x801276f0       0x10 C:/devkitPro/libogc/lib/cube\libogc.a(system_asm.o)
 .data          0x80127700        0x4 C:/devkitPro/devkitPPC/bin/../lib/gcc/powerpc-eabi/13.2.0\libgcc.a(eabi.o)
 *(.data.*)
 .data.cube_tx_idx
                0x80127704      0x210 texture_cube.o
                0x80127704                cube_tx_idx
 .data.cube_idx
                0x80127914      0x210 texture_cube.o
                0x80127914                cube_idx
 .data.cube_tx  0x80127b24      0x158 texture_cube.o
                0x80127b24                cube_tx
 .data.cube_vtx
                0x80127c7c      0x120 texture_cube.o
                0x80127c7c                cube_vtx
 .data.TVEurgb60Hz480Prog
                0x80127d9c       0x3c C:/devkitPro/libogc/lib/cube\libogc.a(video.o)
                0x80127d9c                TVEurgb60Hz480Prog
 .data.TVEurgb60Hz480IntDf
                0x80127dd8       0x3c C:/devkitPro/libogc/lib/cube\libogc.a(video.o)
                0x80127dd8                TVEurgb60Hz480IntDf
 .data.TVPal576ProgScale
                0x80127e14       0x3c C:/devkitPro/libogc/lib/cube\libogc.a(video.o)
                0x80127e14                TVPal576ProgScale
 .data.TVPal576IntDfScale
                0x80127e50       0x3c C:/devkitPro/libogc/lib/cube\libogc.a(video.o)
                0x80127e50                TVPal576IntDfScale
 .data.TVMpal480Prog
                0x80127e8c       0x3c C:/devkitPro/libogc/lib/cube\libogc.a(video.o)
                0x80127e8c                TVMpal480Prog
 .data.TVMpal480IntDf
                0x80127ec8       0x3c C:/devkitPro/libogc/lib/cube\libogc.a(video.o)
                0x80127ec8                TVMpal480IntDf
 .data.TVNtsc480Prog
                0x80127f04       0x3c C:/devkitPro/libogc/lib/cube\libogc.a(video.o)
                0x80127f04                TVNtsc480Prog
 .data.TVNtsc480IntDf
                0x80127f40       0x3c C:/devkitPro/libogc/lib/cube\libogc.a(video.o)
                0x80127f40                TVNtsc480IntDf
 .data.pad_resetinfo
                0x80127f7c       0x10 C:/devkitPro/libogc/lib/cube\libogc.a(pad.o)
 .data.mem_resetinfo
                0x80127f8c       0x10 C:/devkitPro/libogc/lib/cube\libogc.a(system.o)
 .data.__gx_resetinfo
                0x80127f9c       0x10 C:/devkitPro/libogc/lib/cube\libogc.a(gx.o)
 .data.si_type  0x80127fac       0x10 C:/devkitPro/libogc/lib/cube\libogc.a(si.o)
 .data.xy       0x80127fbc       0x60 C:/devkitPro/libogc/lib/cube\libogc.a(si.o)
 .data.sicntrl  0x8012801c       0x14 C:/devkitPro/libogc/lib/cube\libogc.a(si.o)
 .data.console_font_8x16
                0x80128030     0x1000 C:/devkitPro/libogc/lib/cube\libogc.a(console_font_8x16.o)
                0x80128030                console_font_8x16
 .data.devoptab_list
                0x80129030       0x8c C:/devkitPro/devkitPPC/bin/../lib/gcc/powerpc-eabi/13.2.0/../../../../powerpc-eabi/lib\libsysbase.a(libsysbase_libsysbase_a-iosupport.o)
                0x80129030                devoptab_list
 .data.__malloc_av_
                0x801290bc      0x408 C:/devkitPro/devkitPPC/bin/../lib/gcc/powerpc-eabi/13.2.0/../../../../powerpc-eabi/lib\libc.a(libc_a-mallocr.o)
                0x801290bc                __malloc_av_
 .data.__sglue  0x801294c4        0xc C:/devkitPro/devkitPPC/bin/../lib/gcc/powerpc-eabi/13.2.0/../../../../powerpc-eabi/lib\libc.a(libc_a-findfp.o)
                0x801294c4                __sglue
 .data._impure_data
                0x801294d0      0x120 C:/devkitPro/devkitPPC/bin/../lib/gcc/powerpc-eabi/13.2.0/../../../../powerpc-eabi/lib\libc.a(libc_a-impure.o)
                0x801294d0                _impure_data
 .data.handles  0x801295f0     0x1000 C:/devkitPro/devkitPPC/bin/../lib/gcc/powerpc-eabi/13.2.0/../../../../powerpc-eabi/lib\libsysbase.a(libsysbase_libsysbase_a-handle_manager.o)
 .data.__stderr_handle
                0x8012a5f0        0xc C:/devkitPro/devkitPPC/bin/../lib/gcc/powerpc-eabi/13.2.0/../../../../powerpc-eabi/lib\libsysbase.a(libsysbase_libsysbase_a-handle_manager.o)
 .data.__stdout_handle
                0x8012a5fc        0xc C:/devkitPro/devkitPPC/bin/../lib/gcc/powerpc-eabi/13.2.0/../../../../powerpc-eabi/lib\libsysbase.a(libsysbase_libsysbase_a-handle_manager.o)
 .data.__stdin_handle
                0x8012a608        0xc C:/devkitPro/devkitPPC/bin/../lib/gcc/powerpc-eabi/13.2.0/../../../../powerpc-eabi/lib\libsysbase.a(libsysbase_libsysbase_a-handle_manager.o)
 *(.gnu.linkonce.d.*)
                0x8012a620                        . = ALIGN (0x20)
 *fill*         0x8012a614        0xc 

.branch_lt      0x8012a620        0x0
 .branch_lt     0x8012a620        0x0 C:/devkitPro/devkitPPC/bin/../lib/gcc/powerpc-eabi/13.2.0/crtbegin.o

.data1
 *(.data1)

.tdata
 *(.tdata .tdata.* .gnu.linkonce.td.*)

.tbss
 *(.tbss .tbss.* .gnu.linkonce.tb.*)
 *(.tcommon)

.eh_frame       0x8012a620     0x4148
 *(.eh_frame)
 .eh_frame      0x8012a620        0x0 C:/devkitPro/devkitPPC/bin/../lib/gcc/powerpc-eabi/13.2.0/ecrti.o
                0x8012a620                __EH_FRAME_BEGIN__
 .eh_frame      0x8012a620        0x0 C:/devkitPro/devkitPPC/bin/../lib/gcc/powerpc-eabi/13.2.0/crtbegin.o
 .eh_frame      0x8012a620        0x0 C:/devkitPro/devkitPPC/bin/../lib/gcc/powerpc-eabi/13.2.0/crtbegin.o
 .eh_frame      0x8012a620       0x34 C:/devkitPro/devkitPPC/bin/../lib/gcc/powerpc-eabi/13.2.0/../../../../powerpc-eabi/lib/crtmain.o
 .eh_frame      0x8012a654      0x184 texture_cube.o
                                0x45c (size before relaxing)
 .eh_frame      0x8012a7d8      0x218 C:/devkitPro/libogc/lib/cube\libogc.a(video.o)
                                0x2f4 (size before relaxing)
 .eh_frame      0x8012a9f0      0x348 C:/devkitPro/libogc/lib/cube\libogc.a(pad.o)
                                0x4d0 (size before relaxing)
 .eh_frame      0x8012ad38      0x57c C:/devkitPro/libogc/lib/cube\libogc.a(system.o)
                                0xad4 (size before relaxing)
 .eh_frame      0x8012b2b4       0x14 C:/devkitPro/libogc/lib/cube\libogc.a(cond.o)
                                0x1ec (size before relaxing)
 .eh_frame      0x8012b2c8      0x684 C:/devkitPro/libogc/lib/cube\libogc.a(gx.o)
                               0x1608 (size before relaxing)
 .eh_frame      0x8012b94c       0x88 C:/devkitPro/libogc/lib/cube\libogc.a(gu.o)
                                0x594 (size before relaxing)
 .eh_frame      0x8012b9d4       0x28 C:/devkitPro/libogc/lib/cube\libogc.a(decrementer.o)
                                 0x3c (size before relaxing)
 .eh_frame      0x8012b9fc       0x14 C:/devkitPro/libogc/lib/cube\libogc.a(message.o)
                                0x178 (size before relaxing)
 .eh_frame      0x8012ba10      0x464 C:/devkitPro/libogc/lib/cube\libogc.a(si.o)
                                0x53c (size before relaxing)
 .eh_frame      0x8012be74       0xa4 C:/devkitPro/libogc/lib/cube\libogc.a(tpl.o)
                                0x264 (size before relaxing)
 .eh_frame      0x8012bf18       0xa4 C:/devkitPro/libogc/lib/cube\libogc.a(timesupp.o)
                                0x1ec (size before relaxing)
 .eh_frame      0x8012bfbc       0xd0 C:/devkitPro/libogc/lib/cube\libogc.a(lock_supp.o)
                                 0xe4 (size before relaxing)
 .eh_frame      0x8012c08c       0x3c C:/devkitPro/libogc/lib/cube\libogc.a(sbrk.o)
                                 0x50 (size before relaxing)
 .eh_frame      0x8012c0c8       0x74 C:/devkitPro/libogc/lib/cube\libogc.a(malloc_lock.o)
                                 0x88 (size before relaxing)
 .eh_frame      0x8012c13c       0x20 C:/devkitPro/libogc/lib/cube\libogc.a(argv.o)
                                 0x34 (size before relaxing)
 .eh_frame      0x8012c15c       0x14 C:/devkitPro/libogc/lib/cube\libogc.a(lwp_priority.o)
                                 0x28 (size before relaxing)
 .eh_frame      0x8012c170      0x268 C:/devkitPro/libogc/lib/cube\libogc.a(lwp_threadq.o)
                                0x2cc (size before relaxing)
 .eh_frame      0x8012c3d8      0x2d4 C:/devkitPro/libogc/lib/cube\libogc.a(lwp_threads.o)
                                0x394 (size before relaxing)
 .eh_frame      0x8012c6ac        0x0 C:/devkitPro/libogc/lib/cube\libogc.a(lwp_messages.o)
                                0x270 (size before relaxing)
 .eh_frame      0x8012c6ac      0x178 C:/devkitPro/libogc/lib/cube\libogc.a(lwp.o)
                                0x418 (size before relaxing)
 .eh_frame      0x8012c824       0x3c C:/devkitPro/libogc/lib/cube\libogc.a(lwp_stack.o)
                                 0x50 (size before relaxing)
 .eh_frame      0x8012c860       0x9c C:/devkitPro/libogc/lib/cube\libogc.a(lwp_mutex.o)
                                 0xb0 (size before relaxing)
 .eh_frame      0x8012c8fc      0x124 C:/devkitPro/libogc/lib/cube\libogc.a(lwp_watchdog.o)
                                0x1a0 (size before relaxing)
 .eh_frame      0x8012ca20       0x30 C:/devkitPro/libogc/lib/cube\libogc.a(lwp_wkspace.o)
                                 0xa8 (size before relaxing)
 .eh_frame      0x8012ca50       0xb8 C:/devkitPro/libogc/lib/cube\libogc.a(lwp_objmgr.o)
                                 0xe0 (size before relaxing)
 .eh_frame      0x8012cb08       0x3c C:/devkitPro/libogc/lib/cube\libogc.a(lwp_heap.o)